ARM GAS  C:\Users\pfautley\AppData\Local\Temp\ccElcFMl.s 			page 1


   1              		.syntax unified
   2              		.cpu cortex-m3
   3              		.fpu softvfp
   4              		.eabi_attribute 20, 1
   5              		.eabi_attribute 21, 1
   6              		.eabi_attribute 23, 3
   7              		.eabi_attribute 24, 1
   8              		.eabi_attribute 25, 1
   9              		.eabi_attribute 26, 1
  10              		.eabi_attribute 30, 6
  11              		.eabi_attribute 34, 1
  12              		.eabi_attribute 18, 4
  13              		.thumb
  14              		.file	"emFile_ConfigMMC_SPI.c"
  15              		.text
  16              	.Ltext0:
  17              		.cfi_sections	.debug_frame
  18              		.bss
  19              		.align	2
  20              	_aMemBlock:
  21 0000 00000000 		.space	4096
  21      00000000 
  21      00000000 
  21      00000000 
  21      00000000 
  22              		.section	.text.FS_X_AddDevices,"ax",%progbits
  23              		.align	2
  24              		.global	FS_X_AddDevices
  25              		.thumb
  26              		.thumb_func
  27              		.type	FS_X_AddDevices, %function
  28              	FS_X_AddDevices:
  29              	.LFB0:
  30              		.file 1 ".\\Generated_Source\\PSoC5\\emFile_ConfigMMC_SPI.c"
   1:.\Generated_Source\PSoC5/emFile_ConfigMMC_SPI.c **** /*******************************************************************************
   2:.\Generated_Source\PSoC5/emFile_ConfigMMC_SPI.c **** * File Name: emFile_MMC_HW_SPI.c
   3:.\Generated_Source\PSoC5/emFile_ConfigMMC_SPI.c **** * Version 1.20
   4:.\Generated_Source\PSoC5/emFile_ConfigMMC_SPI.c **** *
   5:.\Generated_Source\PSoC5/emFile_ConfigMMC_SPI.c **** * Description:
   6:.\Generated_Source\PSoC5/emFile_ConfigMMC_SPI.c **** *  Contains a set of File System APIs that implement SPI mode driver operation.
   7:.\Generated_Source\PSoC5/emFile_ConfigMMC_SPI.c **** *
   8:.\Generated_Source\PSoC5/emFile_ConfigMMC_SPI.c **** * Note:
   9:.\Generated_Source\PSoC5/emFile_ConfigMMC_SPI.c **** *
  10:.\Generated_Source\PSoC5/emFile_ConfigMMC_SPI.c **** ********************************************************************************
  11:.\Generated_Source\PSoC5/emFile_ConfigMMC_SPI.c **** * Copyright 2011-2012, Cypress Semiconductor Corporation.  All rights reserved.
  12:.\Generated_Source\PSoC5/emFile_ConfigMMC_SPI.c **** * You may use this file only in accordance with the license, terms, conditions,
  13:.\Generated_Source\PSoC5/emFile_ConfigMMC_SPI.c **** * disclaimers, and limitations in the end user license agreement accompanying
  14:.\Generated_Source\PSoC5/emFile_ConfigMMC_SPI.c **** * the software package with which this file was provided.
  15:.\Generated_Source\PSoC5/emFile_ConfigMMC_SPI.c **** *******************************************************************************/
  16:.\Generated_Source\PSoC5/emFile_ConfigMMC_SPI.c **** 
  17:.\Generated_Source\PSoC5/emFile_ConfigMMC_SPI.c **** 
  18:.\Generated_Source\PSoC5/emFile_ConfigMMC_SPI.c **** /*********************************************************************
  19:.\Generated_Source\PSoC5/emFile_ConfigMMC_SPI.c **** *                SEGGER MICROCONTROLLER GmbH & Co. KG                *
  20:.\Generated_Source\PSoC5/emFile_ConfigMMC_SPI.c **** *        Solutions for real time microcontroller applications        *
  21:.\Generated_Source\PSoC5/emFile_ConfigMMC_SPI.c **** **********************************************************************
  22:.\Generated_Source\PSoC5/emFile_ConfigMMC_SPI.c **** *                                                                    *
  23:.\Generated_Source\PSoC5/emFile_ConfigMMC_SPI.c **** *        (c) 2003-2010     SEGGER Microcontroller GmbH & Co KG       *
ARM GAS  C:\Users\pfautley\AppData\Local\Temp\ccElcFMl.s 			page 2


  24:.\Generated_Source\PSoC5/emFile_ConfigMMC_SPI.c **** *                                                                    *
  25:.\Generated_Source\PSoC5/emFile_ConfigMMC_SPI.c **** *        Internet: www.segger.com    Support:  support@segger.com    *
  26:.\Generated_Source\PSoC5/emFile_ConfigMMC_SPI.c **** *                                                                    *
  27:.\Generated_Source\PSoC5/emFile_ConfigMMC_SPI.c **** **********************************************************************
  28:.\Generated_Source\PSoC5/emFile_ConfigMMC_SPI.c **** 
  29:.\Generated_Source\PSoC5/emFile_ConfigMMC_SPI.c **** **** emFile file system for embedded applications ****
  30:.\Generated_Source\PSoC5/emFile_ConfigMMC_SPI.c **** emFile is protected by international copyright laws. Knowledge of the
  31:.\Generated_Source\PSoC5/emFile_ConfigMMC_SPI.c **** source code may not be used to write a similar product. This file may
  32:.\Generated_Source\PSoC5/emFile_ConfigMMC_SPI.c **** only be used in accordance with a license and should not be re-
  33:.\Generated_Source\PSoC5/emFile_ConfigMMC_SPI.c **** distributed in any way. We appreciate your understanding and fairness.
  34:.\Generated_Source\PSoC5/emFile_ConfigMMC_SPI.c **** ----------------------------------------------------------------------
  35:.\Generated_Source\PSoC5/emFile_ConfigMMC_SPI.c **** ----------------------------------------------------------------------
  36:.\Generated_Source\PSoC5/emFile_ConfigMMC_SPI.c **** File        : ConfigMMC_SPI.c
  37:.\Generated_Source\PSoC5/emFile_ConfigMMC_SPI.c **** Purpose     : Configuration file for FS with MMC SPI mode driver
  38:.\Generated_Source\PSoC5/emFile_ConfigMMC_SPI.c **** ---------------------------END-OF-HEADER------------------------------
  39:.\Generated_Source\PSoC5/emFile_ConfigMMC_SPI.c **** */
  40:.\Generated_Source\PSoC5/emFile_ConfigMMC_SPI.c **** 
  41:.\Generated_Source\PSoC5/emFile_ConfigMMC_SPI.c **** #include "FS.h"
  42:.\Generated_Source\PSoC5/emFile_ConfigMMC_SPI.c **** #include "emFile.h"
  43:.\Generated_Source\PSoC5/emFile_ConfigMMC_SPI.c **** 
  44:.\Generated_Source\PSoC5/emFile_ConfigMMC_SPI.c **** /*********************************************************************
  45:.\Generated_Source\PSoC5/emFile_ConfigMMC_SPI.c **** *
  46:.\Generated_Source\PSoC5/emFile_ConfigMMC_SPI.c **** *       Defines, configurable
  47:.\Generated_Source\PSoC5/emFile_ConfigMMC_SPI.c **** *
  48:.\Generated_Source\PSoC5/emFile_ConfigMMC_SPI.c **** *       This section is the only section which requires changes
  49:.\Generated_Source\PSoC5/emFile_ConfigMMC_SPI.c **** *       using the MMC/SD card mode disk driver as a single device.
  50:.\Generated_Source\PSoC5/emFile_ConfigMMC_SPI.c **** *
  51:.\Generated_Source\PSoC5/emFile_ConfigMMC_SPI.c **** **********************************************************************
  52:.\Generated_Source\PSoC5/emFile_ConfigMMC_SPI.c **** */
  53:.\Generated_Source\PSoC5/emFile_ConfigMMC_SPI.c **** #define ALLOC_SIZE                 (0x1000)      /* Size defined in bytes */
  54:.\Generated_Source\PSoC5/emFile_ConfigMMC_SPI.c **** 
  55:.\Generated_Source\PSoC5/emFile_ConfigMMC_SPI.c **** /*********************************************************************
  56:.\Generated_Source\PSoC5/emFile_ConfigMMC_SPI.c **** *
  57:.\Generated_Source\PSoC5/emFile_ConfigMMC_SPI.c **** *       Static data
  58:.\Generated_Source\PSoC5/emFile_ConfigMMC_SPI.c **** *
  59:.\Generated_Source\PSoC5/emFile_ConfigMMC_SPI.c **** **********************************************************************
  60:.\Generated_Source\PSoC5/emFile_ConfigMMC_SPI.c **** */
  61:.\Generated_Source\PSoC5/emFile_ConfigMMC_SPI.c **** static U32   _aMemBlock[ALLOC_SIZE / 4u];      /* Memory pool used for semi-dynamic allocation. */
  62:.\Generated_Source\PSoC5/emFile_ConfigMMC_SPI.c **** 
  63:.\Generated_Source\PSoC5/emFile_ConfigMMC_SPI.c **** /*********************************************************************
  64:.\Generated_Source\PSoC5/emFile_ConfigMMC_SPI.c **** *
  65:.\Generated_Source\PSoC5/emFile_ConfigMMC_SPI.c **** *       Public code
  66:.\Generated_Source\PSoC5/emFile_ConfigMMC_SPI.c **** *
  67:.\Generated_Source\PSoC5/emFile_ConfigMMC_SPI.c **** *       This section does not require modifications in most systems.
  68:.\Generated_Source\PSoC5/emFile_ConfigMMC_SPI.c **** *
  69:.\Generated_Source\PSoC5/emFile_ConfigMMC_SPI.c **** **********************************************************************
  70:.\Generated_Source\PSoC5/emFile_ConfigMMC_SPI.c **** */
  71:.\Generated_Source\PSoC5/emFile_ConfigMMC_SPI.c **** 
  72:.\Generated_Source\PSoC5/emFile_ConfigMMC_SPI.c **** /*********************************************************************
  73:.\Generated_Source\PSoC5/emFile_ConfigMMC_SPI.c **** *
  74:.\Generated_Source\PSoC5/emFile_ConfigMMC_SPI.c **** *       FS_X_AddDevices
  75:.\Generated_Source\PSoC5/emFile_ConfigMMC_SPI.c **** *
  76:.\Generated_Source\PSoC5/emFile_ConfigMMC_SPI.c **** *  Function description
  77:.\Generated_Source\PSoC5/emFile_ConfigMMC_SPI.c **** *    This function is called by the FS during FS_Init().
  78:.\Generated_Source\PSoC5/emFile_ConfigMMC_SPI.c **** *    It is supposed to add all devices, using primarily FS_AddDevice().
  79:.\Generated_Source\PSoC5/emFile_ConfigMMC_SPI.c **** *
  80:.\Generated_Source\PSoC5/emFile_ConfigMMC_SPI.c **** *  Note
ARM GAS  C:\Users\pfautley\AppData\Local\Temp\ccElcFMl.s 			page 3


  81:.\Generated_Source\PSoC5/emFile_ConfigMMC_SPI.c **** *    (1) Other API functions
  82:.\Generated_Source\PSoC5/emFile_ConfigMMC_SPI.c **** *        Other API functions may NOT be called, since this function is called
  83:.\Generated_Source\PSoC5/emFile_ConfigMMC_SPI.c **** *        during initialization. The devices are not yet ready at this point.
  84:.\Generated_Source\PSoC5/emFile_ConfigMMC_SPI.c **** */
  85:.\Generated_Source\PSoC5/emFile_ConfigMMC_SPI.c **** void FS_X_AddDevices(void)
  86:.\Generated_Source\PSoC5/emFile_ConfigMMC_SPI.c **** {
  31              		.loc 1 86 0
  32              		.cfi_startproc
  33              		@ args = 0, pretend = 0, frame = 0
  34              		@ frame_needed = 1, uses_anonymous_args = 0
  35 0000 80B5     		push	{r7, lr}
  36              		.cfi_def_cfa_offset 8
  37              		.cfi_offset 7, -8
  38              		.cfi_offset 14, -4
  39 0002 00AF     		add	r7, sp, #0
  40              		.cfi_def_cfa_register 7
  87:.\Generated_Source\PSoC5/emFile_ConfigMMC_SPI.c ****     #if(CY_PSOC5)
  88:.\Generated_Source\PSoC5/emFile_ConfigMMC_SPI.c ****         FS_AssignMemory(&_aMemBlock[0u], sizeof(_aMemBlock));
  41              		.loc 1 88 0
  42 0004 0448     		ldr	r0, .L2
  43 0006 4FF48051 		mov	r1, #4096
  44 000a FFF7FEFF 		bl	FS_AssignMemory
  89:.\Generated_Source\PSoC5/emFile_ConfigMMC_SPI.c ****     #else
  90:.\Generated_Source\PSoC5/emFile_ConfigMMC_SPI.c ****         FS_AssignMemory(&_aMemBlock[1u], sizeof(_aMemBlock));
  91:.\Generated_Source\PSoC5/emFile_ConfigMMC_SPI.c ****     #endif/* (CY_PSOC5) */
  92:.\Generated_Source\PSoC5/emFile_ConfigMMC_SPI.c **** 
  93:.\Generated_Source\PSoC5/emFile_ConfigMMC_SPI.c ****     #if (emFile_NUMBER_SD_CARDS == 4u)
  94:.\Generated_Source\PSoC5/emFile_ConfigMMC_SPI.c ****         FS_AddDevice(&FS_MMC_SPI_Driver);
  95:.\Generated_Source\PSoC5/emFile_ConfigMMC_SPI.c ****         FS_AddDevice(&FS_MMC_SPI_Driver);
  96:.\Generated_Source\PSoC5/emFile_ConfigMMC_SPI.c ****         FS_AddDevice(&FS_MMC_SPI_Driver);
  97:.\Generated_Source\PSoC5/emFile_ConfigMMC_SPI.c ****         FS_AddDevice(&FS_MMC_SPI_Driver);
  98:.\Generated_Source\PSoC5/emFile_ConfigMMC_SPI.c ****     #elif (emFile_NUMBER_SD_CARDS == 3u)
  99:.\Generated_Source\PSoC5/emFile_ConfigMMC_SPI.c ****         FS_AddDevice(&FS_MMC_SPI_Driver);
 100:.\Generated_Source\PSoC5/emFile_ConfigMMC_SPI.c ****         FS_AddDevice(&FS_MMC_SPI_Driver);
 101:.\Generated_Source\PSoC5/emFile_ConfigMMC_SPI.c ****         FS_AddDevice(&FS_MMC_SPI_Driver);
 102:.\Generated_Source\PSoC5/emFile_ConfigMMC_SPI.c ****     #elif (emFile_NUMBER_SD_CARDS == 2u)
 103:.\Generated_Source\PSoC5/emFile_ConfigMMC_SPI.c ****         FS_AddDevice(&FS_MMC_SPI_Driver);
 104:.\Generated_Source\PSoC5/emFile_ConfigMMC_SPI.c ****         FS_AddDevice(&FS_MMC_SPI_Driver);
 105:.\Generated_Source\PSoC5/emFile_ConfigMMC_SPI.c ****     #else
 106:.\Generated_Source\PSoC5/emFile_ConfigMMC_SPI.c ****         FS_AddDevice(&FS_MMC_SPI_Driver);
  45              		.loc 1 106 0
  46 000e 0348     		ldr	r0, .L2+4
  47 0010 FFF7FEFF 		bl	FS_AddDevice
 107:.\Generated_Source\PSoC5/emFile_ConfigMMC_SPI.c ****     #endif /* (emFile_NUMBER_SD_CARDS == 4u) */
 108:.\Generated_Source\PSoC5/emFile_ConfigMMC_SPI.c **** }
  48              		.loc 1 108 0
  49 0014 80BD     		pop	{r7, pc}
  50              	.L3:
  51 0016 00BF     		.align	2
  52              	.L2:
  53 0018 00000000 		.word	_aMemBlock
  54 001c 00000000 		.word	FS_MMC_SPI_Driver
  55              		.cfi_endproc
  56              	.LFE0:
  57              		.size	FS_X_AddDevices, .-FS_X_AddDevices
  58              		.section	.text.FS_X_GetTimeDate,"ax",%progbits
  59              		.align	2
ARM GAS  C:\Users\pfautley\AppData\Local\Temp\ccElcFMl.s 			page 4


  60              		.global	FS_X_GetTimeDate
  61              		.thumb
  62              		.thumb_func
  63              		.type	FS_X_GetTimeDate, %function
  64              	FS_X_GetTimeDate:
  65              	.LFB1:
 109:.\Generated_Source\PSoC5/emFile_ConfigMMC_SPI.c **** 
 110:.\Generated_Source\PSoC5/emFile_ConfigMMC_SPI.c **** /*********************************************************************
 111:.\Generated_Source\PSoC5/emFile_ConfigMMC_SPI.c **** *
 112:.\Generated_Source\PSoC5/emFile_ConfigMMC_SPI.c **** *       FS_X_GetTimeDate
 113:.\Generated_Source\PSoC5/emFile_ConfigMMC_SPI.c **** *
 114:.\Generated_Source\PSoC5/emFile_ConfigMMC_SPI.c **** *  Description:
 115:.\Generated_Source\PSoC5/emFile_ConfigMMC_SPI.c **** *    Current time and date in a format suitable for the file system.
 116:.\Generated_Source\PSoC5/emFile_ConfigMMC_SPI.c **** *
 117:.\Generated_Source\PSoC5/emFile_ConfigMMC_SPI.c **** *    Bit 0-4:   2-second count (0-29)
 118:.\Generated_Source\PSoC5/emFile_ConfigMMC_SPI.c **** *    Bit 5-10:  Minutes (0-59)
 119:.\Generated_Source\PSoC5/emFile_ConfigMMC_SPI.c **** *    Bit 11-15: Hours (0-23)
 120:.\Generated_Source\PSoC5/emFile_ConfigMMC_SPI.c **** *    Bit 16-20: Day of month (1-31)
 121:.\Generated_Source\PSoC5/emFile_ConfigMMC_SPI.c **** *    Bit 21-24: Month of year (1-12)
 122:.\Generated_Source\PSoC5/emFile_ConfigMMC_SPI.c **** *    Bit 25-31: Count of years from 1980 (0-127)
 123:.\Generated_Source\PSoC5/emFile_ConfigMMC_SPI.c **** *
 124:.\Generated_Source\PSoC5/emFile_ConfigMMC_SPI.c **** */
 125:.\Generated_Source\PSoC5/emFile_ConfigMMC_SPI.c **** U32 FS_X_GetTimeDate(void)
 126:.\Generated_Source\PSoC5/emFile_ConfigMMC_SPI.c **** {
  66              		.loc 1 126 0
  67              		.cfi_startproc
  68              		@ args = 0, pretend = 0, frame = 16
  69              		@ frame_needed = 1, uses_anonymous_args = 0
  70              		@ link register save eliminated.
  71 0000 80B4     		push	{r7}
  72              		.cfi_def_cfa_offset 4
  73              		.cfi_offset 7, -4
  74 0002 85B0     		sub	sp, sp, #20
  75              		.cfi_def_cfa_offset 24
  76 0004 00AF     		add	r7, sp, #0
  77              		.cfi_def_cfa_register 7
 127:.\Generated_Source\PSoC5/emFile_ConfigMMC_SPI.c ****   U32 r;
 128:.\Generated_Source\PSoC5/emFile_ConfigMMC_SPI.c ****   U16 Sec, Min, Hour;
 129:.\Generated_Source\PSoC5/emFile_ConfigMMC_SPI.c ****   U16 Day, Month, Year;
 130:.\Generated_Source\PSoC5/emFile_ConfigMMC_SPI.c **** 
 131:.\Generated_Source\PSoC5/emFile_ConfigMMC_SPI.c ****   Sec   = 0;        /* 0 based.  Valid range: 0..59 */
  78              		.loc 1 131 0
  79 0006 0023     		movs	r3, #0
  80 0008 FB81     		strh	r3, [r7, #14]	@ movhi
 132:.\Generated_Source\PSoC5/emFile_ConfigMMC_SPI.c ****   Min   = 0;        /* 0 based.  Valid range: 0..59 */
  81              		.loc 1 132 0
  82 000a 0023     		movs	r3, #0
  83 000c BB81     		strh	r3, [r7, #12]	@ movhi
 133:.\Generated_Source\PSoC5/emFile_ConfigMMC_SPI.c ****   Hour  = 0;        /* 0 based.  Valid range: 0..23 */
  84              		.loc 1 133 0
  85 000e 0023     		movs	r3, #0
  86 0010 7B81     		strh	r3, [r7, #10]	@ movhi
 134:.\Generated_Source\PSoC5/emFile_ConfigMMC_SPI.c ****   Day   = 1;        /* 1 based.    Means that 1 is 1. Valid range is 1..31 (depending on month) */
  87              		.loc 1 134 0
  88 0012 0123     		movs	r3, #1
  89 0014 3B81     		strh	r3, [r7, #8]	@ movhi
 135:.\Generated_Source\PSoC5/emFile_ConfigMMC_SPI.c ****   Month = 1;        /* 1 based.    Means that January is 1. Valid range is 1..12. */
ARM GAS  C:\Users\pfautley\AppData\Local\Temp\ccElcFMl.s 			page 5


  90              		.loc 1 135 0
  91 0016 0123     		movs	r3, #1
  92 0018 FB80     		strh	r3, [r7, #6]	@ movhi
 136:.\Generated_Source\PSoC5/emFile_ConfigMMC_SPI.c ****   Year  = 0;        /* 1980 based. Means that 2007 would be 27. */
  93              		.loc 1 136 0
  94 001a 0023     		movs	r3, #0
  95 001c BB80     		strh	r3, [r7, #4]	@ movhi
 137:.\Generated_Source\PSoC5/emFile_ConfigMMC_SPI.c ****   r   = Sec / 2 + (Min << 5) + (Hour  << 11);
  96              		.loc 1 137 0
  97 001e FB89     		ldrh	r3, [r7, #14]
  98 0020 5B08     		lsrs	r3, r3, #1
  99 0022 9BB2     		uxth	r3, r3
 100 0024 1A46     		mov	r2, r3
 101 0026 BB89     		ldrh	r3, [r7, #12]
 102 0028 5B01     		lsls	r3, r3, #5
 103 002a 1A44     		add	r2, r2, r3
 104 002c 7B89     		ldrh	r3, [r7, #10]
 105 002e DB02     		lsls	r3, r3, #11
 106 0030 1344     		add	r3, r3, r2
 107 0032 3B60     		str	r3, [r7]
 138:.\Generated_Source\PSoC5/emFile_ConfigMMC_SPI.c ****   r  |= (U32)(Day + (Month << 5) + (Year  << 9)) << 16;
 108              		.loc 1 138 0
 109 0034 3A89     		ldrh	r2, [r7, #8]
 110 0036 FB88     		ldrh	r3, [r7, #6]
 111 0038 5B01     		lsls	r3, r3, #5
 112 003a 1A44     		add	r2, r2, r3
 113 003c BB88     		ldrh	r3, [r7, #4]
 114 003e 5B02     		lsls	r3, r3, #9
 115 0040 1344     		add	r3, r3, r2
 116 0042 1B04     		lsls	r3, r3, #16
 117 0044 3A68     		ldr	r2, [r7]
 118 0046 1343     		orrs	r3, r3, r2
 119 0048 3B60     		str	r3, [r7]
 139:.\Generated_Source\PSoC5/emFile_ConfigMMC_SPI.c ****   return r;
 120              		.loc 1 139 0
 121 004a 3B68     		ldr	r3, [r7]
 140:.\Generated_Source\PSoC5/emFile_ConfigMMC_SPI.c **** }
 122              		.loc 1 140 0
 123 004c 1846     		mov	r0, r3
 124 004e 1437     		adds	r7, r7, #20
 125 0050 BD46     		mov	sp, r7
 126              		@ sp needed
 127 0052 5DF8047B 		ldr	r7, [sp], #4
 128 0056 7047     		bx	lr
 129              		.cfi_endproc
 130              	.LFE1:
 131              		.size	FS_X_GetTimeDate, .-FS_X_GetTimeDate
 132              		.text
 133              	.Letext0:
 134              		.file 2 "..\\emFile_V322c\\Code\\Include\\PSoC5/FS.h"
 135              		.file 3 "..\\emFile_V322c\\Code\\Include\\PSoC5/FS_Types.h"
 136              		.section	.debug_info,"",%progbits
 137              	.Ldebug_info0:
 138 0000 7D020000 		.4byte	0x27d
 139 0004 0400     		.2byte	0x4
 140 0006 00000000 		.4byte	.Ldebug_abbrev0
 141 000a 04       		.byte	0x4
ARM GAS  C:\Users\pfautley\AppData\Local\Temp\ccElcFMl.s 			page 6


 142 000b 01       		.uleb128 0x1
 143 000c 4D010000 		.4byte	.LASF25
 144 0010 01       		.byte	0x1
 145 0011 CE000000 		.4byte	.LASF26
 146 0015 00000000 		.4byte	.LASF27
 147 0019 00000000 		.4byte	.Ldebug_ranges0+0
 148 001d 00000000 		.4byte	0
 149 0021 00000000 		.4byte	.Ldebug_line0
 150 0025 02       		.uleb128 0x2
 151 0026 61000000 		.4byte	.LASF28
 152 002a 03       		.byte	0x3
 153 002b 81       		.byte	0x81
 154 002c 30000000 		.4byte	0x30
 155 0030 03       		.uleb128 0x3
 156 0031 61000000 		.4byte	.LASF28
 157 0035 20       		.byte	0x20
 158 0036 02       		.byte	0x2
 159 0037 2B02     		.2byte	0x22b
 160 0039 A6000000 		.4byte	0xa6
 161 003d 04       		.uleb128 0x4
 162 003e 0B020000 		.4byte	.LASF0
 163 0042 02       		.byte	0x2
 164 0043 2C02     		.2byte	0x22c
 165 0045 FA000000 		.4byte	0xfa
 166 0049 00       		.byte	0
 167 004a 04       		.uleb128 0x4
 168 004b 1D010000 		.4byte	.LASF1
 169 004f 02       		.byte	0x2
 170 0050 2D02     		.2byte	0x22d
 171 0052 05010000 		.4byte	0x105
 172 0056 04       		.byte	0x4
 173 0057 04       		.uleb128 0x4
 174 0058 F5010000 		.4byte	.LASF2
 175 005c 02       		.byte	0x2
 176 005d 2E02     		.2byte	0x22e
 177 005f 29010000 		.4byte	0x129
 178 0063 08       		.byte	0x8
 179 0064 04       		.uleb128 0x4
 180 0065 59000000 		.4byte	.LASF3
 181 0069 02       		.byte	0x2
 182 006a 2F02     		.2byte	0x22f
 183 006c 59010000 		.4byte	0x159
 184 0070 0C       		.byte	0xc
 185 0071 04       		.uleb128 0x4
 186 0072 3B020000 		.4byte	.LASF4
 187 0076 02       		.byte	0x2
 188 0077 3002     		.2byte	0x230
 189 0079 84010000 		.4byte	0x184
 190 007d 10       		.byte	0x10
 191 007e 04       		.uleb128 0x4
 192 007f 04010000 		.4byte	.LASF5
 193 0083 02       		.byte	0x2
 194 0084 3102     		.2byte	0x231
 195 0086 99010000 		.4byte	0x199
 196 008a 14       		.byte	0x14
 197 008b 04       		.uleb128 0x4
 198 008c 8E000000 		.4byte	.LASF6
ARM GAS  C:\Users\pfautley\AppData\Local\Temp\ccElcFMl.s 			page 7


 199 0090 02       		.byte	0x2
 200 0091 3202     		.2byte	0x232
 201 0093 99010000 		.4byte	0x199
 202 0097 18       		.byte	0x18
 203 0098 04       		.uleb128 0x4
 204 0099 A0000000 		.4byte	.LASF7
 205 009d 02       		.byte	0x2
 206 009e 3302     		.2byte	0x233
 207 00a0 05010000 		.4byte	0x105
 208 00a4 1C       		.byte	0x1c
 209 00a5 00       		.byte	0
 210 00a6 05       		.uleb128 0x5
 211 00a7 02       		.byte	0x2
 212 00a8 07       		.byte	0x7
 213 00a9 70000000 		.4byte	.LASF8
 214 00ad 05       		.uleb128 0x5
 215 00ae 04       		.byte	0x4
 216 00af 07       		.byte	0x7
 217 00b0 BC000000 		.4byte	.LASF9
 218 00b4 05       		.uleb128 0x5
 219 00b5 04       		.byte	0x4
 220 00b6 07       		.byte	0x7
 221 00b7 29010000 		.4byte	.LASF10
 222 00bb 06       		.uleb128 0x6
 223 00bc 04       		.byte	0x4
 224 00bd 05       		.byte	0x5
 225 00be 696E7400 		.ascii	"int\000"
 226 00c2 05       		.uleb128 0x5
 227 00c3 01       		.byte	0x1
 228 00c4 08       		.byte	0x8
 229 00c5 AE000000 		.4byte	.LASF11
 230 00c9 07       		.uleb128 0x7
 231 00ca 04       		.byte	0x4
 232 00cb 05       		.uleb128 0x5
 233 00cc 04       		.byte	0x4
 234 00cd 07       		.byte	0x7
 235 00ce C9010000 		.4byte	.LASF12
 236 00d2 05       		.uleb128 0x5
 237 00d3 01       		.byte	0x1
 238 00d4 08       		.byte	0x8
 239 00d5 E0010000 		.4byte	.LASF13
 240 00d9 05       		.uleb128 0x5
 241 00da 02       		.byte	0x2
 242 00db 05       		.byte	0x5
 243 00dc FC010000 		.4byte	.LASF14
 244 00e0 08       		.uleb128 0x8
 245 00e1 EF000000 		.4byte	0xef
 246 00e5 EF000000 		.4byte	0xef
 247 00e9 09       		.uleb128 0x9
 248 00ea C2000000 		.4byte	0xc2
 249 00ee 00       		.byte	0
 250 00ef 0A       		.uleb128 0xa
 251 00f0 04       		.byte	0x4
 252 00f1 F5000000 		.4byte	0xf5
 253 00f5 0B       		.uleb128 0xb
 254 00f6 D2000000 		.4byte	0xd2
 255 00fa 0A       		.uleb128 0xa
ARM GAS  C:\Users\pfautley\AppData\Local\Temp\ccElcFMl.s 			page 8


 256 00fb 04       		.byte	0x4
 257 00fc E0000000 		.4byte	0xe0
 258 0100 0C       		.uleb128 0xc
 259 0101 BB000000 		.4byte	0xbb
 260 0105 0A       		.uleb128 0xa
 261 0106 04       		.byte	0x4
 262 0107 00010000 		.4byte	0x100
 263 010b 08       		.uleb128 0x8
 264 010c BB000000 		.4byte	0xbb
 265 0110 29010000 		.4byte	0x129
 266 0114 09       		.uleb128 0x9
 267 0115 C2000000 		.4byte	0xc2
 268 0119 09       		.uleb128 0x9
 269 011a AD000000 		.4byte	0xad
 270 011e 09       		.uleb128 0x9
 271 011f C9000000 		.4byte	0xc9
 272 0123 09       		.uleb128 0x9
 273 0124 AD000000 		.4byte	0xad
 274 0128 00       		.byte	0
 275 0129 0A       		.uleb128 0xa
 276 012a 04       		.byte	0x4
 277 012b 0B010000 		.4byte	0x10b
 278 012f 08       		.uleb128 0x8
 279 0130 BB000000 		.4byte	0xbb
 280 0134 52010000 		.4byte	0x152
 281 0138 09       		.uleb128 0x9
 282 0139 C2000000 		.4byte	0xc2
 283 013d 09       		.uleb128 0x9
 284 013e AD000000 		.4byte	0xad
 285 0142 09       		.uleb128 0x9
 286 0143 52010000 		.4byte	0x152
 287 0147 09       		.uleb128 0x9
 288 0148 AD000000 		.4byte	0xad
 289 014c 09       		.uleb128 0x9
 290 014d C2000000 		.4byte	0xc2
 291 0151 00       		.byte	0
 292 0152 0A       		.uleb128 0xa
 293 0153 04       		.byte	0x4
 294 0154 58010000 		.4byte	0x158
 295 0158 0D       		.uleb128 0xd
 296 0159 0A       		.uleb128 0xa
 297 015a 04       		.byte	0x4
 298 015b 2F010000 		.4byte	0x12f
 299 015f 08       		.uleb128 0x8
 300 0160 BB000000 		.4byte	0xbb
 301 0164 7D010000 		.4byte	0x17d
 302 0168 09       		.uleb128 0x9
 303 0169 C2000000 		.4byte	0xc2
 304 016d 09       		.uleb128 0x9
 305 016e 7D010000 		.4byte	0x17d
 306 0172 09       		.uleb128 0x9
 307 0173 7D010000 		.4byte	0x17d
 308 0177 09       		.uleb128 0x9
 309 0178 C9000000 		.4byte	0xc9
 310 017c 00       		.byte	0
 311 017d 05       		.uleb128 0x5
 312 017e 04       		.byte	0x4
ARM GAS  C:\Users\pfautley\AppData\Local\Temp\ccElcFMl.s 			page 9


 313 017f 05       		.byte	0x5
 314 0180 15020000 		.4byte	.LASF15
 315 0184 0A       		.uleb128 0xa
 316 0185 04       		.byte	0x4
 317 0186 5F010000 		.4byte	0x15f
 318 018a 08       		.uleb128 0x8
 319 018b BB000000 		.4byte	0xbb
 320 018f 99010000 		.4byte	0x199
 321 0193 09       		.uleb128 0x9
 322 0194 C2000000 		.4byte	0xc2
 323 0198 00       		.byte	0
 324 0199 0A       		.uleb128 0xa
 325 019a 04       		.byte	0x4
 326 019b 8A010000 		.4byte	0x18a
 327 019f 05       		.uleb128 0x5
 328 01a0 01       		.byte	0x1
 329 01a1 06       		.byte	0x6
 330 01a2 2F020000 		.4byte	.LASF16
 331 01a6 05       		.uleb128 0x5
 332 01a7 08       		.byte	0x8
 333 01a8 05       		.byte	0x5
 334 01a9 D2010000 		.4byte	.LASF17
 335 01ad 05       		.uleb128 0x5
 336 01ae 08       		.byte	0x8
 337 01af 07       		.byte	0x7
 338 01b0 36010000 		.4byte	.LASF18
 339 01b4 05       		.uleb128 0x5
 340 01b5 04       		.byte	0x4
 341 01b6 04       		.byte	0x4
 342 01b7 9A000000 		.4byte	.LASF19
 343 01bb 05       		.uleb128 0x5
 344 01bc 08       		.byte	0x8
 345 01bd 04       		.byte	0x4
 346 01be 16010000 		.4byte	.LASF20
 347 01c2 0E       		.uleb128 0xe
 348 01c3 E5010000 		.4byte	.LASF29
 349 01c7 01       		.byte	0x1
 350 01c8 55       		.byte	0x55
 351 01c9 00000000 		.4byte	.LFB0
 352 01cd 20000000 		.4byte	.LFE0-.LFB0
 353 01d1 01       		.uleb128 0x1
 354 01d2 9C       		.byte	0x9c
 355 01d3 0F       		.uleb128 0xf
 356 01d4 1E020000 		.4byte	.LASF30
 357 01d8 01       		.byte	0x1
 358 01d9 7D       		.byte	0x7d
 359 01da AD000000 		.4byte	0xad
 360 01de 00000000 		.4byte	.LFB1
 361 01e2 58000000 		.4byte	.LFE1-.LFB1
 362 01e6 01       		.uleb128 0x1
 363 01e7 9C       		.byte	0x9c
 364 01e8 4D020000 		.4byte	0x24d
 365 01ec 10       		.uleb128 0x10
 366 01ed 7200     		.ascii	"r\000"
 367 01ef 01       		.byte	0x1
 368 01f0 7F       		.byte	0x7f
 369 01f1 AD000000 		.4byte	0xad
ARM GAS  C:\Users\pfautley\AppData\Local\Temp\ccElcFMl.s 			page 10


 370 01f5 02       		.uleb128 0x2
 371 01f6 91       		.byte	0x91
 372 01f7 68       		.sleb128 -24
 373 01f8 10       		.uleb128 0x10
 374 01f9 53656300 		.ascii	"Sec\000"
 375 01fd 01       		.byte	0x1
 376 01fe 80       		.byte	0x80
 377 01ff A6000000 		.4byte	0xa6
 378 0203 02       		.uleb128 0x2
 379 0204 91       		.byte	0x91
 380 0205 76       		.sleb128 -10
 381 0206 10       		.uleb128 0x10
 382 0207 4D696E00 		.ascii	"Min\000"
 383 020b 01       		.byte	0x1
 384 020c 80       		.byte	0x80
 385 020d A6000000 		.4byte	0xa6
 386 0211 02       		.uleb128 0x2
 387 0212 91       		.byte	0x91
 388 0213 74       		.sleb128 -12
 389 0214 11       		.uleb128 0x11
 390 0215 06020000 		.4byte	.LASF21
 391 0219 01       		.byte	0x1
 392 021a 80       		.byte	0x80
 393 021b A6000000 		.4byte	0xa6
 394 021f 02       		.uleb128 0x2
 395 0220 91       		.byte	0x91
 396 0221 72       		.sleb128 -14
 397 0222 10       		.uleb128 0x10
 398 0223 44617900 		.ascii	"Day\000"
 399 0227 01       		.byte	0x1
 400 0228 81       		.byte	0x81
 401 0229 A6000000 		.4byte	0xa6
 402 022d 02       		.uleb128 0x2
 403 022e 91       		.byte	0x91
 404 022f 70       		.sleb128 -16
 405 0230 11       		.uleb128 0x11
 406 0231 FE000000 		.4byte	.LASF22
 407 0235 01       		.byte	0x1
 408 0236 81       		.byte	0x81
 409 0237 A6000000 		.4byte	0xa6
 410 023b 02       		.uleb128 0x2
 411 023c 91       		.byte	0x91
 412 023d 6E       		.sleb128 -18
 413 023e 11       		.uleb128 0x11
 414 023f 11010000 		.4byte	.LASF23
 415 0243 01       		.byte	0x1
 416 0244 81       		.byte	0x81
 417 0245 A6000000 		.4byte	0xa6
 418 0249 02       		.uleb128 0x2
 419 024a 91       		.byte	0x91
 420 024b 6C       		.sleb128 -20
 421 024c 00       		.byte	0
 422 024d 12       		.uleb128 0x12
 423 024e AD000000 		.4byte	0xad
 424 0252 5E020000 		.4byte	0x25e
 425 0256 13       		.uleb128 0x13
 426 0257 CB000000 		.4byte	0xcb
ARM GAS  C:\Users\pfautley\AppData\Local\Temp\ccElcFMl.s 			page 11


 427 025b FF03     		.2byte	0x3ff
 428 025d 00       		.byte	0
 429 025e 11       		.uleb128 0x11
 430 025f 83000000 		.4byte	.LASF24
 431 0263 01       		.byte	0x1
 432 0264 3D       		.byte	0x3d
 433 0265 4D020000 		.4byte	0x24d
 434 0269 05       		.uleb128 0x5
 435 026a 03       		.byte	0x3
 436 026b 00000000 		.4byte	_aMemBlock
 437 026f 14       		.uleb128 0x14
 438 0270 43020000 		.4byte	.LASF31
 439 0274 02       		.byte	0x2
 440 0275 3902     		.2byte	0x239
 441 0277 7B020000 		.4byte	0x27b
 442 027b 0B       		.uleb128 0xb
 443 027c 25000000 		.4byte	0x25
 444 0280 00       		.byte	0
 445              		.section	.debug_abbrev,"",%progbits
 446              	.Ldebug_abbrev0:
 447 0000 01       		.uleb128 0x1
 448 0001 11       		.uleb128 0x11
 449 0002 01       		.byte	0x1
 450 0003 25       		.uleb128 0x25
 451 0004 0E       		.uleb128 0xe
 452 0005 13       		.uleb128 0x13
 453 0006 0B       		.uleb128 0xb
 454 0007 03       		.uleb128 0x3
 455 0008 0E       		.uleb128 0xe
 456 0009 1B       		.uleb128 0x1b
 457 000a 0E       		.uleb128 0xe
 458 000b 55       		.uleb128 0x55
 459 000c 17       		.uleb128 0x17
 460 000d 11       		.uleb128 0x11
 461 000e 01       		.uleb128 0x1
 462 000f 10       		.uleb128 0x10
 463 0010 17       		.uleb128 0x17
 464 0011 00       		.byte	0
 465 0012 00       		.byte	0
 466 0013 02       		.uleb128 0x2
 467 0014 16       		.uleb128 0x16
 468 0015 00       		.byte	0
 469 0016 03       		.uleb128 0x3
 470 0017 0E       		.uleb128 0xe
 471 0018 3A       		.uleb128 0x3a
 472 0019 0B       		.uleb128 0xb
 473 001a 3B       		.uleb128 0x3b
 474 001b 0B       		.uleb128 0xb
 475 001c 49       		.uleb128 0x49
 476 001d 13       		.uleb128 0x13
 477 001e 00       		.byte	0
 478 001f 00       		.byte	0
 479 0020 03       		.uleb128 0x3
 480 0021 13       		.uleb128 0x13
 481 0022 01       		.byte	0x1
 482 0023 03       		.uleb128 0x3
 483 0024 0E       		.uleb128 0xe
ARM GAS  C:\Users\pfautley\AppData\Local\Temp\ccElcFMl.s 			page 12


 484 0025 0B       		.uleb128 0xb
 485 0026 0B       		.uleb128 0xb
 486 0027 3A       		.uleb128 0x3a
 487 0028 0B       		.uleb128 0xb
 488 0029 3B       		.uleb128 0x3b
 489 002a 05       		.uleb128 0x5
 490 002b 01       		.uleb128 0x1
 491 002c 13       		.uleb128 0x13
 492 002d 00       		.byte	0
 493 002e 00       		.byte	0
 494 002f 04       		.uleb128 0x4
 495 0030 0D       		.uleb128 0xd
 496 0031 00       		.byte	0
 497 0032 03       		.uleb128 0x3
 498 0033 0E       		.uleb128 0xe
 499 0034 3A       		.uleb128 0x3a
 500 0035 0B       		.uleb128 0xb
 501 0036 3B       		.uleb128 0x3b
 502 0037 05       		.uleb128 0x5
 503 0038 49       		.uleb128 0x49
 504 0039 13       		.uleb128 0x13
 505 003a 38       		.uleb128 0x38
 506 003b 0B       		.uleb128 0xb
 507 003c 00       		.byte	0
 508 003d 00       		.byte	0
 509 003e 05       		.uleb128 0x5
 510 003f 24       		.uleb128 0x24
 511 0040 00       		.byte	0
 512 0041 0B       		.uleb128 0xb
 513 0042 0B       		.uleb128 0xb
 514 0043 3E       		.uleb128 0x3e
 515 0044 0B       		.uleb128 0xb
 516 0045 03       		.uleb128 0x3
 517 0046 0E       		.uleb128 0xe
 518 0047 00       		.byte	0
 519 0048 00       		.byte	0
 520 0049 06       		.uleb128 0x6
 521 004a 24       		.uleb128 0x24
 522 004b 00       		.byte	0
 523 004c 0B       		.uleb128 0xb
 524 004d 0B       		.uleb128 0xb
 525 004e 3E       		.uleb128 0x3e
 526 004f 0B       		.uleb128 0xb
 527 0050 03       		.uleb128 0x3
 528 0051 08       		.uleb128 0x8
 529 0052 00       		.byte	0
 530 0053 00       		.byte	0
 531 0054 07       		.uleb128 0x7
 532 0055 0F       		.uleb128 0xf
 533 0056 00       		.byte	0
 534 0057 0B       		.uleb128 0xb
 535 0058 0B       		.uleb128 0xb
 536 0059 00       		.byte	0
 537 005a 00       		.byte	0
 538 005b 08       		.uleb128 0x8
 539 005c 15       		.uleb128 0x15
 540 005d 01       		.byte	0x1
ARM GAS  C:\Users\pfautley\AppData\Local\Temp\ccElcFMl.s 			page 13


 541 005e 27       		.uleb128 0x27
 542 005f 19       		.uleb128 0x19
 543 0060 49       		.uleb128 0x49
 544 0061 13       		.uleb128 0x13
 545 0062 01       		.uleb128 0x1
 546 0063 13       		.uleb128 0x13
 547 0064 00       		.byte	0
 548 0065 00       		.byte	0
 549 0066 09       		.uleb128 0x9
 550 0067 05       		.uleb128 0x5
 551 0068 00       		.byte	0
 552 0069 49       		.uleb128 0x49
 553 006a 13       		.uleb128 0x13
 554 006b 00       		.byte	0
 555 006c 00       		.byte	0
 556 006d 0A       		.uleb128 0xa
 557 006e 0F       		.uleb128 0xf
 558 006f 00       		.byte	0
 559 0070 0B       		.uleb128 0xb
 560 0071 0B       		.uleb128 0xb
 561 0072 49       		.uleb128 0x49
 562 0073 13       		.uleb128 0x13
 563 0074 00       		.byte	0
 564 0075 00       		.byte	0
 565 0076 0B       		.uleb128 0xb
 566 0077 26       		.uleb128 0x26
 567 0078 00       		.byte	0
 568 0079 49       		.uleb128 0x49
 569 007a 13       		.uleb128 0x13
 570 007b 00       		.byte	0
 571 007c 00       		.byte	0
 572 007d 0C       		.uleb128 0xc
 573 007e 15       		.uleb128 0x15
 574 007f 00       		.byte	0
 575 0080 27       		.uleb128 0x27
 576 0081 19       		.uleb128 0x19
 577 0082 49       		.uleb128 0x49
 578 0083 13       		.uleb128 0x13
 579 0084 00       		.byte	0
 580 0085 00       		.byte	0
 581 0086 0D       		.uleb128 0xd
 582 0087 26       		.uleb128 0x26
 583 0088 00       		.byte	0
 584 0089 00       		.byte	0
 585 008a 00       		.byte	0
 586 008b 0E       		.uleb128 0xe
 587 008c 2E       		.uleb128 0x2e
 588 008d 00       		.byte	0
 589 008e 3F       		.uleb128 0x3f
 590 008f 19       		.uleb128 0x19
 591 0090 03       		.uleb128 0x3
 592 0091 0E       		.uleb128 0xe
 593 0092 3A       		.uleb128 0x3a
 594 0093 0B       		.uleb128 0xb
 595 0094 3B       		.uleb128 0x3b
 596 0095 0B       		.uleb128 0xb
 597 0096 27       		.uleb128 0x27
ARM GAS  C:\Users\pfautley\AppData\Local\Temp\ccElcFMl.s 			page 14


 598 0097 19       		.uleb128 0x19
 599 0098 11       		.uleb128 0x11
 600 0099 01       		.uleb128 0x1
 601 009a 12       		.uleb128 0x12
 602 009b 06       		.uleb128 0x6
 603 009c 40       		.uleb128 0x40
 604 009d 18       		.uleb128 0x18
 605 009e 9642     		.uleb128 0x2116
 606 00a0 19       		.uleb128 0x19
 607 00a1 00       		.byte	0
 608 00a2 00       		.byte	0
 609 00a3 0F       		.uleb128 0xf
 610 00a4 2E       		.uleb128 0x2e
 611 00a5 01       		.byte	0x1
 612 00a6 3F       		.uleb128 0x3f
 613 00a7 19       		.uleb128 0x19
 614 00a8 03       		.uleb128 0x3
 615 00a9 0E       		.uleb128 0xe
 616 00aa 3A       		.uleb128 0x3a
 617 00ab 0B       		.uleb128 0xb
 618 00ac 3B       		.uleb128 0x3b
 619 00ad 0B       		.uleb128 0xb
 620 00ae 27       		.uleb128 0x27
 621 00af 19       		.uleb128 0x19
 622 00b0 49       		.uleb128 0x49
 623 00b1 13       		.uleb128 0x13
 624 00b2 11       		.uleb128 0x11
 625 00b3 01       		.uleb128 0x1
 626 00b4 12       		.uleb128 0x12
 627 00b5 06       		.uleb128 0x6
 628 00b6 40       		.uleb128 0x40
 629 00b7 18       		.uleb128 0x18
 630 00b8 9742     		.uleb128 0x2117
 631 00ba 19       		.uleb128 0x19
 632 00bb 01       		.uleb128 0x1
 633 00bc 13       		.uleb128 0x13
 634 00bd 00       		.byte	0
 635 00be 00       		.byte	0
 636 00bf 10       		.uleb128 0x10
 637 00c0 34       		.uleb128 0x34
 638 00c1 00       		.byte	0
 639 00c2 03       		.uleb128 0x3
 640 00c3 08       		.uleb128 0x8
 641 00c4 3A       		.uleb128 0x3a
 642 00c5 0B       		.uleb128 0xb
 643 00c6 3B       		.uleb128 0x3b
 644 00c7 0B       		.uleb128 0xb
 645 00c8 49       		.uleb128 0x49
 646 00c9 13       		.uleb128 0x13
 647 00ca 02       		.uleb128 0x2
 648 00cb 18       		.uleb128 0x18
 649 00cc 00       		.byte	0
 650 00cd 00       		.byte	0
 651 00ce 11       		.uleb128 0x11
 652 00cf 34       		.uleb128 0x34
 653 00d0 00       		.byte	0
 654 00d1 03       		.uleb128 0x3
ARM GAS  C:\Users\pfautley\AppData\Local\Temp\ccElcFMl.s 			page 15


 655 00d2 0E       		.uleb128 0xe
 656 00d3 3A       		.uleb128 0x3a
 657 00d4 0B       		.uleb128 0xb
 658 00d5 3B       		.uleb128 0x3b
 659 00d6 0B       		.uleb128 0xb
 660 00d7 49       		.uleb128 0x49
 661 00d8 13       		.uleb128 0x13
 662 00d9 02       		.uleb128 0x2
 663 00da 18       		.uleb128 0x18
 664 00db 00       		.byte	0
 665 00dc 00       		.byte	0
 666 00dd 12       		.uleb128 0x12
 667 00de 01       		.uleb128 0x1
 668 00df 01       		.byte	0x1
 669 00e0 49       		.uleb128 0x49
 670 00e1 13       		.uleb128 0x13
 671 00e2 01       		.uleb128 0x1
 672 00e3 13       		.uleb128 0x13
 673 00e4 00       		.byte	0
 674 00e5 00       		.byte	0
 675 00e6 13       		.uleb128 0x13
 676 00e7 21       		.uleb128 0x21
 677 00e8 00       		.byte	0
 678 00e9 49       		.uleb128 0x49
 679 00ea 13       		.uleb128 0x13
 680 00eb 2F       		.uleb128 0x2f
 681 00ec 05       		.uleb128 0x5
 682 00ed 00       		.byte	0
 683 00ee 00       		.byte	0
 684 00ef 14       		.uleb128 0x14
 685 00f0 34       		.uleb128 0x34
 686 00f1 00       		.byte	0
 687 00f2 03       		.uleb128 0x3
 688 00f3 0E       		.uleb128 0xe
 689 00f4 3A       		.uleb128 0x3a
 690 00f5 0B       		.uleb128 0xb
 691 00f6 3B       		.uleb128 0x3b
 692 00f7 05       		.uleb128 0x5
 693 00f8 49       		.uleb128 0x49
 694 00f9 13       		.uleb128 0x13
 695 00fa 3F       		.uleb128 0x3f
 696 00fb 19       		.uleb128 0x19
 697 00fc 3C       		.uleb128 0x3c
 698 00fd 19       		.uleb128 0x19
 699 00fe 00       		.byte	0
 700 00ff 00       		.byte	0
 701 0100 00       		.byte	0
 702              		.section	.debug_aranges,"",%progbits
 703 0000 24000000 		.4byte	0x24
 704 0004 0200     		.2byte	0x2
 705 0006 00000000 		.4byte	.Ldebug_info0
 706 000a 04       		.byte	0x4
 707 000b 00       		.byte	0
 708 000c 0000     		.2byte	0
 709 000e 0000     		.2byte	0
 710 0010 00000000 		.4byte	.LFB0
 711 0014 20000000 		.4byte	.LFE0-.LFB0
ARM GAS  C:\Users\pfautley\AppData\Local\Temp\ccElcFMl.s 			page 16


 712 0018 00000000 		.4byte	.LFB1
 713 001c 58000000 		.4byte	.LFE1-.LFB1
 714 0020 00000000 		.4byte	0
 715 0024 00000000 		.4byte	0
 716              		.section	.debug_ranges,"",%progbits
 717              	.Ldebug_ranges0:
 718 0000 00000000 		.4byte	.LFB0
 719 0004 20000000 		.4byte	.LFE0
 720 0008 00000000 		.4byte	.LFB1
 721 000c 58000000 		.4byte	.LFE1
 722 0010 00000000 		.4byte	0
 723 0014 00000000 		.4byte	0
 724              		.section	.debug_line,"",%progbits
 725              	.Ldebug_line0:
 726 0000 B4000000 		.section	.debug_str,"MS",%progbits,1
 726      02007F00 
 726      00000201 
 726      FB0E0D00 
 726      01010101 
 727              	.LASF27:
 728 0000 433A5C55 		.ascii	"C:\\Users\\pfautley\\Downloads\\finalproject.cydsn\\"
 728      73657273 
 728      5C706661 
 728      75746C65 
 728      795C446F 
 729 002f 66696E61 		.ascii	"finalproject.cydsn\\emFile_Example01.cydsn\000"
 729      6C70726F 
 729      6A656374 
 729      2E637964 
 729      736E5C65 
 730              	.LASF3:
 731 0059 70665772 		.ascii	"pfWrite\000"
 731      69746500 
 732              	.LASF28:
 733 0061 46535F44 		.ascii	"FS_DEVICE_TYPE\000"
 733      45564943 
 733      455F5459 
 733      504500
 734              	.LASF8:
 735 0070 73686F72 		.ascii	"short unsigned int\000"
 735      7420756E 
 735      7369676E 
 735      65642069 
 735      6E7400
 736              	.LASF24:
 737 0083 5F614D65 		.ascii	"_aMemBlock\000"
 737      6D426C6F 
 737      636B00
 738              	.LASF6:
 739 008e 70664765 		.ascii	"pfGetStatus\000"
 739      74537461 
 739      74757300 
 740              	.LASF19:
 741 009a 666C6F61 		.ascii	"float\000"
 741      7400
 742              	.LASF7:
 743 00a0 70664765 		.ascii	"pfGetNumUnits\000"
ARM GAS  C:\Users\pfautley\AppData\Local\Temp\ccElcFMl.s 			page 17


 743      744E756D 
 743      556E6974 
 743      7300
 744              	.LASF11:
 745 00ae 756E7369 		.ascii	"unsigned char\000"
 745      676E6564 
 745      20636861 
 745      7200
 746              	.LASF9:
 747 00bc 6C6F6E67 		.ascii	"long unsigned int\000"
 747      20756E73 
 747      69676E65 
 747      6420696E 
 747      7400
 748              	.LASF26:
 749 00ce 2E5C4765 		.ascii	".\\Generated_Source\\PSoC5\\emFile_ConfigMMC_SPI.c\000"
 749      6E657261 
 749      7465645F 
 749      536F7572 
 749      63655C50 
 750              	.LASF22:
 751 00fe 4D6F6E74 		.ascii	"Month\000"
 751      6800
 752              	.LASF5:
 753 0104 7066496E 		.ascii	"pfInitMedium\000"
 753      69744D65 
 753      6469756D 
 753      00
 754              	.LASF23:
 755 0111 59656172 		.ascii	"Year\000"
 755      00
 756              	.LASF20:
 757 0116 646F7562 		.ascii	"double\000"
 757      6C6500
 758              	.LASF1:
 759 011d 70664164 		.ascii	"pfAddDevice\000"
 759      64446576 
 759      69636500 
 760              	.LASF10:
 761 0129 756E7369 		.ascii	"unsigned int\000"
 761      676E6564 
 761      20696E74 
 761      00
 762              	.LASF18:
 763 0136 6C6F6E67 		.ascii	"long long unsigned int\000"
 763      206C6F6E 
 763      6720756E 
 763      7369676E 
 763      65642069 
 764              	.LASF25:
 765 014d 474E5520 		.ascii	"GNU C 4.8.4 20140526 (release) [ARM/embedded-4_8-br"
 765      4320342E 
 765      382E3420 
 765      32303134 
 765      30353236 
 766 0180 616E6368 		.ascii	"anch revision 211358] -mcpu=cortex-m3 -mthumb -g -O"
 766      20726576 
ARM GAS  C:\Users\pfautley\AppData\Local\Temp\ccElcFMl.s 			page 18


 766      6973696F 
 766      6E203231 
 766      31333538 
 767 01b3 30202D66 		.ascii	"0 -ffunction-sections\000"
 767      66756E63 
 767      74696F6E 
 767      2D736563 
 767      74696F6E 
 768              	.LASF12:
 769 01c9 73697A65 		.ascii	"sizetype\000"
 769      74797065 
 769      00
 770              	.LASF17:
 771 01d2 6C6F6E67 		.ascii	"long long int\000"
 771      206C6F6E 
 771      6720696E 
 771      7400
 772              	.LASF13:
 773 01e0 63686172 		.ascii	"char\000"
 773      00
 774              	.LASF29:
 775 01e5 46535F58 		.ascii	"FS_X_AddDevices\000"
 775      5F416464 
 775      44657669 
 775      63657300 
 776              	.LASF2:
 777 01f5 70665265 		.ascii	"pfRead\000"
 777      616400
 778              	.LASF14:
 779 01fc 73686F72 		.ascii	"short int\000"
 779      7420696E 
 779      7400
 780              	.LASF21:
 781 0206 486F7572 		.ascii	"Hour\000"
 781      00
 782              	.LASF0:
 783 020b 70664765 		.ascii	"pfGetName\000"
 783      744E616D 
 783      6500
 784              	.LASF15:
 785 0215 6C6F6E67 		.ascii	"long int\000"
 785      20696E74 
 785      00
 786              	.LASF30:
 787 021e 46535F58 		.ascii	"FS_X_GetTimeDate\000"
 787      5F476574 
 787      54696D65 
 787      44617465 
 787      00
 788              	.LASF16:
 789 022f 7369676E 		.ascii	"signed char\000"
 789      65642063 
 789      68617200 
 790              	.LASF4:
 791 023b 7066496F 		.ascii	"pfIoCtl\000"
 791      43746C00 
 792              	.LASF31:
ARM GAS  C:\Users\pfautley\AppData\Local\Temp\ccElcFMl.s 			page 19


 793 0243 46535F4D 		.ascii	"FS_MMC_SPI_Driver\000"
 793      4D435F53 
 793      50495F44 
 793      72697665 
 793      7200
 794              		.ident	"GCC: (GNU Tools for ARM Embedded Processors) 4.8.4 20140526 (release) [ARM/embedded-4_8-br
