ARM GAS  C:\Users\pfautley\AppData\Local\Temp\ccQrxhuh.s 			page 1


   1              		.syntax unified
   2              		.cpu cortex-m3
   3              		.fpu softvfp
   4              		.eabi_attribute 20, 1
   5              		.eabi_attribute 21, 1
   6              		.eabi_attribute 23, 3
   7              		.eabi_attribute 24, 1
   8              		.eabi_attribute 25, 1
   9              		.eabi_attribute 26, 1
  10              		.eabi_attribute 30, 6
  11              		.eabi_attribute 34, 1
  12              		.eabi_attribute 18, 4
  13              		.thumb
  14              		.file	"emFile_1_SPI0_PM.c"
  15              		.text
  16              	.Ltext0:
  17              		.cfi_sections	.debug_frame
  18              		.data
  19              		.align	2
  20              		.type	emFile_1_SPI0_backup, %object
  21              		.size	emFile_1_SPI0_backup, 2
  22              	emFile_1_SPI0_backup:
  23 0000 00       		.byte	0
  24 0001 0F       		.byte	15
  25 0002 0000     		.section	.text.emFile_1_SPI0_SaveConfig,"ax",%progbits
  26              		.align	2
  27              		.global	emFile_1_SPI0_SaveConfig
  28              		.thumb
  29              		.thumb_func
  30              		.type	emFile_1_SPI0_SaveConfig, %function
  31              	emFile_1_SPI0_SaveConfig:
  32              	.LFB0:
  33              		.file 1 ".\\Generated_Source\\PSoC5\\emFile_1_SPI0_PM.c"
   1:.\Generated_Source\PSoC5/emFile_1_SPI0_PM.c **** /*******************************************************************************
   2:.\Generated_Source\PSoC5/emFile_1_SPI0_PM.c **** * File Name: emFile_1_SPI0_PM.c
   3:.\Generated_Source\PSoC5/emFile_1_SPI0_PM.c **** * Version 2.40
   4:.\Generated_Source\PSoC5/emFile_1_SPI0_PM.c **** *
   5:.\Generated_Source\PSoC5/emFile_1_SPI0_PM.c **** * Description:
   6:.\Generated_Source\PSoC5/emFile_1_SPI0_PM.c **** *  This file contains the setup, control and status commands to support
   7:.\Generated_Source\PSoC5/emFile_1_SPI0_PM.c **** *  component operations in low power mode.
   8:.\Generated_Source\PSoC5/emFile_1_SPI0_PM.c **** *
   9:.\Generated_Source\PSoC5/emFile_1_SPI0_PM.c **** * Note:
  10:.\Generated_Source\PSoC5/emFile_1_SPI0_PM.c **** *
  11:.\Generated_Source\PSoC5/emFile_1_SPI0_PM.c **** ********************************************************************************
  12:.\Generated_Source\PSoC5/emFile_1_SPI0_PM.c **** * Copyright 2008-2012, Cypress Semiconductor Corporation.  All rights reserved.
  13:.\Generated_Source\PSoC5/emFile_1_SPI0_PM.c **** * You may use this file only in accordance with the license, terms, conditions,
  14:.\Generated_Source\PSoC5/emFile_1_SPI0_PM.c **** * disclaimers, and limitations in the end user license agreement accompanying
  15:.\Generated_Source\PSoC5/emFile_1_SPI0_PM.c **** * the software package with which this file was provided.
  16:.\Generated_Source\PSoC5/emFile_1_SPI0_PM.c **** *******************************************************************************/
  17:.\Generated_Source\PSoC5/emFile_1_SPI0_PM.c **** 
  18:.\Generated_Source\PSoC5/emFile_1_SPI0_PM.c **** #include "emFile_1_SPI0_PVT.h"
  19:.\Generated_Source\PSoC5/emFile_1_SPI0_PM.c **** 
  20:.\Generated_Source\PSoC5/emFile_1_SPI0_PM.c **** static emFile_1_SPI0_BACKUP_STRUCT emFile_1_SPI0_backup =
  21:.\Generated_Source\PSoC5/emFile_1_SPI0_PM.c **** {
  22:.\Generated_Source\PSoC5/emFile_1_SPI0_PM.c ****     emFile_1_SPI0_DISABLED,
  23:.\Generated_Source\PSoC5/emFile_1_SPI0_PM.c ****     emFile_1_SPI0_BITCTR_INIT,
  24:.\Generated_Source\PSoC5/emFile_1_SPI0_PM.c ****     #if(CY_UDB_V0)
ARM GAS  C:\Users\pfautley\AppData\Local\Temp\ccQrxhuh.s 			page 2


  25:.\Generated_Source\PSoC5/emFile_1_SPI0_PM.c ****         emFile_1_SPI0_TX_INIT_INTERRUPTS_MASK,
  26:.\Generated_Source\PSoC5/emFile_1_SPI0_PM.c ****         emFile_1_SPI0_RX_INIT_INTERRUPTS_MASK
  27:.\Generated_Source\PSoC5/emFile_1_SPI0_PM.c ****     #endif /* CY_UDB_V0 */
  28:.\Generated_Source\PSoC5/emFile_1_SPI0_PM.c **** };
  29:.\Generated_Source\PSoC5/emFile_1_SPI0_PM.c **** 
  30:.\Generated_Source\PSoC5/emFile_1_SPI0_PM.c **** 
  31:.\Generated_Source\PSoC5/emFile_1_SPI0_PM.c **** /*******************************************************************************
  32:.\Generated_Source\PSoC5/emFile_1_SPI0_PM.c **** * Function Name: emFile_1_SPI0_SaveConfig
  33:.\Generated_Source\PSoC5/emFile_1_SPI0_PM.c **** ********************************************************************************
  34:.\Generated_Source\PSoC5/emFile_1_SPI0_PM.c **** *
  35:.\Generated_Source\PSoC5/emFile_1_SPI0_PM.c **** * Summary:
  36:.\Generated_Source\PSoC5/emFile_1_SPI0_PM.c **** *  Saves SPIM configuration.
  37:.\Generated_Source\PSoC5/emFile_1_SPI0_PM.c **** *
  38:.\Generated_Source\PSoC5/emFile_1_SPI0_PM.c **** * Parameters:
  39:.\Generated_Source\PSoC5/emFile_1_SPI0_PM.c **** *  None.
  40:.\Generated_Source\PSoC5/emFile_1_SPI0_PM.c **** *
  41:.\Generated_Source\PSoC5/emFile_1_SPI0_PM.c **** * Return:
  42:.\Generated_Source\PSoC5/emFile_1_SPI0_PM.c **** *  None.
  43:.\Generated_Source\PSoC5/emFile_1_SPI0_PM.c **** *
  44:.\Generated_Source\PSoC5/emFile_1_SPI0_PM.c **** * Global Variables:
  45:.\Generated_Source\PSoC5/emFile_1_SPI0_PM.c **** *  emFile_1_SPI0_backup - modified when non-retention registers are saved.
  46:.\Generated_Source\PSoC5/emFile_1_SPI0_PM.c **** *
  47:.\Generated_Source\PSoC5/emFile_1_SPI0_PM.c **** * Reentrant:
  48:.\Generated_Source\PSoC5/emFile_1_SPI0_PM.c **** *  No.
  49:.\Generated_Source\PSoC5/emFile_1_SPI0_PM.c **** *
  50:.\Generated_Source\PSoC5/emFile_1_SPI0_PM.c **** *******************************************************************************/
  51:.\Generated_Source\PSoC5/emFile_1_SPI0_PM.c **** void emFile_1_SPI0_SaveConfig(void) 
  52:.\Generated_Source\PSoC5/emFile_1_SPI0_PM.c **** {
  34              		.loc 1 52 0
  35              		.cfi_startproc
  36              		@ args = 0, pretend = 0, frame = 0
  37              		@ frame_needed = 1, uses_anonymous_args = 0
  38              		@ link register save eliminated.
  39 0000 80B4     		push	{r7}
  40              		.cfi_def_cfa_offset 4
  41              		.cfi_offset 7, -4
  42 0002 00AF     		add	r7, sp, #0
  43              		.cfi_def_cfa_register 7
  53:.\Generated_Source\PSoC5/emFile_1_SPI0_PM.c ****     /* Store Status Mask registers */
  54:.\Generated_Source\PSoC5/emFile_1_SPI0_PM.c ****     #if(CY_UDB_V0)
  55:.\Generated_Source\PSoC5/emFile_1_SPI0_PM.c ****        emFile_1_SPI0_backup.cntrPeriod      = emFile_1_SPI0_COUNTER_PERIOD_REG;
  56:.\Generated_Source\PSoC5/emFile_1_SPI0_PM.c ****        emFile_1_SPI0_backup.saveSrTxIntMask = emFile_1_SPI0_TX_STATUS_MASK_REG;
  57:.\Generated_Source\PSoC5/emFile_1_SPI0_PM.c ****        emFile_1_SPI0_backup.saveSrRxIntMask = emFile_1_SPI0_RX_STATUS_MASK_REG;
  58:.\Generated_Source\PSoC5/emFile_1_SPI0_PM.c ****     #endif /* (CY_UDB_V0) */
  59:.\Generated_Source\PSoC5/emFile_1_SPI0_PM.c **** }
  44              		.loc 1 59 0
  45 0004 BD46     		mov	sp, r7
  46              		@ sp needed
  47 0006 5DF8047B 		ldr	r7, [sp], #4
  48 000a 7047     		bx	lr
  49              		.cfi_endproc
  50              	.LFE0:
  51              		.size	emFile_1_SPI0_SaveConfig, .-emFile_1_SPI0_SaveConfig
  52              		.section	.text.emFile_1_SPI0_RestoreConfig,"ax",%progbits
  53              		.align	2
  54              		.global	emFile_1_SPI0_RestoreConfig
  55              		.thumb
ARM GAS  C:\Users\pfautley\AppData\Local\Temp\ccQrxhuh.s 			page 3


  56              		.thumb_func
  57              		.type	emFile_1_SPI0_RestoreConfig, %function
  58              	emFile_1_SPI0_RestoreConfig:
  59              	.LFB1:
  60:.\Generated_Source\PSoC5/emFile_1_SPI0_PM.c **** 
  61:.\Generated_Source\PSoC5/emFile_1_SPI0_PM.c **** 
  62:.\Generated_Source\PSoC5/emFile_1_SPI0_PM.c **** /*******************************************************************************
  63:.\Generated_Source\PSoC5/emFile_1_SPI0_PM.c **** * Function Name: emFile_1_SPI0_RestoreConfig
  64:.\Generated_Source\PSoC5/emFile_1_SPI0_PM.c **** ********************************************************************************
  65:.\Generated_Source\PSoC5/emFile_1_SPI0_PM.c **** *
  66:.\Generated_Source\PSoC5/emFile_1_SPI0_PM.c **** * Summary:
  67:.\Generated_Source\PSoC5/emFile_1_SPI0_PM.c **** *  Restores SPIM configuration.
  68:.\Generated_Source\PSoC5/emFile_1_SPI0_PM.c **** *
  69:.\Generated_Source\PSoC5/emFile_1_SPI0_PM.c **** * Parameters:
  70:.\Generated_Source\PSoC5/emFile_1_SPI0_PM.c **** *  None.
  71:.\Generated_Source\PSoC5/emFile_1_SPI0_PM.c **** *
  72:.\Generated_Source\PSoC5/emFile_1_SPI0_PM.c **** * Return:
  73:.\Generated_Source\PSoC5/emFile_1_SPI0_PM.c **** *  None.
  74:.\Generated_Source\PSoC5/emFile_1_SPI0_PM.c **** *
  75:.\Generated_Source\PSoC5/emFile_1_SPI0_PM.c **** * Global Variables:
  76:.\Generated_Source\PSoC5/emFile_1_SPI0_PM.c **** *  emFile_1_SPI0_backup - used when non-retention registers are restored.
  77:.\Generated_Source\PSoC5/emFile_1_SPI0_PM.c **** *
  78:.\Generated_Source\PSoC5/emFile_1_SPI0_PM.c **** * Side Effects:
  79:.\Generated_Source\PSoC5/emFile_1_SPI0_PM.c **** *  If this API is called without first calling SaveConfig then in the following
  80:.\Generated_Source\PSoC5/emFile_1_SPI0_PM.c **** *  registers will be default values from Customizer:
  81:.\Generated_Source\PSoC5/emFile_1_SPI0_PM.c **** *  emFile_1_SPI0_STATUS_MASK_REG and emFile_1_SPI0_COUNTER_PERIOD_REG.
  82:.\Generated_Source\PSoC5/emFile_1_SPI0_PM.c **** *
  83:.\Generated_Source\PSoC5/emFile_1_SPI0_PM.c **** *******************************************************************************/
  84:.\Generated_Source\PSoC5/emFile_1_SPI0_PM.c **** void emFile_1_SPI0_RestoreConfig(void) 
  85:.\Generated_Source\PSoC5/emFile_1_SPI0_PM.c **** {
  60              		.loc 1 85 0
  61              		.cfi_startproc
  62              		@ args = 0, pretend = 0, frame = 0
  63              		@ frame_needed = 1, uses_anonymous_args = 0
  64              		@ link register save eliminated.
  65 0000 80B4     		push	{r7}
  66              		.cfi_def_cfa_offset 4
  67              		.cfi_offset 7, -4
  68 0002 00AF     		add	r7, sp, #0
  69              		.cfi_def_cfa_register 7
  86:.\Generated_Source\PSoC5/emFile_1_SPI0_PM.c ****     /* Restore the data, saved by SaveConfig() function */
  87:.\Generated_Source\PSoC5/emFile_1_SPI0_PM.c ****     #if(CY_UDB_V0)
  88:.\Generated_Source\PSoC5/emFile_1_SPI0_PM.c ****         emFile_1_SPI0_COUNTER_PERIOD_REG = emFile_1_SPI0_backup.cntrPeriod;
  89:.\Generated_Source\PSoC5/emFile_1_SPI0_PM.c ****         emFile_1_SPI0_TX_STATUS_MASK_REG = ((uint8) emFile_1_SPI0_backup.saveSrTxIntMask);
  90:.\Generated_Source\PSoC5/emFile_1_SPI0_PM.c ****         emFile_1_SPI0_RX_STATUS_MASK_REG = ((uint8) emFile_1_SPI0_backup.saveSrRxIntMask);
  91:.\Generated_Source\PSoC5/emFile_1_SPI0_PM.c ****     #endif /* (CY_UDB_V0) */
  92:.\Generated_Source\PSoC5/emFile_1_SPI0_PM.c **** }
  70              		.loc 1 92 0
  71 0004 BD46     		mov	sp, r7
  72              		@ sp needed
  73 0006 5DF8047B 		ldr	r7, [sp], #4
  74 000a 7047     		bx	lr
  75              		.cfi_endproc
  76              	.LFE1:
  77              		.size	emFile_1_SPI0_RestoreConfig, .-emFile_1_SPI0_RestoreConfig
  78              		.section	.text.emFile_1_SPI0_Sleep,"ax",%progbits
  79              		.align	2
ARM GAS  C:\Users\pfautley\AppData\Local\Temp\ccQrxhuh.s 			page 4


  80              		.global	emFile_1_SPI0_Sleep
  81              		.thumb
  82              		.thumb_func
  83              		.type	emFile_1_SPI0_Sleep, %function
  84              	emFile_1_SPI0_Sleep:
  85              	.LFB2:
  93:.\Generated_Source\PSoC5/emFile_1_SPI0_PM.c **** 
  94:.\Generated_Source\PSoC5/emFile_1_SPI0_PM.c **** 
  95:.\Generated_Source\PSoC5/emFile_1_SPI0_PM.c **** /*******************************************************************************
  96:.\Generated_Source\PSoC5/emFile_1_SPI0_PM.c **** * Function Name: emFile_1_SPI0_Sleep
  97:.\Generated_Source\PSoC5/emFile_1_SPI0_PM.c **** ********************************************************************************
  98:.\Generated_Source\PSoC5/emFile_1_SPI0_PM.c **** *
  99:.\Generated_Source\PSoC5/emFile_1_SPI0_PM.c **** * Summary:
 100:.\Generated_Source\PSoC5/emFile_1_SPI0_PM.c **** *  Prepare SPIM Component goes to sleep.
 101:.\Generated_Source\PSoC5/emFile_1_SPI0_PM.c **** *
 102:.\Generated_Source\PSoC5/emFile_1_SPI0_PM.c **** * Parameters:
 103:.\Generated_Source\PSoC5/emFile_1_SPI0_PM.c **** *  None.
 104:.\Generated_Source\PSoC5/emFile_1_SPI0_PM.c **** *
 105:.\Generated_Source\PSoC5/emFile_1_SPI0_PM.c **** * Return:
 106:.\Generated_Source\PSoC5/emFile_1_SPI0_PM.c **** *  None.
 107:.\Generated_Source\PSoC5/emFile_1_SPI0_PM.c **** *
 108:.\Generated_Source\PSoC5/emFile_1_SPI0_PM.c **** * Global Variables:
 109:.\Generated_Source\PSoC5/emFile_1_SPI0_PM.c **** *  emFile_1_SPI0_backup - modified when non-retention registers are saved.
 110:.\Generated_Source\PSoC5/emFile_1_SPI0_PM.c **** *
 111:.\Generated_Source\PSoC5/emFile_1_SPI0_PM.c **** * Reentrant:
 112:.\Generated_Source\PSoC5/emFile_1_SPI0_PM.c **** *  No.
 113:.\Generated_Source\PSoC5/emFile_1_SPI0_PM.c **** *
 114:.\Generated_Source\PSoC5/emFile_1_SPI0_PM.c **** *******************************************************************************/
 115:.\Generated_Source\PSoC5/emFile_1_SPI0_PM.c **** void emFile_1_SPI0_Sleep(void) 
 116:.\Generated_Source\PSoC5/emFile_1_SPI0_PM.c **** {
  86              		.loc 1 116 0
  87              		.cfi_startproc
  88              		@ args = 0, pretend = 0, frame = 0
  89              		@ frame_needed = 1, uses_anonymous_args = 0
  90 0000 80B5     		push	{r7, lr}
  91              		.cfi_def_cfa_offset 8
  92              		.cfi_offset 7, -8
  93              		.cfi_offset 14, -4
  94 0002 00AF     		add	r7, sp, #0
  95              		.cfi_def_cfa_register 7
 117:.\Generated_Source\PSoC5/emFile_1_SPI0_PM.c ****     /* Save components enable state */
 118:.\Generated_Source\PSoC5/emFile_1_SPI0_PM.c ****     emFile_1_SPI0_backup.enableState = ((uint8) emFile_1_SPI0_IS_ENABLED);
  96              		.loc 1 118 0
  97 0004 084B     		ldr	r3, .L4
  98 0006 1B78     		ldrb	r3, [r3]
  99 0008 DBB2     		uxtb	r3, r3
 100 000a 03F01003 		and	r3, r3, #16
 101 000e 002B     		cmp	r3, #0
 102 0010 0CBF     		ite	eq
 103 0012 0023     		moveq	r3, #0
 104 0014 0123     		movne	r3, #1
 105 0016 DBB2     		uxtb	r3, r3
 106 0018 1A46     		mov	r2, r3
 107 001a 044B     		ldr	r3, .L4+4
 108 001c 1A70     		strb	r2, [r3]
 119:.\Generated_Source\PSoC5/emFile_1_SPI0_PM.c **** 
 120:.\Generated_Source\PSoC5/emFile_1_SPI0_PM.c ****     emFile_1_SPI0_Stop();
ARM GAS  C:\Users\pfautley\AppData\Local\Temp\ccQrxhuh.s 			page 5


 109              		.loc 1 120 0
 110 001e FFF7FEFF 		bl	emFile_1_SPI0_Stop
 121:.\Generated_Source\PSoC5/emFile_1_SPI0_PM.c ****     emFile_1_SPI0_SaveConfig();
 111              		.loc 1 121 0
 112 0022 FFF7FEFF 		bl	emFile_1_SPI0_SaveConfig
 122:.\Generated_Source\PSoC5/emFile_1_SPI0_PM.c **** }
 113              		.loc 1 122 0
 114 0026 80BD     		pop	{r7, pc}
 115              	.L5:
 116              		.align	2
 117              	.L4:
 118 0028 95640040 		.word	1073767573
 119 002c 00000000 		.word	emFile_1_SPI0_backup
 120              		.cfi_endproc
 121              	.LFE2:
 122              		.size	emFile_1_SPI0_Sleep, .-emFile_1_SPI0_Sleep
 123              		.section	.text.emFile_1_SPI0_Wakeup,"ax",%progbits
 124              		.align	2
 125              		.global	emFile_1_SPI0_Wakeup
 126              		.thumb
 127              		.thumb_func
 128              		.type	emFile_1_SPI0_Wakeup, %function
 129              	emFile_1_SPI0_Wakeup:
 130              	.LFB3:
 123:.\Generated_Source\PSoC5/emFile_1_SPI0_PM.c **** 
 124:.\Generated_Source\PSoC5/emFile_1_SPI0_PM.c **** 
 125:.\Generated_Source\PSoC5/emFile_1_SPI0_PM.c **** /*******************************************************************************
 126:.\Generated_Source\PSoC5/emFile_1_SPI0_PM.c **** * Function Name: emFile_1_SPI0_Wakeup
 127:.\Generated_Source\PSoC5/emFile_1_SPI0_PM.c **** ********************************************************************************
 128:.\Generated_Source\PSoC5/emFile_1_SPI0_PM.c **** *
 129:.\Generated_Source\PSoC5/emFile_1_SPI0_PM.c **** * Summary:
 130:.\Generated_Source\PSoC5/emFile_1_SPI0_PM.c **** *  Prepare SPIM Component to wake up.
 131:.\Generated_Source\PSoC5/emFile_1_SPI0_PM.c **** *
 132:.\Generated_Source\PSoC5/emFile_1_SPI0_PM.c **** * Parameters:
 133:.\Generated_Source\PSoC5/emFile_1_SPI0_PM.c **** *  None.
 134:.\Generated_Source\PSoC5/emFile_1_SPI0_PM.c **** *
 135:.\Generated_Source\PSoC5/emFile_1_SPI0_PM.c **** * Return:
 136:.\Generated_Source\PSoC5/emFile_1_SPI0_PM.c **** *  None.
 137:.\Generated_Source\PSoC5/emFile_1_SPI0_PM.c **** *
 138:.\Generated_Source\PSoC5/emFile_1_SPI0_PM.c **** * Global Variables:
 139:.\Generated_Source\PSoC5/emFile_1_SPI0_PM.c **** *  emFile_1_SPI0_backup - used when non-retention registers are restored.
 140:.\Generated_Source\PSoC5/emFile_1_SPI0_PM.c **** *  emFile_1_SPI0_txBufferWrite - modified every function call - resets to
 141:.\Generated_Source\PSoC5/emFile_1_SPI0_PM.c **** *  zero.
 142:.\Generated_Source\PSoC5/emFile_1_SPI0_PM.c **** *  emFile_1_SPI0_txBufferRead - modified every function call - resets to
 143:.\Generated_Source\PSoC5/emFile_1_SPI0_PM.c **** *  zero.
 144:.\Generated_Source\PSoC5/emFile_1_SPI0_PM.c **** *  emFile_1_SPI0_rxBufferWrite - modified every function call - resets to
 145:.\Generated_Source\PSoC5/emFile_1_SPI0_PM.c **** *  zero.
 146:.\Generated_Source\PSoC5/emFile_1_SPI0_PM.c **** *  emFile_1_SPI0_rxBufferRead - modified every function call - resets to
 147:.\Generated_Source\PSoC5/emFile_1_SPI0_PM.c **** *  zero.
 148:.\Generated_Source\PSoC5/emFile_1_SPI0_PM.c **** *
 149:.\Generated_Source\PSoC5/emFile_1_SPI0_PM.c **** * Reentrant:
 150:.\Generated_Source\PSoC5/emFile_1_SPI0_PM.c **** *  No.
 151:.\Generated_Source\PSoC5/emFile_1_SPI0_PM.c **** *
 152:.\Generated_Source\PSoC5/emFile_1_SPI0_PM.c **** *******************************************************************************/
 153:.\Generated_Source\PSoC5/emFile_1_SPI0_PM.c **** void emFile_1_SPI0_Wakeup(void) 
 154:.\Generated_Source\PSoC5/emFile_1_SPI0_PM.c **** {
 131              		.loc 1 154 0
ARM GAS  C:\Users\pfautley\AppData\Local\Temp\ccQrxhuh.s 			page 6


 132              		.cfi_startproc
 133              		@ args = 0, pretend = 0, frame = 0
 134              		@ frame_needed = 1, uses_anonymous_args = 0
 135 0000 80B5     		push	{r7, lr}
 136              		.cfi_def_cfa_offset 8
 137              		.cfi_offset 7, -8
 138              		.cfi_offset 14, -4
 139 0002 00AF     		add	r7, sp, #0
 140              		.cfi_def_cfa_register 7
 155:.\Generated_Source\PSoC5/emFile_1_SPI0_PM.c ****     emFile_1_SPI0_RestoreConfig();
 141              		.loc 1 155 0
 142 0004 FFF7FEFF 		bl	emFile_1_SPI0_RestoreConfig
 156:.\Generated_Source\PSoC5/emFile_1_SPI0_PM.c **** 
 157:.\Generated_Source\PSoC5/emFile_1_SPI0_PM.c ****     #if(emFile_1_SPI0_RX_SOFTWARE_BUF_ENABLED)
 158:.\Generated_Source\PSoC5/emFile_1_SPI0_PM.c ****         emFile_1_SPI0_rxBufferFull  = 0u;
 159:.\Generated_Source\PSoC5/emFile_1_SPI0_PM.c ****         emFile_1_SPI0_rxBufferRead  = 0u;
 160:.\Generated_Source\PSoC5/emFile_1_SPI0_PM.c ****         emFile_1_SPI0_rxBufferWrite = 0u;
 161:.\Generated_Source\PSoC5/emFile_1_SPI0_PM.c ****     #endif /* (emFile_1_SPI0_RX_SOFTWARE_BUF_ENABLED) */
 162:.\Generated_Source\PSoC5/emFile_1_SPI0_PM.c **** 
 163:.\Generated_Source\PSoC5/emFile_1_SPI0_PM.c ****     #if(emFile_1_SPI0_TX_SOFTWARE_BUF_ENABLED)
 164:.\Generated_Source\PSoC5/emFile_1_SPI0_PM.c ****         emFile_1_SPI0_txBufferFull  = 0u;
 165:.\Generated_Source\PSoC5/emFile_1_SPI0_PM.c ****         emFile_1_SPI0_txBufferRead  = 0u;
 166:.\Generated_Source\PSoC5/emFile_1_SPI0_PM.c ****         emFile_1_SPI0_txBufferWrite = 0u;
 167:.\Generated_Source\PSoC5/emFile_1_SPI0_PM.c ****     #endif /* (emFile_1_SPI0_TX_SOFTWARE_BUF_ENABLED) */
 168:.\Generated_Source\PSoC5/emFile_1_SPI0_PM.c **** 
 169:.\Generated_Source\PSoC5/emFile_1_SPI0_PM.c ****     /* Clear any data from the RX and TX FIFO */
 170:.\Generated_Source\PSoC5/emFile_1_SPI0_PM.c ****     emFile_1_SPI0_ClearFIFO();
 143              		.loc 1 170 0
 144 0008 FFF7FEFF 		bl	emFile_1_SPI0_ClearFIFO
 171:.\Generated_Source\PSoC5/emFile_1_SPI0_PM.c **** 
 172:.\Generated_Source\PSoC5/emFile_1_SPI0_PM.c ****     /* Restore components block enable state */
 173:.\Generated_Source\PSoC5/emFile_1_SPI0_PM.c ****     if(0u != emFile_1_SPI0_backup.enableState)
 145              		.loc 1 173 0
 146 000c 034B     		ldr	r3, .L8
 147 000e 1B78     		ldrb	r3, [r3]	@ zero_extendqisi2
 148 0010 002B     		cmp	r3, #0
 149 0012 01D0     		beq	.L6
 174:.\Generated_Source\PSoC5/emFile_1_SPI0_PM.c ****     {
 175:.\Generated_Source\PSoC5/emFile_1_SPI0_PM.c ****         emFile_1_SPI0_Enable();
 150              		.loc 1 175 0
 151 0014 FFF7FEFF 		bl	emFile_1_SPI0_Enable
 152              	.L6:
 176:.\Generated_Source\PSoC5/emFile_1_SPI0_PM.c ****     }
 177:.\Generated_Source\PSoC5/emFile_1_SPI0_PM.c **** }
 153              		.loc 1 177 0
 154 0018 80BD     		pop	{r7, pc}
 155              	.L9:
 156 001a 00BF     		.align	2
 157              	.L8:
 158 001c 00000000 		.word	emFile_1_SPI0_backup
 159              		.cfi_endproc
 160              	.LFE3:
 161              		.size	emFile_1_SPI0_Wakeup, .-emFile_1_SPI0_Wakeup
 162              		.text
 163              	.Letext0:
 164              		.file 2 ".\\Generated_Source\\PSoC5\\cytypes.h"
 165              		.file 3 ".\\Generated_Source\\PSoC5\\emFile_1_SPI0.h"
ARM GAS  C:\Users\pfautley\AppData\Local\Temp\ccQrxhuh.s 			page 7


 166              		.section	.debug_info,"",%progbits
 167              	.Ldebug_info0:
 168 0000 21010000 		.4byte	0x121
 169 0004 0400     		.2byte	0x4
 170 0006 00000000 		.4byte	.Ldebug_abbrev0
 171 000a 04       		.byte	0x4
 172 000b 01       		.uleb128 0x1
 173 000c 8A010000 		.4byte	.LASF22
 174 0010 01       		.byte	0x1
 175 0011 A6000000 		.4byte	.LASF23
 176 0015 06010000 		.4byte	.LASF24
 177 0019 00000000 		.4byte	.Ldebug_ranges0+0
 178 001d 00000000 		.4byte	0
 179 0021 00000000 		.4byte	.Ldebug_line0
 180 0025 02       		.uleb128 0x2
 181 0026 01       		.byte	0x1
 182 0027 06       		.byte	0x6
 183 0028 59010000 		.4byte	.LASF0
 184 002c 02       		.uleb128 0x2
 185 002d 01       		.byte	0x1
 186 002e 08       		.byte	0x8
 187 002f 93000000 		.4byte	.LASF1
 188 0033 02       		.uleb128 0x2
 189 0034 02       		.byte	0x2
 190 0035 05       		.byte	0x5
 191 0036 80010000 		.4byte	.LASF2
 192 003a 02       		.uleb128 0x2
 193 003b 02       		.byte	0x2
 194 003c 07       		.byte	0x7
 195 003d 46010000 		.4byte	.LASF3
 196 0041 02       		.uleb128 0x2
 197 0042 04       		.byte	0x4
 198 0043 05       		.byte	0x5
 199 0044 D2000000 		.4byte	.LASF4
 200 0048 02       		.uleb128 0x2
 201 0049 04       		.byte	0x4
 202 004a 07       		.byte	0x7
 203 004b 55000000 		.4byte	.LASF5
 204 004f 02       		.uleb128 0x2
 205 0050 08       		.byte	0x8
 206 0051 05       		.byte	0x5
 207 0052 00000000 		.4byte	.LASF6
 208 0056 02       		.uleb128 0x2
 209 0057 08       		.byte	0x8
 210 0058 07       		.byte	0x7
 211 0059 67000000 		.4byte	.LASF7
 212 005d 03       		.uleb128 0x3
 213 005e 04       		.byte	0x4
 214 005f 05       		.byte	0x5
 215 0060 696E7400 		.ascii	"int\000"
 216 0064 02       		.uleb128 0x2
 217 0065 04       		.byte	0x4
 218 0066 07       		.byte	0x7
 219 0067 06020000 		.4byte	.LASF8
 220 006b 04       		.uleb128 0x4
 221 006c 4F000000 		.4byte	.LASF12
 222 0070 02       		.byte	0x2
ARM GAS  C:\Users\pfautley\AppData\Local\Temp\ccQrxhuh.s 			page 8


 223 0071 A1       		.byte	0xa1
 224 0072 2C000000 		.4byte	0x2c
 225 0076 02       		.uleb128 0x2
 226 0077 04       		.byte	0x4
 227 0078 04       		.byte	0x4
 228 0079 7A010000 		.4byte	.LASF9
 229 007d 02       		.uleb128 0x2
 230 007e 08       		.byte	0x8
 231 007f 04       		.byte	0x4
 232 0080 E6000000 		.4byte	.LASF10
 233 0084 02       		.uleb128 0x2
 234 0085 01       		.byte	0x1
 235 0086 08       		.byte	0x8
 236 0087 A1000000 		.4byte	.LASF11
 237 008b 05       		.uleb128 0x5
 238 008c 4A000000 		.4byte	.LASF13
 239 0090 02       		.byte	0x2
 240 0091 4B01     		.2byte	0x14b
 241 0093 97000000 		.4byte	0x97
 242 0097 06       		.uleb128 0x6
 243 0098 6B000000 		.4byte	0x6b
 244 009c 02       		.uleb128 0x2
 245 009d 04       		.byte	0x4
 246 009e 07       		.byte	0x7
 247 009f 2F020000 		.4byte	.LASF14
 248 00a3 07       		.uleb128 0x7
 249 00a4 02       		.byte	0x2
 250 00a5 03       		.byte	0x3
 251 00a6 46       		.byte	0x46
 252 00a7 C4000000 		.4byte	0xc4
 253 00ab 08       		.uleb128 0x8
 254 00ac 0E000000 		.4byte	.LASF15
 255 00b0 03       		.byte	0x3
 256 00b1 48       		.byte	0x48
 257 00b2 6B000000 		.4byte	0x6b
 258 00b6 00       		.byte	0
 259 00b7 08       		.uleb128 0x8
 260 00b8 DB000000 		.4byte	.LASF16
 261 00bc 03       		.byte	0x3
 262 00bd 49       		.byte	0x49
 263 00be 6B000000 		.4byte	0x6b
 264 00c2 01       		.byte	0x1
 265 00c3 00       		.byte	0
 266 00c4 04       		.uleb128 0x4
 267 00c5 1A000000 		.4byte	.LASF17
 268 00c9 03       		.byte	0x3
 269 00ca 4F       		.byte	0x4f
 270 00cb A3000000 		.4byte	0xa3
 271 00cf 09       		.uleb128 0x9
 272 00d0 ED000000 		.4byte	.LASF18
 273 00d4 01       		.byte	0x1
 274 00d5 33       		.byte	0x33
 275 00d6 00000000 		.4byte	.LFB0
 276 00da 0C000000 		.4byte	.LFE0-.LFB0
 277 00de 01       		.uleb128 0x1
 278 00df 9C       		.byte	0x9c
 279 00e0 09       		.uleb128 0x9
ARM GAS  C:\Users\pfautley\AppData\Local\Temp\ccQrxhuh.s 			page 9


 280 00e1 13020000 		.4byte	.LASF19
 281 00e5 01       		.byte	0x1
 282 00e6 54       		.byte	0x54
 283 00e7 00000000 		.4byte	.LFB1
 284 00eb 0C000000 		.4byte	.LFE1-.LFB1
 285 00ef 01       		.uleb128 0x1
 286 00f0 9C       		.byte	0x9c
 287 00f1 0A       		.uleb128 0xa
 288 00f2 36000000 		.4byte	.LASF20
 289 00f6 01       		.byte	0x1
 290 00f7 73       		.byte	0x73
 291 00f8 00000000 		.4byte	.LFB2
 292 00fc 30000000 		.4byte	.LFE2-.LFB2
 293 0100 01       		.uleb128 0x1
 294 0101 9C       		.byte	0x9c
 295 0102 0A       		.uleb128 0xa
 296 0103 65010000 		.4byte	.LASF21
 297 0107 01       		.byte	0x1
 298 0108 99       		.byte	0x99
 299 0109 00000000 		.4byte	.LFB3
 300 010d 20000000 		.4byte	.LFE3-.LFB3
 301 0111 01       		.uleb128 0x1
 302 0112 9C       		.byte	0x9c
 303 0113 0B       		.uleb128 0xb
 304 0114 7E000000 		.4byte	.LASF25
 305 0118 01       		.byte	0x1
 306 0119 14       		.byte	0x14
 307 011a C4000000 		.4byte	0xc4
 308 011e 05       		.uleb128 0x5
 309 011f 03       		.byte	0x3
 310 0120 00000000 		.4byte	emFile_1_SPI0_backup
 311 0124 00       		.byte	0
 312              		.section	.debug_abbrev,"",%progbits
 313              	.Ldebug_abbrev0:
 314 0000 01       		.uleb128 0x1
 315 0001 11       		.uleb128 0x11
 316 0002 01       		.byte	0x1
 317 0003 25       		.uleb128 0x25
 318 0004 0E       		.uleb128 0xe
 319 0005 13       		.uleb128 0x13
 320 0006 0B       		.uleb128 0xb
 321 0007 03       		.uleb128 0x3
 322 0008 0E       		.uleb128 0xe
 323 0009 1B       		.uleb128 0x1b
 324 000a 0E       		.uleb128 0xe
 325 000b 55       		.uleb128 0x55
 326 000c 17       		.uleb128 0x17
 327 000d 11       		.uleb128 0x11
 328 000e 01       		.uleb128 0x1
 329 000f 10       		.uleb128 0x10
 330 0010 17       		.uleb128 0x17
 331 0011 00       		.byte	0
 332 0012 00       		.byte	0
 333 0013 02       		.uleb128 0x2
 334 0014 24       		.uleb128 0x24
 335 0015 00       		.byte	0
 336 0016 0B       		.uleb128 0xb
ARM GAS  C:\Users\pfautley\AppData\Local\Temp\ccQrxhuh.s 			page 10


 337 0017 0B       		.uleb128 0xb
 338 0018 3E       		.uleb128 0x3e
 339 0019 0B       		.uleb128 0xb
 340 001a 03       		.uleb128 0x3
 341 001b 0E       		.uleb128 0xe
 342 001c 00       		.byte	0
 343 001d 00       		.byte	0
 344 001e 03       		.uleb128 0x3
 345 001f 24       		.uleb128 0x24
 346 0020 00       		.byte	0
 347 0021 0B       		.uleb128 0xb
 348 0022 0B       		.uleb128 0xb
 349 0023 3E       		.uleb128 0x3e
 350 0024 0B       		.uleb128 0xb
 351 0025 03       		.uleb128 0x3
 352 0026 08       		.uleb128 0x8
 353 0027 00       		.byte	0
 354 0028 00       		.byte	0
 355 0029 04       		.uleb128 0x4
 356 002a 16       		.uleb128 0x16
 357 002b 00       		.byte	0
 358 002c 03       		.uleb128 0x3
 359 002d 0E       		.uleb128 0xe
 360 002e 3A       		.uleb128 0x3a
 361 002f 0B       		.uleb128 0xb
 362 0030 3B       		.uleb128 0x3b
 363 0031 0B       		.uleb128 0xb
 364 0032 49       		.uleb128 0x49
 365 0033 13       		.uleb128 0x13
 366 0034 00       		.byte	0
 367 0035 00       		.byte	0
 368 0036 05       		.uleb128 0x5
 369 0037 16       		.uleb128 0x16
 370 0038 00       		.byte	0
 371 0039 03       		.uleb128 0x3
 372 003a 0E       		.uleb128 0xe
 373 003b 3A       		.uleb128 0x3a
 374 003c 0B       		.uleb128 0xb
 375 003d 3B       		.uleb128 0x3b
 376 003e 05       		.uleb128 0x5
 377 003f 49       		.uleb128 0x49
 378 0040 13       		.uleb128 0x13
 379 0041 00       		.byte	0
 380 0042 00       		.byte	0
 381 0043 06       		.uleb128 0x6
 382 0044 35       		.uleb128 0x35
 383 0045 00       		.byte	0
 384 0046 49       		.uleb128 0x49
 385 0047 13       		.uleb128 0x13
 386 0048 00       		.byte	0
 387 0049 00       		.byte	0
 388 004a 07       		.uleb128 0x7
 389 004b 13       		.uleb128 0x13
 390 004c 01       		.byte	0x1
 391 004d 0B       		.uleb128 0xb
 392 004e 0B       		.uleb128 0xb
 393 004f 3A       		.uleb128 0x3a
ARM GAS  C:\Users\pfautley\AppData\Local\Temp\ccQrxhuh.s 			page 11


 394 0050 0B       		.uleb128 0xb
 395 0051 3B       		.uleb128 0x3b
 396 0052 0B       		.uleb128 0xb
 397 0053 01       		.uleb128 0x1
 398 0054 13       		.uleb128 0x13
 399 0055 00       		.byte	0
 400 0056 00       		.byte	0
 401 0057 08       		.uleb128 0x8
 402 0058 0D       		.uleb128 0xd
 403 0059 00       		.byte	0
 404 005a 03       		.uleb128 0x3
 405 005b 0E       		.uleb128 0xe
 406 005c 3A       		.uleb128 0x3a
 407 005d 0B       		.uleb128 0xb
 408 005e 3B       		.uleb128 0x3b
 409 005f 0B       		.uleb128 0xb
 410 0060 49       		.uleb128 0x49
 411 0061 13       		.uleb128 0x13
 412 0062 38       		.uleb128 0x38
 413 0063 0B       		.uleb128 0xb
 414 0064 00       		.byte	0
 415 0065 00       		.byte	0
 416 0066 09       		.uleb128 0x9
 417 0067 2E       		.uleb128 0x2e
 418 0068 00       		.byte	0
 419 0069 3F       		.uleb128 0x3f
 420 006a 19       		.uleb128 0x19
 421 006b 03       		.uleb128 0x3
 422 006c 0E       		.uleb128 0xe
 423 006d 3A       		.uleb128 0x3a
 424 006e 0B       		.uleb128 0xb
 425 006f 3B       		.uleb128 0x3b
 426 0070 0B       		.uleb128 0xb
 427 0071 27       		.uleb128 0x27
 428 0072 19       		.uleb128 0x19
 429 0073 11       		.uleb128 0x11
 430 0074 01       		.uleb128 0x1
 431 0075 12       		.uleb128 0x12
 432 0076 06       		.uleb128 0x6
 433 0077 40       		.uleb128 0x40
 434 0078 18       		.uleb128 0x18
 435 0079 9742     		.uleb128 0x2117
 436 007b 19       		.uleb128 0x19
 437 007c 00       		.byte	0
 438 007d 00       		.byte	0
 439 007e 0A       		.uleb128 0xa
 440 007f 2E       		.uleb128 0x2e
 441 0080 00       		.byte	0
 442 0081 3F       		.uleb128 0x3f
 443 0082 19       		.uleb128 0x19
 444 0083 03       		.uleb128 0x3
 445 0084 0E       		.uleb128 0xe
 446 0085 3A       		.uleb128 0x3a
 447 0086 0B       		.uleb128 0xb
 448 0087 3B       		.uleb128 0x3b
 449 0088 0B       		.uleb128 0xb
 450 0089 27       		.uleb128 0x27
ARM GAS  C:\Users\pfautley\AppData\Local\Temp\ccQrxhuh.s 			page 12


 451 008a 19       		.uleb128 0x19
 452 008b 11       		.uleb128 0x11
 453 008c 01       		.uleb128 0x1
 454 008d 12       		.uleb128 0x12
 455 008e 06       		.uleb128 0x6
 456 008f 40       		.uleb128 0x40
 457 0090 18       		.uleb128 0x18
 458 0091 9642     		.uleb128 0x2116
 459 0093 19       		.uleb128 0x19
 460 0094 00       		.byte	0
 461 0095 00       		.byte	0
 462 0096 0B       		.uleb128 0xb
 463 0097 34       		.uleb128 0x34
 464 0098 00       		.byte	0
 465 0099 03       		.uleb128 0x3
 466 009a 0E       		.uleb128 0xe
 467 009b 3A       		.uleb128 0x3a
 468 009c 0B       		.uleb128 0xb
 469 009d 3B       		.uleb128 0x3b
 470 009e 0B       		.uleb128 0xb
 471 009f 49       		.uleb128 0x49
 472 00a0 13       		.uleb128 0x13
 473 00a1 02       		.uleb128 0x2
 474 00a2 18       		.uleb128 0x18
 475 00a3 00       		.byte	0
 476 00a4 00       		.byte	0
 477 00a5 00       		.byte	0
 478              		.section	.debug_aranges,"",%progbits
 479 0000 34000000 		.4byte	0x34
 480 0004 0200     		.2byte	0x2
 481 0006 00000000 		.4byte	.Ldebug_info0
 482 000a 04       		.byte	0x4
 483 000b 00       		.byte	0
 484 000c 0000     		.2byte	0
 485 000e 0000     		.2byte	0
 486 0010 00000000 		.4byte	.LFB0
 487 0014 0C000000 		.4byte	.LFE0-.LFB0
 488 0018 00000000 		.4byte	.LFB1
 489 001c 0C000000 		.4byte	.LFE1-.LFB1
 490 0020 00000000 		.4byte	.LFB2
 491 0024 30000000 		.4byte	.LFE2-.LFB2
 492 0028 00000000 		.4byte	.LFB3
 493 002c 20000000 		.4byte	.LFE3-.LFB3
 494 0030 00000000 		.4byte	0
 495 0034 00000000 		.4byte	0
 496              		.section	.debug_ranges,"",%progbits
 497              	.Ldebug_ranges0:
 498 0000 00000000 		.4byte	.LFB0
 499 0004 0C000000 		.4byte	.LFE0
 500 0008 00000000 		.4byte	.LFB1
 501 000c 0C000000 		.4byte	.LFE1
 502 0010 00000000 		.4byte	.LFB2
 503 0014 30000000 		.4byte	.LFE2
 504 0018 00000000 		.4byte	.LFB3
 505 001c 20000000 		.4byte	.LFE3
 506 0020 00000000 		.4byte	0
 507 0024 00000000 		.4byte	0
ARM GAS  C:\Users\pfautley\AppData\Local\Temp\ccQrxhuh.s 			page 13


 508              		.section	.debug_line,"",%progbits
 509              	.Ldebug_line0:
 510 0000 B4000000 		.section	.debug_str,"MS",%progbits,1
 510      02006200 
 510      00000201 
 510      FB0E0D00 
 510      01010101 
 511              	.LASF6:
 512 0000 6C6F6E67 		.ascii	"long long int\000"
 512      206C6F6E 
 512      6720696E 
 512      7400
 513              	.LASF15:
 514 000e 656E6162 		.ascii	"enableState\000"
 514      6C655374 
 514      61746500 
 515              	.LASF17:
 516 001a 656D4669 		.ascii	"emFile_1_SPI0_BACKUP_STRUCT\000"
 516      6C655F31 
 516      5F535049 
 516      305F4241 
 516      434B5550 
 517              	.LASF20:
 518 0036 656D4669 		.ascii	"emFile_1_SPI0_Sleep\000"
 518      6C655F31 
 518      5F535049 
 518      305F536C 
 518      65657000 
 519              	.LASF13:
 520 004a 72656738 		.ascii	"reg8\000"
 520      00
 521              	.LASF12:
 522 004f 75696E74 		.ascii	"uint8\000"
 522      3800
 523              	.LASF5:
 524 0055 6C6F6E67 		.ascii	"long unsigned int\000"
 524      20756E73 
 524      69676E65 
 524      6420696E 
 524      7400
 525              	.LASF7:
 526 0067 6C6F6E67 		.ascii	"long long unsigned int\000"
 526      206C6F6E 
 526      6720756E 
 526      7369676E 
 526      65642069 
 527              	.LASF25:
 528 007e 656D4669 		.ascii	"emFile_1_SPI0_backup\000"
 528      6C655F31 
 528      5F535049 
 528      305F6261 
 528      636B7570 
 529              	.LASF1:
 530 0093 756E7369 		.ascii	"unsigned char\000"
 530      676E6564 
 530      20636861 
 530      7200
ARM GAS  C:\Users\pfautley\AppData\Local\Temp\ccQrxhuh.s 			page 14


 531              	.LASF11:
 532 00a1 63686172 		.ascii	"char\000"
 532      00
 533              	.LASF23:
 534 00a6 2E5C4765 		.ascii	".\\Generated_Source\\PSoC5\\emFile_1_SPI0_PM.c\000"
 534      6E657261 
 534      7465645F 
 534      536F7572 
 534      63655C50 
 535              	.LASF4:
 536 00d2 6C6F6E67 		.ascii	"long int\000"
 536      20696E74 
 536      00
 537              	.LASF16:
 538 00db 636E7472 		.ascii	"cntrPeriod\000"
 538      50657269 
 538      6F6400
 539              	.LASF10:
 540 00e6 646F7562 		.ascii	"double\000"
 540      6C6500
 541              	.LASF18:
 542 00ed 656D4669 		.ascii	"emFile_1_SPI0_SaveConfig\000"
 542      6C655F31 
 542      5F535049 
 542      305F5361 
 542      7665436F 
 543              	.LASF24:
 544 0106 433A5C55 		.ascii	"C:\\Users\\pfautley\\Desktop\\finalproject.cydsn\\f"
 544      73657273 
 544      5C706661 
 544      75746C65 
 544      795C4465 
 545 0134 696E616C 		.ascii	"inalproject.cydsn\000"
 545      70726F6A 
 545      6563742E 
 545      63796473 
 545      6E00
 546              	.LASF3:
 547 0146 73686F72 		.ascii	"short unsigned int\000"
 547      7420756E 
 547      7369676E 
 547      65642069 
 547      6E7400
 548              	.LASF0:
 549 0159 7369676E 		.ascii	"signed char\000"
 549      65642063 
 549      68617200 
 550              	.LASF21:
 551 0165 656D4669 		.ascii	"emFile_1_SPI0_Wakeup\000"
 551      6C655F31 
 551      5F535049 
 551      305F5761 
 551      6B657570 
 552              	.LASF9:
 553 017a 666C6F61 		.ascii	"float\000"
 553      7400
 554              	.LASF2:
ARM GAS  C:\Users\pfautley\AppData\Local\Temp\ccQrxhuh.s 			page 15


 555 0180 73686F72 		.ascii	"short int\000"
 555      7420696E 
 555      7400
 556              	.LASF22:
 557 018a 474E5520 		.ascii	"GNU C 4.8.4 20140526 (release) [ARM/embedded-4_8-br"
 557      4320342E 
 557      382E3420 
 557      32303134 
 557      30353236 
 558 01bd 616E6368 		.ascii	"anch revision 211358] -mcpu=cortex-m3 -mthumb -g -O"
 558      20726576 
 558      6973696F 
 558      6E203231 
 558      31333538 
 559 01f0 30202D66 		.ascii	"0 -ffunction-sections\000"
 559      66756E63 
 559      74696F6E 
 559      2D736563 
 559      74696F6E 
 560              	.LASF8:
 561 0206 756E7369 		.ascii	"unsigned int\000"
 561      676E6564 
 561      20696E74 
 561      00
 562              	.LASF19:
 563 0213 656D4669 		.ascii	"emFile_1_SPI0_RestoreConfig\000"
 563      6C655F31 
 563      5F535049 
 563      305F5265 
 563      73746F72 
 564              	.LASF14:
 565 022f 73697A65 		.ascii	"sizetype\000"
 565      74797065 
 565      00
 566              		.ident	"GCC: (GNU Tools for ARM Embedded Processors) 4.8.4 20140526 (release) [ARM/embedded-4_8-br
