Archive member included because of file (symbol)

.\CortexM3\ARM_GCC_484\Debug\finalproject.a(cyfitter_cfg.o)
                              .\CortexM3\ARM_GCC_484\Debug\Cm3Start.o (cyfitter_cfg)
.\CortexM3\ARM_GCC_484\Debug\finalproject.a(red.o)
                              .\CortexM3\ARM_GCC_484\Debug\main.o (red_Write)
.\CortexM3\ARM_GCC_484\Debug\finalproject.a(clk.o)
                              .\CortexM3\ARM_GCC_484\Debug\main.o (clk_Write)
.\CortexM3\ARM_GCC_484\Debug\finalproject.a(CBA.o)
                              .\CortexM3\ARM_GCC_484\Debug\main.o (CBA_Write)
.\CortexM3\ARM_GCC_484\Debug\finalproject.a(Latch.o)
                              .\CortexM3\ARM_GCC_484\Debug\main.o (Latch_Write)
.\CortexM3\ARM_GCC_484\Debug\finalproject.a(OE.o)
                              .\CortexM3\ARM_GCC_484\Debug\main.o (OE_Write)
.\CortexM3\ARM_GCC_484\Debug\finalproject.a(blue.o)
                              .\CortexM3\ARM_GCC_484\Debug\main.o (blue_Write)
.\CortexM3\ARM_GCC_484\Debug\finalproject.a(green.o)
                              .\CortexM3\ARM_GCC_484\Debug\main.o (green_Write)
.\CortexM3\ARM_GCC_484\Debug\finalproject.a(Timer_1.o)
                              .\CortexM3\ARM_GCC_484\Debug\main.o (Timer_1_Start)
.\CortexM3\ARM_GCC_484\Debug\finalproject.a(isr_1.o)
                              .\CortexM3\ARM_GCC_484\Debug\main.o (isr_1_StartEx)
.\CortexM3\ARM_GCC_484\Debug\finalproject.a(CyBootAsmGnu.o)
                              .\CortexM3\ARM_GCC_484\Debug\finalproject.a(cyfitter_cfg.o) (CyDelayCycles)
.\CortexM3\ARM_GCC_484\Debug\finalproject.a(CyDmac.o)
                              .\CortexM3\ARM_GCC_484\Debug\Cm3Start.o (CyDmacConfigure)
.\CortexM3\ARM_GCC_484\Debug\finalproject.a(CyLib.o)
                              .\CortexM3\ARM_GCC_484\Debug\Cm3Start.o (CyResetStatus)
.\CortexM3\ARM_GCC_484\Debug\finalproject.a(cyPm.o)
                              .\CortexM3\ARM_GCC_484\Debug\finalproject.a(CyLib.o) (CyPmReadStatus)
.\CortexM3\ARM_GCC_484\Debug\finalproject.a(blue2.o)
                              .\CortexM3\ARM_GCC_484\Debug\main.o (blue2_Write)
.\CortexM3\ARM_GCC_484\Debug\finalproject.a(red2.o)
                              .\CortexM3\ARM_GCC_484\Debug\main.o (red2_Write)
.\CortexM3\ARM_GCC_484\Debug\finalproject.a(green2.o)
                              .\CortexM3\ARM_GCC_484\Debug\main.o (green2_Write)
.\CortexM3\ARM_GCC_484\Debug\finalproject.a(USBUART_1.o)
                              .\CortexM3\ARM_GCC_484\Debug\main.o (USBUART_1_Start)
.\CortexM3\ARM_GCC_484\Debug\finalproject.a(USBUART_1_cdc.o)
                              .\CortexM3\ARM_GCC_484\Debug\main.o (USBUART_1_CDC_Init)
.\CortexM3\ARM_GCC_484\Debug\finalproject.a(USBUART_1_drv.o)
                              .\CortexM3\ARM_GCC_484\Debug\finalproject.a(USBUART_1.o) (USBUART_1_EP)
.\CortexM3\ARM_GCC_484\Debug\finalproject.a(USBUART_1_episr.o)
                              .\CortexM3\ARM_GCC_484\Debug\finalproject.a(USBUART_1.o) (USBUART_1_EP_1_ISR)
.\CortexM3\ARM_GCC_484\Debug\finalproject.a(USBUART_1_std.o)
                              .\CortexM3\ARM_GCC_484\Debug\finalproject.a(USBUART_1_drv.o) (USBUART_1_HandleStandardRqst)
.\CortexM3\ARM_GCC_484\Debug\finalproject.a(USBUART_1_vnd.o)
                              .\CortexM3\ARM_GCC_484\Debug\finalproject.a(USBUART_1_drv.o) (USBUART_1_HandleVendorRqst)
.\CortexM3\ARM_GCC_484\Debug\finalproject.a(LCD_Char.o)
                              .\CortexM3\ARM_GCC_484\Debug\main.o (LCD_Char_WriteControl)
.\CortexM3\ARM_GCC_484\Debug\finalproject.a(USBUART_1_ep3_dma.o)
                              .\CortexM3\ARM_GCC_484\Debug\finalproject.a(USBUART_1.o) (USBUART_1_ep3_DmaInitialize)
.\CortexM3\ARM_GCC_484\Debug\finalproject.a(USBUART_1_ep2_dma.o)
                              .\CortexM3\ARM_GCC_484\Debug\finalproject.a(USBUART_1.o) (USBUART_1_ep2_DmaInitialize)
.\CortexM3\ARM_GCC_484\Debug\finalproject.a(USBUART_1_ep1_dma.o)
                              .\CortexM3\ARM_GCC_484\Debug\finalproject.a(USBUART_1.o) (USBUART_1_ep1_DmaInitialize)
.\CortexM3\ARM_GCC_484\Debug\finalproject.a(UART_1.o)
                              .\CortexM3\ARM_GCC_484\Debug\main.o (UART_1_Start)
.\CortexM3\ARM_GCC_484\Debug\finalproject.a(UART_1_IntClock.o)
                              .\CortexM3\ARM_GCC_484\Debug\finalproject.a(UART_1.o) (UART_1_IntClock_Start)
.\CortexM3\ARM_GCC_484\Debug\finalproject.a(isr_Tx.o)
                              .\CortexM3\ARM_GCC_484\Debug\main.o (isr_Tx_StartEx)
.\CortexM3\ARM_GCC_484\Debug\finalproject.a(isr_Rx.o)
                              .\CortexM3\ARM_GCC_484\Debug\main.o (isr_Rx_StartEx)
.\CortexM3\ARM_GCC_484\Debug\finalproject.a(CyFlash.o)
                              .\CortexM3\ARM_GCC_484\Debug\finalproject.a(cyPm.o) (CyFlash_SetWaitCycles)
.\CortexM3\ARM_GCC_484\Debug\finalproject.a(CySpc.o)
                              .\CortexM3\ARM_GCC_484\Debug\finalproject.a(CyFlash.o) (CySpcStart)
[...]
Memory Configuration

Name             Origin             Length             Attributes
rom              0x00000000         0x00040000         xr
ram              0x1fff8000         0x00010000         xrw
*default*        0x00000000         0xffffffff

Linker script and memory map

LOAD c:/program files/cypress/psoc creator/3.1/psoc creator/import/gnu_cs/arm/4.8.4/bin/../lib/gcc/arm-none-eabi/4.8.4/armv7-m/crti.o
LOAD c:/program files/cypress/psoc creator/3.1/psoc creator/import/gnu_cs/arm/4.8.4/bin/../lib/gcc/arm-none-eabi/4.8.4/armv7-m/crtbegin.o
LOAD c:/program files/cypress/psoc creator/3.1/psoc creator/import/gnu_cs/arm/4.8.4/bin/../lib/gcc/arm-none-eabi/4.8.4/../../../../arm-none-eabi/lib/armv7-m/crt0.o
START GROUP
LOAD .\CortexM3\ARM_GCC_484\Debug\main.o
LOAD .\CortexM3\ARM_GCC_484\Debug\cymetadata.o
LOAD .\CortexM3\ARM_GCC_484\Debug\Cm3Start.o
LOAD .\CortexM3\ARM_GCC_484\Debug\finalproject.a
LOAD C:\Program Files\Cypress\PSoC Creator\3.1\PSoC Creator\psoc\content\cycomponentlibrary\CyComponentLibrary.cylib\CortexM3\ARM_GCC_484\Debug\CyComponentLibrary.a
LOAD .\emFile_V322c\LinkLibrary\PSoC5\GCC\libemf32nosnlfn.a
END GROUP
START GROUP
LOAD c:/program files/cypress/psoc creator/3.1/psoc creator/import/gnu_cs/arm/4.8.4/bin/../lib/gcc/arm-none-eabi/4.8.4/armv7-m\libgcc.a
LOAD c:/program files/cypress/psoc creator/3.1/psoc creator/import/gnu_cs/arm/4.8.4/bin/../lib/gcc/arm-none-eabi/4.8.4/../../../../arm-none-eabi/lib/armv7-m\libg_s.a
LOAD c:/program files/cypress/psoc creator/3.1/psoc creator/import/gnu_cs/arm/4.8.4/bin/../lib/gcc/arm-none-eabi/4.8.4/../../../../arm-none-eabi/lib/armv7-m\libc_s.a
END GROUP
START GROUP
LOAD c:/program files/cypress/psoc creator/3.1/psoc creator/import/gnu_cs/arm/4.8.4/bin/../lib/gcc/arm-none-eabi/4.8.4/armv7-m\libgcc.a
LOAD c:/program files/cypress/psoc creator/3.1/psoc creator/import/gnu_cs/arm/4.8.4/bin/../lib/gcc/arm-none-eabi/4.8.4/../../../../arm-none-eabi/lib/armv7-m\libc_s.a
END GROUP
LOAD c:/program files/cypress/psoc creator/3.1/psoc creator/import/gnu_cs/arm/4.8.4/bin/../lib/gcc/arm-none-eabi/4.8.4/armv7-m/crtend.o
LOAD c:/program files/cypress/psoc creator/3.1/psoc creator/import/gnu_cs/arm/4.8.4/bin/../lib/gcc/arm-none-eabi/4.8.4/armv7-m/crtn.o
START GROUP
LOAD c:/program files/cypress/psoc creator/3.1/psoc creator/import/gnu_cs/arm/4.8.4/bin/../lib/gcc/arm-none-eabi/4.8.4/armv7-m\libgcc.a
LOAD c:/program files/cypress/psoc creator/3.1/psoc creator/import/gnu_cs/arm/4.8.4/bin/../lib/gcc/arm-none-eabi/4.8.4/../../../../arm-none-eabi/lib/armv7-m\libc.a
LOAD c:/program files/cypress/psoc creator/3.1/psoc creator/import/gnu_cs/arm/4.8.4/bin/../lib/gcc/arm-none-eabi/4.8.4/../../../../arm-none-eabi/lib/armv7-m\libnosys.a
END GROUP
                0x00000000                CY_APPL_ORIGIN = 0x0
                0x00000100                CY_FLASH_ROW_SIZE = 0x100
                0x00000020                CY_ECC_ROW_SIZE = 0x20
                0x00000000                CY_EE_IN_BTLDR = 0x0
                0x00000000                CY_APPL_LOADABLE = 0x0
                0x00000800                CY_EE_SIZE = 0x800
                0x00000001                CY_APPL_NUM = 0x1
                0x00000001                CY_APPL_MAX = 0x1
                0x00000040                CY_METADATA_SIZE = 0x40
                0x1fff9698                PROVIDE (__cy_heap_start, _end)
                0x00000001                PROVIDE (__cy_region_num, ((__cy_regions_end - __cy_regions) / 0x10))
                0x20008000                PROVIDE (__cy_stack, (ORIGIN (ram) + 0x10000))
                0x20007800                PROVIDE (__cy_heap_end, (__cy_stack - 0x800))

.cybootloader   0x00000000        0x0
 *(.cybootloader)
                0x00000000                appl1_start = CY_APPL_ORIGIN?CY_APPL_ORIGIN:ALIGN (CY_FLASH_ROW_SIZE)
                0x0001ff00                appl2_start = (appl1_start + ALIGN ((((0x40000 - appl1_start) - (0x2 * CY_FLASH_ROW_SIZE)) / 0x2), CY_FLASH_ROW_SIZE))
                0x00000000                appl_start = (CY_APPL_NUM == 0x1)?appl1_start:appl2_start
                0x00000000                ecc_offset = ((appl_start / CY_FLASH_ROW_SIZE) * CY_ECC_ROW_SIZE)
                0x00000000                ee_offset = (CY_APPL_LOADABLE && ! (CY_EE_IN_BTLDR))?((CY_EE_SIZE / CY_APPL_MAX) * (CY_APPL_NUM - 0x1)):0x0
                0x00000800                ee_size = (CY_APPL_LOADABLE && ! (CY_EE_IN_BTLDR))?(CY_EE_SIZE / CY_APPL_MAX):CY_EE_SIZE
                0x00000000                PROVIDE (CY_ECC_OFFSET, ecc_offset)

.text           0x00000000     0x4c42
 CREATE_OBJECT_SYMBOLS
                0x00000000                PROVIDE (__cy_interrupt_vector, RomVectors)
 *(.romvectors)
 .romvectors    0x00000000       0x10 .\CortexM3\ARM_GCC_484\Debug\Cm3Start.o
                0x00000000                RomVectors
                0x00000001                ASSERT ((. != __cy_interrupt_vector), No interrupt vector)
                0x00000001                ASSERT (CY_APPL_ORIGIN?(SIZEOF (.cybootloader) <= CY_APPL_ORIGIN):0x1, Wrong image location)
                0x00000010                PROVIDE (__cy_reset, Reset)
 *(.text.Reset)
 .text.Reset    0x00000010       0x18 .\CortexM3\ARM_GCC_484\Debug\Cm3Start.o
                0x00000010                Reset
                0x00000001                ASSERT ((. != __cy_reset), No reset code)
 *(.dma_init)
                0x00000001                ASSERT ((((appl_start + .) <= 0x10000) || 0x1), DMA Init must be within the first 64k of flash)
 *(.text .text.* .gnu.linkonce.t.*)
 .text          0x00000028       0x54 c:/program files/cypress/psoc creator/3.1/psoc creator/import/gnu_cs/arm/4.8.4/bin/../lib/gcc/arm-none-eabi/4.8.4/armv7-m/crtbegin.o
 .text.InterruptHandler
                0x0000007c      0x304 .\CortexM3\ARM_GCC_484\Debug\main.o
                0x0000007c                InterruptHandler
 .text.RxHandler
                0x00000380       0x9c .\CortexM3\ARM_GCC_484\Debug\main.o
                0x00000380                RxHandler
 .text.TxHandler
                0x0000041c        0xc .\CortexM3\ARM_GCC_484\Debug\main.o
                0x0000041c                TxHandler
 .text.main     0x00000428       0xe8 .\CortexM3\ARM_GCC_484\Debug\main.o
                0x00000428                main
 .text.IntDefaultHandler
                0x00000510        0x8 .\CortexM3\ARM_GCC_484\Debug\Cm3Start.o
                0x00000510                IntDefaultHandler
 .text.Start_c  0x00000518       0x98 .\CortexM3\ARM_GCC_484\Debug\Cm3Start.o
                0x00000518                Start_c
 .text.initialize_psoc
                0x000005b0       0x90 .\CortexM3\ARM_GCC_484\Debug\Cm3Start.o
                0x000005b0                initialize_psoc
 .text.CYMEMZERO
                0x00000640       0x1c .\CortexM3\ARM_GCC_484\Debug\finalproject.a(cyfitter_cfg.o)
 .text.CYCONFIGCPY
                0x0000065c       0x1c .\CortexM3\ARM_GCC_484\Debug\finalproject.a(cyfitter_cfg.o)
 .text.CyClockStartupError
                0x00000678        0xc .\CortexM3\ARM_GCC_484\Debug\finalproject.a(cyfitter_cfg.o)
 .text.cfg_write_bytes32
                0x00000684       0x74 .\CortexM3\ARM_GCC_484\Debug\finalproject.a(cyfitter_cfg.o)
 .text.ClockSetup
                0x000006f8      0x118 .\CortexM3\ARM_GCC_484\Debug\finalproject.a(cyfitter_cfg.o)
 .text.AnalogSetDefault
                0x00000810       0x44 .\CortexM3\ARM_GCC_484\Debug\finalproject.a(cyfitter_cfg.o)
 .text.cyfitter_cfg
                0x00000854      0x1d8 .\CortexM3\ARM_GCC_484\Debug\finalproject.a(cyfitter_cfg.o)
                0x00000854                cyfitter_cfg
 .text.red_Write
                0x00000a2c       0x20 .\CortexM3\ARM_GCC_484\Debug\finalproject.a(red.o)
                0x00000a2c                red_Write
 .text.clk_Write
                0x00000a4c       0x20 .\CortexM3\ARM_GCC_484\Debug\finalproject.a(clk.o)
                0x00000a4c                clk_Write
 .text.CBA_Write
                0x00000a6c       0x20 .\CortexM3\ARM_GCC_484\Debug\finalproject.a(CBA.o)
                0x00000a6c                CBA_Write
 .text.Latch_Write
                0x00000a8c       0x20 .\CortexM3\ARM_GCC_484\Debug\finalproject.a(Latch.o)
                0x00000a8c                Latch_Write
 .text.OE_Write
                0x00000aac       0x20 .\CortexM3\ARM_GCC_484\Debug\finalproject.a(OE.o)
                0x00000aac                OE_Write
 .text.blue_Write
                0x00000acc       0x20 .\CortexM3\ARM_GCC_484\Debug\finalproject.a(blue.o)
                0x00000acc                blue_Write
 .text.green_Write
                0x00000aec       0x20 .\CortexM3\ARM_GCC_484\Debug\finalproject.a(green.o)
                0x00000aec                green_Write
 .text.Timer_1_Init
                0x00000b0c       0x4c .\CortexM3\ARM_GCC_484\Debug\finalproject.a(Timer_1.o)
                0x00000b0c                Timer_1_Init
 .text.Timer_1_Enable
                0x00000b58       0x20 .\CortexM3\ARM_GCC_484\Debug\finalproject.a(Timer_1.o)
                0x00000b58                Timer_1_Enable
 .text.Timer_1_Start
                0x00000b78       0x20 .\CortexM3\ARM_GCC_484\Debug\finalproject.a(Timer_1.o)
                0x00000b78                Timer_1_Start
 .text.Timer_1_SetInterruptMode
                0x00000b98       0x20 .\CortexM3\ARM_GCC_484\Debug\finalproject.a(Timer_1.o)
                0x00000b98                Timer_1_SetInterruptMode
 .text.Timer_1_ReadStatusRegister
                0x00000bb8       0x18 .\CortexM3\ARM_GCC_484\Debug\finalproject.a(Timer_1.o)
                0x00000bb8                Timer_1_ReadStatusRegister
 .text.Timer_1_WritePeriod
                0x00000bd0       0x20 .\CortexM3\ARM_GCC_484\Debug\finalproject.a(Timer_1.o)
                0x00000bd0                Timer_1_WritePeriod
 .text.Timer_1_ReadCapture
                0x00000bf0       0x18 .\CortexM3\ARM_GCC_484\Debug\finalproject.a(Timer_1.o)
                0x00000bf0                Timer_1_ReadCapture
 .text.Timer_1_WriteCounter
                0x00000c08       0x20 .\CortexM3\ARM_GCC_484\Debug\finalproject.a(Timer_1.o)
                0x00000c08                Timer_1_WriteCounter
 .text.Timer_1_ClearFIFO
                0x00000c28       0x1c .\CortexM3\ARM_GCC_484\Debug\finalproject.a(Timer_1.o)
                0x00000c28                Timer_1_ClearFIFO
 .text.isr_1_StartEx
                0x00000c44       0x24 .\CortexM3\ARM_GCC_484\Debug\finalproject.a(isr_1.o)
                0x00000c44                isr_1_StartEx
 .text.isr_1_SetVector
                0x00000c68       0x24 .\CortexM3\ARM_GCC_484\Debug\finalproject.a(isr_1.o)
                0x00000c68                isr_1_SetVector
 .text.isr_1_SetPriority
                0x00000c8c       0x24 .\CortexM3\ARM_GCC_484\Debug\finalproject.a(isr_1.o)
                0x00000c8c                isr_1_SetPriority
 .text.isr_1_Enable
                0x00000cb0       0x18 .\CortexM3\ARM_GCC_484\Debug\finalproject.a(isr_1.o)
                0x00000cb0                isr_1_Enable
 .text.isr_1_Disable
                0x00000cc8       0x18 .\CortexM3\ARM_GCC_484\Debug\finalproject.a(isr_1.o)
                0x00000cc8                isr_1_Disable
 .text          0x00000ce0       0x28 .\CortexM3\ARM_GCC_484\Debug\finalproject.a(CyBootAsmGnu.o)
                0x00000ce0                CyDelayCycles
                0x00000cf4                CyEnterCriticalSection
                0x00000cfc                CyExitCriticalSection
 .text.CyDmacConfigure
                0x00000d08       0x5c .\CortexM3\ARM_GCC_484\Debug\finalproject.a(CyDmac.o)
                0x00000d08                CyDmacConfigure
 .text.CyDmaChEnable
                0x00000d64       0x8c .\CortexM3\ARM_GCC_484\Debug\finalproject.a(CyDmac.o)
                0x00000d64                CyDmaChEnable
 .text.CyDmaChDisable
                0x00000df0       0x64 .\CortexM3\ARM_GCC_484\Debug\finalproject.a(CyDmac.o)
                0x00000df0                CyDmaChDisable
 .text.CyDmaChPriority
                0x00000e54       0x5c .\CortexM3\ARM_GCC_484\Debug\finalproject.a(CyDmac.o)
                0x00000e54                CyDmaChPriority
 .text.CyDmaChSetExtendedAddress
                0x00000eb0       0x7c .\CortexM3\ARM_GCC_484\Debug\finalproject.a(CyDmac.o)
                0x00000eb0                CyDmaChSetExtendedAddress
 .text.CyDmaChSetInitialTd
                0x00000f2c       0x3c .\CortexM3\ARM_GCC_484\Debug\finalproject.a(CyDmac.o)
                0x00000f2c                CyDmaChSetInitialTd
 .text.CyDmaChSetConfiguration
                0x00000f68       0x90 .\CortexM3\ARM_GCC_484\Debug\finalproject.a(CyDmac.o)
                0x00000f68                CyDmaChSetConfiguration
 .text.CyDmaTdAllocate
                0x00000ff8       0x5c .\CortexM3\ARM_GCC_484\Debug\finalproject.a(CyDmac.o)
                0x00000ff8                CyDmaTdAllocate
 .text.CyDmaTdSetConfiguration
                0x00001054       0x70 .\CortexM3\ARM_GCC_484\Debug\finalproject.a(CyDmac.o)
                0x00001054                CyDmaTdSetConfiguration
 .text.CyDmaTdSetAddress
                0x000010c4       0x5c .\CortexM3\ARM_GCC_484\Debug\finalproject.a(CyDmac.o)
                0x000010c4                CyDmaTdSetAddress
 .text.CyHalt   0x00001120       0x18 .\CortexM3\ARM_GCC_484\Debug\finalproject.a(CyLib.o)
                0x00001120                CyHalt
 .text.CyDelay  0x00001138       0x44 .\CortexM3\ARM_GCC_484\Debug\finalproject.a(CyLib.o)
                0x00001138                CyDelay
 .text.CyDelayUs
                0x0000117c       0x24 .\CortexM3\ARM_GCC_484\Debug\finalproject.a(CyLib.o)
                0x0000117c                CyDelayUs
 .text.CyIntSetVector
                0x000011a0       0x50 .\CortexM3\ARM_GCC_484\Debug\finalproject.a(CyLib.o)
                0x000011a0                CyIntSetVector
 .text.CyIntSetPriority
                0x000011f0       0x44 .\CortexM3\ARM_GCC_484\Debug\finalproject.a(CyLib.o)
                0x000011f0                CyIntSetPriority
 .text.blue2_Write
                0x00001234       0x20 .\CortexM3\ARM_GCC_484\Debug\finalproject.a(blue2.o)
                0x00001234                blue2_Write
 .text.red2_Write
                0x00001254       0x20 .\CortexM3\ARM_GCC_484\Debug\finalproject.a(red2.o)
                0x00001254                red2_Write
 .text.green2_Write
                0x00001274       0x20 .\CortexM3\ARM_GCC_484\Debug\finalproject.a(green2.o)
                0x00001274                green2_Write
 .text.USBUART_1_Start
                0x00001294       0x38 .\CortexM3\ARM_GCC_484\Debug\finalproject.a(USBUART_1.o)
                0x00001294                USBUART_1_Start
 .text.USBUART_1_Init
                0x000012cc      0x1c0 .\CortexM3\ARM_GCC_484\Debug\finalproject.a(USBUART_1.o)
                0x000012cc                USBUART_1_Init
 .text.USBUART_1_InitComponent
                0x0000148c       0xf4 .\CortexM3\ARM_GCC_484\Debug\finalproject.a(USBUART_1.o)
                0x0000148c                USBUART_1_InitComponent
 .text.USBUART_1_ReInitComponent
                0x00001580       0x68 .\CortexM3\ARM_GCC_484\Debug\finalproject.a(USBUART_1.o)
                0x00001580                USBUART_1_ReInitComponent
 .text.USBUART_1_InitEP_DMA
                0x000015e8       0xe8 .\CortexM3\ARM_GCC_484\Debug\finalproject.a(USBUART_1.o)
                0x000015e8                USBUART_1_InitEP_DMA
 .text.USBUART_1_LoadInEP
                0x000016d0      0x1ac .\CortexM3\ARM_GCC_484\Debug\finalproject.a(USBUART_1.o)
                0x000016d0                USBUART_1_LoadInEP
 .text.USBUART_1_EnableOutEP
                0x0000187c       0x60 .\CortexM3\ARM_GCC_484\Debug\finalproject.a(USBUART_1.o)
                0x0000187c                USBUART_1_EnableOutEP
 .text.USBUART_1_DispatchCDCClassRqst
                0x000018dc       0xcc .\CortexM3\ARM_GCC_484\Debug\finalproject.a(USBUART_1_cdc.o)
                0x000018dc                USBUART_1_DispatchCDCClassRqst
 .text.USBUART_1_CDC_Init
                0x000019a8       0x20 .\CortexM3\ARM_GCC_484\Debug\finalproject.a(USBUART_1_cdc.o)
                0x000019a8                USBUART_1_CDC_Init
 .text.USBUART_1_PutData
                0x000019c8       0x6c .\CortexM3\ARM_GCC_484\Debug\finalproject.a(USBUART_1_cdc.o)
                0x000019c8                USBUART_1_PutData
 .text.USBUART_1_CDCIsReady
                0x00001a34       0x30 .\CortexM3\ARM_GCC_484\Debug\finalproject.a(USBUART_1_cdc.o)
                0x00001a34                USBUART_1_CDCIsReady
 .text.USBUART_1_EP_0_ISR
                0x00001a64       0xf8 .\CortexM3\ARM_GCC_484\Debug\finalproject.a(USBUART_1_drv.o)
                0x00001a64                USBUART_1_EP_0_ISR
 .text.USBUART_1_HandleSetup
                0x00001b5c       0x88 .\CortexM3\ARM_GCC_484\Debug\finalproject.a(USBUART_1_drv.o)
                0x00001b5c                USBUART_1_HandleSetup
 .text.USBUART_1_HandleIN
                0x00001be4       0x4c .\CortexM3\ARM_GCC_484\Debug\finalproject.a(USBUART_1_drv.o)
                0x00001be4                USBUART_1_HandleIN
 .text.USBUART_1_HandleOUT
                0x00001c30       0x58 .\CortexM3\ARM_GCC_484\Debug\finalproject.a(USBUART_1_drv.o)
                0x00001c30                USBUART_1_HandleOUT
 .text.USBUART_1_LoadEP0
                0x00001c88       0xd4 .\CortexM3\ARM_GCC_484\Debug\finalproject.a(USBUART_1_drv.o)
                0x00001c88                USBUART_1_LoadEP0
 .text.USBUART_1_InitControlRead
                0x00001d5c       0x70 .\CortexM3\ARM_GCC_484\Debug\finalproject.a(USBUART_1_drv.o)
                0x00001d5c                USBUART_1_InitControlRead
 .text.USBUART_1_InitZeroLengthControlTransfer
                0x00001dcc       0x44 .\CortexM3\ARM_GCC_484\Debug\finalproject.a(USBUART_1_drv.o)
                0x00001dcc                USBUART_1_InitZeroLengthControlTransfer
 .text.USBUART_1_ControlReadDataStage
                0x00001e10        0xc .\CortexM3\ARM_GCC_484\Debug\finalproject.a(USBUART_1_drv.o)
                0x00001e10                USBUART_1_ControlReadDataStage
 .text.USBUART_1_ControlReadStatusStage
                0x00001e1c       0x40 .\CortexM3\ARM_GCC_484\Debug\finalproject.a(USBUART_1_drv.o)
                0x00001e1c                USBUART_1_ControlReadStatusStage
 .text.USBUART_1_InitControlWrite
                0x00001e5c       0x68 .\CortexM3\ARM_GCC_484\Debug\finalproject.a(USBUART_1_drv.o)
                0x00001e5c                USBUART_1_InitControlWrite
 .text.USBUART_1_ControlWriteDataStage
                0x00001ec4       0xb8 .\CortexM3\ARM_GCC_484\Debug\finalproject.a(USBUART_1_drv.o)
                0x00001ec4                USBUART_1_ControlWriteDataStage
 .text.USBUART_1_ControlWriteStatusStage
                0x00001f7c       0x20 .\CortexM3\ARM_GCC_484\Debug\finalproject.a(USBUART_1_drv.o)
                0x00001f7c                USBUART_1_ControlWriteStatusStage
 .text.USBUART_1_InitNoDataControlTransfer
                0x00001f9c       0x38 .\CortexM3\ARM_GCC_484\Debug\finalproject.a(USBUART_1_drv.o)
                0x00001f9c                USBUART_1_InitNoDataControlTransfer
 .text.USBUART_1_NoDataControlStatusStage
                0x00001fd4       0x48 .\CortexM3\ARM_GCC_484\Debug\finalproject.a(USBUART_1_drv.o)
                0x00001fd4                USBUART_1_NoDataControlStatusStage
 .text.USBUART_1_UpdateStatusBlock
                0x0000201c       0x40 .\CortexM3\ARM_GCC_484\Debug\finalproject.a(USBUART_1_drv.o)
                0x0000201c                USBUART_1_UpdateStatusBlock
 .text.USBUART_1_InitializeStatusBlock
                0x0000205c       0x34 .\CortexM3\ARM_GCC_484\Debug\finalproject.a(USBUART_1_drv.o)
                0x0000205c                USBUART_1_InitializeStatusBlock
 .text.USBUART_1_EP_1_ISR
                0x00002090       0x54 .\CortexM3\ARM_GCC_484\Debug\finalproject.a(USBUART_1_episr.o)
                0x00002090                USBUART_1_EP_1_ISR
 .text.USBUART_1_EP_2_ISR
                0x000020e4       0x54 .\CortexM3\ARM_GCC_484\Debug\finalproject.a(USBUART_1_episr.o)
                0x000020e4                USBUART_1_EP_2_ISR
 .text.USBUART_1_EP_3_ISR
                0x00002138       0x5c .\CortexM3\ARM_GCC_484\Debug\finalproject.a(USBUART_1_episr.o)
                0x00002138                USBUART_1_EP_3_ISR
 .text.USBUART_1_SOF_ISR
                0x00002194        0xc .\CortexM3\ARM_GCC_484\Debug\finalproject.a(USBUART_1_episr.o)
                0x00002194                USBUART_1_SOF_ISR
 .text.USBUART_1_BUS_RESET_ISR
                0x000021a0        0xc .\CortexM3\ARM_GCC_484\Debug\finalproject.a(USBUART_1_episr.o)
                0x000021a0                USBUART_1_BUS_RESET_ISR
 .text.USBUART_1_ARB_ISR
                0x000021ac      0x120 .\CortexM3\ARM_GCC_484\Debug\finalproject.a(USBUART_1_episr.o)
                0x000021ac                USBUART_1_ARB_ISR
 .text.USBUART_1_HandleStandardRqst
                0x000022cc      0x4a0 .\CortexM3\ARM_GCC_484\Debug\finalproject.a(USBUART_1_std.o)
                0x000022cc                USBUART_1_HandleStandardRqst
 .text.USBUART_1_ReadDieID
                0x0000276c       0x90 .\CortexM3\ARM_GCC_484\Debug\finalproject.a(USBUART_1_std.o)
                0x0000276c                USBUART_1_ReadDieID
 .text.USBUART_1_ConfigReg
                0x000027fc      0x18c .\CortexM3\ARM_GCC_484\Debug\finalproject.a(USBUART_1_std.o)
                0x000027fc                USBUART_1_ConfigReg
 .text.USBUART_1_Config
                0x00002988      0x344 .\CortexM3\ARM_GCC_484\Debug\finalproject.a(USBUART_1_std.o)
                0x00002988                USBUART_1_Config
 .text.USBUART_1_ConfigAltChanged
                0x00002ccc      0x274 .\CortexM3\ARM_GCC_484\Debug\finalproject.a(USBUART_1_std.o)
                0x00002ccc                USBUART_1_ConfigAltChanged
 .text.USBUART_1_GetConfigTablePtr
                0x00002f40       0x54 .\CortexM3\ARM_GCC_484\Debug\finalproject.a(USBUART_1_std.o)
                0x00002f40                USBUART_1_GetConfigTablePtr
 .text.USBUART_1_GetDeviceTablePtr
                0x00002f94       0x24 .\CortexM3\ARM_GCC_484\Debug\finalproject.a(USBUART_1_std.o)
                0x00002f94                USBUART_1_GetDeviceTablePtr
 .text.USBUART_1_GetInterfaceClassTablePtr
                0x00002fb8       0x4c .\CortexM3\ARM_GCC_484\Debug\finalproject.a(USBUART_1_std.o)
                0x00002fb8                USBUART_1_GetInterfaceClassTablePtr
 .text.USBUART_1_SetEndpointHalt
                0x00003004       0xe0 .\CortexM3\ARM_GCC_484\Debug\finalproject.a(USBUART_1_std.o)
                0x00003004                USBUART_1_SetEndpointHalt
 .text.USBUART_1_ClearEndpointHalt
                0x000030e4      0x144 .\CortexM3\ARM_GCC_484\Debug\finalproject.a(USBUART_1_std.o)
                0x000030e4                USBUART_1_ClearEndpointHalt
 .text.USBUART_1_ValidateAlternateSetting
                0x00003228       0x78 .\CortexM3\ARM_GCC_484\Debug\finalproject.a(USBUART_1_std.o)
                0x00003228                USBUART_1_ValidateAlternateSetting
 .text.USBUART_1_HandleVendorRqst
                0x000032a0       0x58 .\CortexM3\ARM_GCC_484\Debug\finalproject.a(USBUART_1_vnd.o)
                0x000032a0                USBUART_1_HandleVendorRqst
 .text.LCD_Char_Init
                0x000032f8       0x6c .\CortexM3\ARM_GCC_484\Debug\finalproject.a(LCD_Char.o)
                0x000032f8                LCD_Char_Init
 .text.LCD_Char_Enable
                0x00003364       0x18 .\CortexM3\ARM_GCC_484\Debug\finalproject.a(LCD_Char.o)
                0x00003364                LCD_Char_Enable
 .text.LCD_Char_Start
                0x0000337c       0x20 .\CortexM3\ARM_GCC_484\Debug\finalproject.a(LCD_Char.o)
                0x0000337c                LCD_Char_Start
 .text.LCD_Char_WriteControl
                0x0000339c       0x34 .\CortexM3\ARM_GCC_484\Debug\finalproject.a(LCD_Char.o)
                0x0000339c                LCD_Char_WriteControl
 .text.LCD_Char_IsReady
                0x000033d0      0x178 .\CortexM3\ARM_GCC_484\Debug\finalproject.a(LCD_Char.o)
                0x000033d0                LCD_Char_IsReady
 .text.LCD_Char_WrCntrlNib
                0x00003548       0x60 .\CortexM3\ARM_GCC_484\Debug\finalproject.a(LCD_Char.o)
 .text.USBUART_1_ep3_DmaInitialize
                0x000035a8       0x60 .\CortexM3\ARM_GCC_484\Debug\finalproject.a(USBUART_1_ep3_dma.o)
                0x000035a8                USBUART_1_ep3_DmaInitialize
 .text.USBUART_1_ep2_DmaInitialize
                0x00003608       0x60 .\CortexM3\ARM_GCC_484\Debug\finalproject.a(USBUART_1_ep2_dma.o)
                0x00003608                USBUART_1_ep2_DmaInitialize
 .text.USBUART_1_ep1_DmaInitialize
                0x00003668       0x60 .\CortexM3\ARM_GCC_484\Debug\finalproject.a(USBUART_1_ep1_dma.o)
                0x00003668                USBUART_1_ep1_DmaInitialize
 .text.UART_1_Start
                0x000036c8       0x20 .\CortexM3\ARM_GCC_484\Debug\finalproject.a(UART_1.o)
                0x000036c8                UART_1_Start
 .text.UART_1_Init
                0x000036e8       0x40 .\CortexM3\ARM_GCC_484\Debug\finalproject.a(UART_1.o)
                0x000036e8                UART_1_Init
 .text.UART_1_Enable
                0x00003728       0x5c .\CortexM3\ARM_GCC_484\Debug\finalproject.a(UART_1.o)
                0x00003728                UART_1_Enable
 .text.UART_1_ReadRxData
                0x00003784       0x20 .\CortexM3\ARM_GCC_484\Debug\finalproject.a(UART_1.o)
                0x00003784                UART_1_ReadRxData
 .text.UART_1_ReadRxStatus
                0x000037a4       0x24 .\CortexM3\ARM_GCC_484\Debug\finalproject.a(UART_1.o)
                0x000037a4                UART_1_ReadRxStatus
 .text.UART_1_IntClock_Start
                0x000037c8       0x34 .\CortexM3\ARM_GCC_484\Debug\finalproject.a(UART_1_IntClock.o)
                0x000037c8                UART_1_IntClock_Start
 .text.isr_Tx_StartEx
                0x000037fc       0x24 .\CortexM3\ARM_GCC_484\Debug\finalproject.a(isr_Tx.o)
                0x000037fc                isr_Tx_StartEx
 .text.isr_Tx_SetVector
                0x00003820       0x24 .\CortexM3\ARM_GCC_484\Debug\finalproject.a(isr_Tx.o)
                0x00003820                isr_Tx_SetVector
 .text.isr_Tx_SetPriority
                0x00003844       0x24 .\CortexM3\ARM_GCC_484\Debug\finalproject.a(isr_Tx.o)
                0x00003844                isr_Tx_SetPriority
 .text.isr_Tx_Enable
                0x00003868       0x18 .\CortexM3\ARM_GCC_484\Debug\finalproject.a(isr_Tx.o)
                0x00003868                isr_Tx_Enable
 .text.isr_Tx_Disable
                0x00003880       0x18 .\CortexM3\ARM_GCC_484\Debug\finalproject.a(isr_Tx.o)
                0x00003880                isr_Tx_Disable
 .text.isr_Rx_StartEx
                0x00003898       0x24 .\CortexM3\ARM_GCC_484\Debug\finalproject.a(isr_Rx.o)
                0x00003898                isr_Rx_StartEx
 .text.isr_Rx_SetVector
                0x000038bc       0x24 .\CortexM3\ARM_GCC_484\Debug\finalproject.a(isr_Rx.o)
                0x000038bc                isr_Rx_SetVector
 .text.isr_Rx_SetPriority
                0x000038e0       0x24 .\CortexM3\ARM_GCC_484\Debug\finalproject.a(isr_Rx.o)
                0x000038e0                isr_Rx_SetPriority
 .text.isr_Rx_Enable
                0x00003904       0x18 .\CortexM3\ARM_GCC_484\Debug\finalproject.a(isr_Rx.o)
                0x00003904                isr_Rx_Enable
 .text.isr_Rx_Disable
                0x0000391c       0x18 .\CortexM3\ARM_GCC_484\Debug\finalproject.a(isr_Rx.o)
                0x0000391c                isr_Rx_Disable
 .text.USBUART_1_DispatchClassRqst
                0x00003934       0x8c .\CortexM3\ARM_GCC_484\Debug\finalproject.a(USBUART_1_cls.o)
                0x00003934                USBUART_1_DispatchClassRqst
 .text.FS_Init  0x000039c0       0x58 .\emFile_V322c\LinkLibrary\PSoC5\GCC\libemf32nosnlfn.a(FS_Misc.o)
                0x000039c0                FS_Init
 .text.FS__AddPhysDevice
                0x00003a18       0x10 .\emFile_V322c\LinkLibrary\PSoC5\GCC\libemf32nosnlfn.a(FS_Storage.o)
                0x00003a18                FS__AddPhysDevice
 .text.FS__AddDevice
                0x00003a28       0x68 .\emFile_V322c\LinkLibrary\PSoC5\GCC\libemf32nosnlfn.a(FS_Storage.o)
                0x00003a28                FS__AddDevice
 .text.FS_AddDevice
                0x00003a90        0x4 .\emFile_V322c\LinkLibrary\PSoC5\GCC\libemf32nosnlfn.a(FS_Storage.o)
                0x00003a90                FS_AddDevice
 .text.FS__CLIB_memset
                0x00003a94       0x6c .\emFile_V322c\LinkLibrary\PSoC5\GCC\libemf32nosnlfn.a(FS_CLib.o)
                0x00003a94                FS__CLIB_memset
 .text.FS_LoadU32BE
                0x00003b00       0x18 .\emFile_V322c\LinkLibrary\PSoC5\GCC\libemf32nosnlfn.a(FS_Core.o)
                0x00003b00                FS_LoadU32BE
 .text._Alloc   0x00003b18       0x30 .\emFile_V322c\LinkLibrary\PSoC5\GCC\libemf32nosnlfn.a(FS_Core.o)
 .text.FS_Alloc
                0x00003b48        0xc .\emFile_V322c\LinkLibrary\PSoC5\GCC\libemf32nosnlfn.a(FS_Core.o)
                0x00003b48                FS_Alloc
 .text.FS_TryAlloc
                0x00003b54        0x4 .\emFile_V322c\LinkLibrary\PSoC5\GCC\libemf32nosnlfn.a(FS_Core.o)
                0x00003b54                FS_TryAlloc
 .text.FS_Free  0x00003b58       0x1c .\emFile_V322c\LinkLibrary\PSoC5\GCC\libemf32nosnlfn.a(FS_Core.o)
                0x00003b58                FS_Free
 .text.FS_AssignMemory
                0x00003b74        0xc .\emFile_V322c\LinkLibrary\PSoC5\GCC\libemf32nosnlfn.a(FS_Core.o)
                0x00003b74                FS_AssignMemory
 .text.FS_AllocZeroed
                0x00003b80       0x16 .\emFile_V322c\LinkLibrary\PSoC5\GCC\libemf32nosnlfn.a(FS_Core.o)
                0x00003b80                FS_AllocZeroed
 *fill*         0x00003b96        0x2 
 .text.FS_STORAGE_Init
                0x00003b98       0x28 .\emFile_V322c\LinkLibrary\PSoC5\GCC\libemf32nosnlfn.a(FS_Core.o)
                0x00003b98                FS_STORAGE_Init
 .text.FS_X_AddDevices
                0x00003bc0       0x20 .\CortexM3\ARM_GCC_484\Debug\finalproject.a(emFile_1_ConfigMMC_SPI.o)
                0x00003bc0                FS_X_AddDevices
 .text._CalcDataCRC16Dummy
                0x00003be0        0x6 .\emFile_V322c\LinkLibrary\PSoC5\GCC\libemf32nosnlfn.a(MMC_Drv.o)
 *fill*         0x00003be6        0x2 
 .text._MMC_GetNumUnits
                0x00003be8        0xc .\emFile_V322c\LinkLibrary\PSoC5\GCC\libemf32nosnlfn.a(MMC_Drv.o)
 .text._MMC_GetDriverName
                0x00003bf4        0x8 .\emFile_V322c\LinkLibrary\PSoC5\GCC\libemf32nosnlfn.a(MMC_Drv.o)
 .text._MMC_GetStatus
                0x00003bfc        0x4 .\emFile_V322c\LinkLibrary\PSoC5\GCC\libemf32nosnlfn.a(MMC_Drv.o)
 .text._CheckR1
                0x00003c00       0x38 .\emFile_V322c\LinkLibrary\PSoC5\GCC\libemf32nosnlfn.a(MMC_Drv.o)
 .text._WaitToGetReady
                0x00003c38       0x26 .\emFile_V322c\LinkLibrary\PSoC5\GCC\libemf32nosnlfn.a(MMC_Drv.o)
 .text._SendEmptyCycles
                0x00003c5e       0x24 .\emFile_V322c\LinkLibrary\PSoC5\GCC\libemf32nosnlfn.a(MMC_Drv.o)
 *fill*         0x00003c82        0x2 
 .text._MMC_AddDevice
                0x00003c84       0x2c .\emFile_V322c\LinkLibrary\PSoC5\GCC\libemf32nosnlfn.a(MMC_Drv.o)
 .text.T.53     0x00003cb0       0x14 .\emFile_V322c\LinkLibrary\PSoC5\GCC\libemf32nosnlfn.a(MMC_Drv.o)
 .text._GetFromCSD
                0x00003cc4       0x34 .\emFile_V322c\LinkLibrary\PSoC5\GCC\libemf32nosnlfn.a(MMC_Drv.o)
 .text._ExecCmdR1
                0x00003cf8       0x98 .\emFile_V322c\LinkLibrary\PSoC5\GCC\libemf32nosnlfn.a(MMC_Drv.o)
 .text._ReadCSD
                0x00003d90       0x86 .\emFile_V322c\LinkLibrary\PSoC5\GCC\libemf32nosnlfn.a(MMC_Drv.o)
 *fill*         0x00003e16        0x2 
 .text._MMC_Read
                0x00003e18      0x130 .\emFile_V322c\LinkLibrary\PSoC5\GCC\libemf32nosnlfn.a(MMC_Drv.o)
 .text._MMC_Write
                0x00003f48      0x13c .\emFile_V322c\LinkLibrary\PSoC5\GCC\libemf32nosnlfn.a(MMC_Drv.o)
 .text._ApplyCSD
                0x00004084      0x228 .\emFile_V322c\LinkLibrary\PSoC5\GCC\libemf32nosnlfn.a(MMC_Drv.o)
 .text._MMC_Init
                0x000042ac      0x1c0 .\emFile_V322c\LinkLibrary\PSoC5\GCC\libemf32nosnlfn.a(MMC_Drv.o)
 .text._MMC_InitMedium
                0x0000446c       0x28 .\emFile_V322c\LinkLibrary\PSoC5\GCC\libemf32nosnlfn.a(MMC_Drv.o)
 .text._MMC_IoCtl
                0x00004494       0x60 .\emFile_V322c\LinkLibrary\PSoC5\GCC\libemf32nosnlfn.a(MMC_Drv.o)
 .text.emFile_1_Init
                0x000044f4       0x64 .\CortexM3\ARM_GCC_484\Debug\finalproject.a(emFile_1_MMC_HW_SPI.o)
 .text.emFile_1_ReadWriteSPI
                0x00004558       0x68 .\CortexM3\ARM_GCC_484\Debug\finalproject.a(emFile_1_MMC_HW_SPI.o)
 .text.FS_MMC_HW_X_EnableCS
                0x000045c0       0x28 .\CortexM3\ARM_GCC_484\Debug\finalproject.a(emFile_1_MMC_HW_SPI.o)
                0x000045c0                FS_MMC_HW_X_EnableCS
 .text.FS_MMC_HW_X_DisableCS
                0x000045e8       0x28 .\CortexM3\ARM_GCC_484\Debug\finalproject.a(emFile_1_MMC_HW_SPI.o)
                0x000045e8                FS_MMC_HW_X_DisableCS
 .text.FS_MMC_HW_X_IsWriteProtected
                0x00004610       0x2c .\CortexM3\ARM_GCC_484\Debug\finalproject.a(emFile_1_MMC_HW_SPI.o)
                0x00004610                FS_MMC_HW_X_IsWriteProtected
 .text.FS_MMC_HW_X_SetMaxSpeed
                0x0000463c       0x84 .\CortexM3\ARM_GCC_484\Debug\finalproject.a(emFile_1_MMC_HW_SPI.o)
                0x0000463c                FS_MMC_HW_X_SetMaxSpeed
 .text.FS_MMC_HW_X_SetVoltage
                0x000046c0       0x68 .\CortexM3\ARM_GCC_484\Debug\finalproject.a(emFile_1_MMC_HW_SPI.o)
                0x000046c0                FS_MMC_HW_X_SetVoltage
 .text.FS_MMC_HW_X_IsPresent
                0x00004728       0x30 .\CortexM3\ARM_GCC_484\Debug\finalproject.a(emFile_1_MMC_HW_SPI.o)
                0x00004728                FS_MMC_HW_X_IsPresent
 .text.FS_MMC_HW_X_Read
                0x00004758       0x34 .\CortexM3\ARM_GCC_484\Debug\finalproject.a(emFile_1_MMC_HW_SPI.o)
                0x00004758                FS_MMC_HW_X_Read
 .text.FS_MMC_HW_X_Write
                0x0000478c       0x34 .\CortexM3\ARM_GCC_484\Debug\finalproject.a(emFile_1_MMC_HW_SPI.o)
                0x0000478c                FS_MMC_HW_X_Write
 .text.emFile_1_SPI0_Init
                0x000047c0       0x30 .\CortexM3\ARM_GCC_484\Debug\finalproject.a(emFile_1_SPI0.o)
                0x000047c0                emFile_1_SPI0_Init
 .text.emFile_1_SPI0_Enable
                0x000047f0       0x60 .\CortexM3\ARM_GCC_484\Debug\finalproject.a(emFile_1_SPI0.o)
                0x000047f0                emFile_1_SPI0_Enable
 .text.emFile_1_SPI0_Start
                0x00004850       0x20 .\CortexM3\ARM_GCC_484\Debug\finalproject.a(emFile_1_SPI0.o)
                0x00004850                emFile_1_SPI0_Start
 .text.emFile_1_SPI0_EnableTxInt
                0x00004870        0xc .\CortexM3\ARM_GCC_484\Debug\finalproject.a(emFile_1_SPI0.o)
                0x00004870                emFile_1_SPI0_EnableTxInt
 .text.emFile_1_SPI0_EnableRxInt
                0x0000487c        0xc .\CortexM3\ARM_GCC_484\Debug\finalproject.a(emFile_1_SPI0.o)
                0x0000487c                emFile_1_SPI0_EnableRxInt
 .text.emFile_1_SPI0_ReadTxStatus
                0x00004888       0x20 .\CortexM3\ARM_GCC_484\Debug\finalproject.a(emFile_1_SPI0.o)
                0x00004888                emFile_1_SPI0_ReadTxStatus
 .text.emFile_1_SPI0_ReadRxStatus
                0x000048a8       0x20 .\CortexM3\ARM_GCC_484\Debug\finalproject.a(emFile_1_SPI0.o)
                0x000048a8                emFile_1_SPI0_ReadRxStatus
 .text.emFile_1_SPI0_WriteTxData
                0x000048c8       0x34 .\CortexM3\ARM_GCC_484\Debug\finalproject.a(emFile_1_SPI0.o)
                0x000048c8                emFile_1_SPI0_WriteTxData
 .text.emFile_1_SPI0_ReadRxData
                0x000048fc       0x20 .\CortexM3\ARM_GCC_484\Debug\finalproject.a(emFile_1_SPI0.o)
                0x000048fc                emFile_1_SPI0_ReadRxData
 .text.emFile_1_SPI0_ClearFIFO
                0x0000491c       0x5c .\CortexM3\ARM_GCC_484\Debug\finalproject.a(emFile_1_SPI0.o)
                0x0000491c                emFile_1_SPI0_ClearFIFO
 .text.emFile_1_Clock_1_Start
                0x00004978       0x34 .\CortexM3\ARM_GCC_484\Debug\finalproject.a(emFile_1_Clock_1.o)
                0x00004978                emFile_1_Clock_1_Start
 .text.emFile_1_Clock_1_Stop
                0x000049ac       0x34 .\CortexM3\ARM_GCC_484\Debug\finalproject.a(emFile_1_Clock_1.o)
                0x000049ac                emFile_1_Clock_1_Stop
 .text.emFile_1_Clock_1_SetDividerRegister
                0x000049e0      0x15c .\CortexM3\ARM_GCC_484\Debug\finalproject.a(emFile_1_Clock_1.o)
                0x000049e0                emFile_1_Clock_1_SetDividerRegister
 .text.emFile_1_Clock_1_GetDividerRegister
                0x00004b3c       0x18 .\CortexM3\ARM_GCC_484\Debug\finalproject.a(emFile_1_Clock_1.o)
                0x00004b3c                emFile_1_Clock_1_GetDividerRegister
 .text.emFile_1_Clock_1_GetSourceRegister
                0x00004b54       0x20 .\CortexM3\ARM_GCC_484\Debug\finalproject.a(emFile_1_Clock_1.o)
                0x00004b54                emFile_1_Clock_1_GetSourceRegister
 .text.emFile_1_SPI0_CS_Write
                0x00004b74       0x3c .\CortexM3\ARM_GCC_484\Debug\finalproject.a(emFile_1_SPI0_CS.o)
                0x00004b74                emFile_1_SPI0_CS_Write
 .text.__libc_init_array
                0x00004bb0       0x4c c:/program files/cypress/psoc creator/3.1/psoc creator/import/gnu_cs/arm/4.8.4/bin/../lib/gcc/arm-none-eabi/4.8.4/../../../../arm-none-eabi/lib/armv7-m\libg_s.a(lib_a-init.o)
                0x00004bb0                __libc_init_array
 .text.memcpy   0x00004bfc       0x12 c:/program files/cypress/psoc creator/3.1/psoc creator/import/gnu_cs/arm/4.8.4/bin/../lib/gcc/arm-none-eabi/4.8.4/../../../../arm-none-eabi/lib/armv7-m\libg_s.a(lib_a-memcpy-stub.o)
                0x00004bfc                memcpy
 .text.memset   0x00004c0e       0x10 c:/program files/cypress/psoc creator/3.1/psoc creator/import/gnu_cs/arm/4.8.4/bin/../lib/gcc/arm-none-eabi/4.8.4/../../../../arm-none-eabi/lib/armv7-m\libg_s.a(lib_a-memset.o)
                0x00004c0e                memset
 .text.strncpy  0x00004c1e       0x24 c:/program files/cypress/psoc creator/3.1/psoc creator/import/gnu_cs/arm/4.8.4/bin/../lib/gcc/arm-none-eabi/4.8.4/../../../../arm-none-eabi/lib/armv7-m\libg_s.a(lib_a-strncpy.o)
                0x00004c1e                strncpy
 *(.plt)
 *(.gnu.warning)
 *(.glue_7t)
 .glue_7t       0x00000000        0x0 linker stubs
 *(.glue_7)
 .glue_7        0x00000000        0x0 linker stubs
 *(.vfp11_veneer)
 .vfp11_veneer  0x00000000        0x0 linker stubs
 *(.bootloader)
 *(.ARM.extab* .gnu.linkonce.armextab.*)
 *(.gcc_except_table)

.v4_bx          0x00004c44        0x0
 .v4_bx         0x00000000        0x0 linker stubs

.iplt           0x00004c44        0x0
 .iplt          0x00000000        0x0 c:/program files/cypress/psoc creator/3.1/psoc creator/import/gnu_cs/arm/4.8.4/bin/../lib/gcc/arm-none-eabi/4.8.4/armv7-m/crtbegin.o

.eh_frame_hdr
 *(.eh_frame_hdr)

.eh_frame       0x00004c44        0x4
 *(.eh_frame)
 .eh_frame      0x00004c44        0x0 c:/program files/cypress/psoc creator/3.1/psoc creator/import/gnu_cs/arm/4.8.4/bin/../lib/gcc/arm-none-eabi/4.8.4/armv7-m/crtbegin.o
 .eh_frame      0x00004c44        0x4 c:/program files/cypress/psoc creator/3.1/psoc creator/import/gnu_cs/arm/4.8.4/bin/../lib/gcc/arm-none-eabi/4.8.4/armv7-m/crtend.o
                0x00004c48                PROVIDE (__exidx_start, .)

.ARM.exidx
 *(.ARM.exidx* .gnu.linkonce.armexidx.*)
                0x00004c48                __exidx_end = .

.rodata         0x00004c48      0x280
 *(.rodata .rodata.* .gnu.linkonce.r.*)
 .rodata        0x00004c48       0x38 .\CortexM3\ARM_GCC_484\Debug\finalproject.a(cyfitter_cfg.o)
 .rodata        0x00004c80       0x14 .\CortexM3\ARM_GCC_484\Debug\finalproject.a(USBUART_1_std.o)
 .rodata        0x00004c94      0x194 .\CortexM3\ARM_GCC_484\Debug\finalproject.a(USBUART_1_descr.o)
                0x00004c94                USBUART_1_DEVICE0_DESCR
                0x00004ca8                USBUART_1_DEVICE0_CONFIGURATION0_DESCR
                0x00004cec                USBUART_1_STRING_DESCRIPTORS
                0x00004d8c                USBUART_1_SN_STRING_DESCRIPTOR
                0x00004d90                USBUART_1_DEVICE0_CONFIGURATION0_EP_SETTINGS_TABLE
                0x00004da8                USBUART_1_DEVICE0_CONFIGURATION0_INTERFACE_CLASS
                0x00004dac                USBUART_1_DEVICE0_CONFIGURATION0_TABLE
                0x00004dd4                USBUART_1_DEVICE0_TABLE
                0x00004de4                USBUART_1_TABLE
                0x00004dec                USBUART_1_MSOS_DESCRIPTOR
                0x00004e00                USBUART_1_MSOS_CONFIGURATION_DESCR
 .rodata        0x00004e28       0x68 .\emFile_V322c\LinkLibrary\PSoC5\GCC\libemf32nosnlfn.a(MMC_Drv.o)
                0x00004e70                FS_MMC_SPI_Driver
 .rodata.str1.1
                0x00004e90        0x4 .\emFile_V322c\LinkLibrary\PSoC5\GCC\libemf32nosnlfn.a(MMC_Drv.o)
                0x00004e94                . = ALIGN (0x4)
 *(.init)
 .init          0x00004e94        0x4 c:/program files/cypress/psoc creator/3.1/psoc creator/import/gnu_cs/arm/4.8.4/bin/../lib/gcc/arm-none-eabi/4.8.4/armv7-m/crti.o
                0x00004e94                _init
 .init          0x00004e98        0x8 c:/program files/cypress/psoc creator/3.1/psoc creator/import/gnu_cs/arm/4.8.4/bin/../lib/gcc/arm-none-eabi/4.8.4/armv7-m/crtn.o
                0x00004ea0                . = ALIGN (0x4)
                0x00004ea0                __preinit_array_start = .
 *(.preinit_array)
                0x00004ea0                __preinit_array_end = .
                0x00004ea0                . = ALIGN (0x4)
                0x00004ea0                __init_array_start = .
 *(SORT(.init_array.*))
 *(.init_array)
 .init_array    0x00004ea0        0x4 c:/program files/cypress/psoc creator/3.1/psoc creator/import/gnu_cs/arm/4.8.4/bin/../lib/gcc/arm-none-eabi/4.8.4/armv7-m/crtbegin.o
 .init_array    0x00004ea4        0x4 .\CortexM3\ARM_GCC_484\Debug\Cm3Start.o
                0x00004ea8                __init_array_end = .
                0x00004ea8                . = ALIGN (0x4)
 *(.fini)
 .fini          0x00004ea8        0x4 c:/program files/cypress/psoc creator/3.1/psoc creator/import/gnu_cs/arm/4.8.4/bin/../lib/gcc/arm-none-eabi/4.8.4/armv7-m/crti.o
                0x00004ea8                _fini
 .fini          0x00004eac        0x8 c:/program files/cypress/psoc creator/3.1/psoc creator/import/gnu_cs/arm/4.8.4/bin/../lib/gcc/arm-none-eabi/4.8.4/armv7-m/crtn.o
                0x00004eb4                . = ALIGN (0x4)
                0x00004eb4                __fini_array_start = .
 *(.fini_array)
 .fini_array    0x00004eb4        0x4 c:/program files/cypress/psoc creator/3.1/psoc creator/import/gnu_cs/arm/4.8.4/bin/../lib/gcc/arm-none-eabi/4.8.4/armv7-m/crtbegin.o
 *(SORT(.fini_array.*))
                0x00004eb8                __fini_array_end = .
                0x00004eb8                . = ALIGN (0x4)
 *crtbegin.o(.ctors)
 *(EXCLUDE_FILE(*crtend.o) .ctors)
 *(SORT(.ctors.*))
 *crtend.o(.ctors)
                0x00004eb8                . = ALIGN (0x4)
 *crtbegin.o(.dtors)
 *(EXCLUDE_FILE(*crtend.o) .dtors)
 *(SORT(.dtors.*))
 *crtend.o(.dtors)
                0x00004eb8                . = ALIGN (0x4)
                0x00004eb8                __cy_regions = .
                0x00004eb8        0x4 LONG 0x4ec8 __cy_region_init_ram
                0x00004ebc        0x4 LONG 0x1fff8108 __cy_region_start_data
                0x00004ec0        0x4 LONG 0x30 __cy_region_init_size_ram
                0x00004ec4        0x4 LONG 0x1560 __cy_region_zero_size_ram
                0x00004ec8                __cy_regions_end = .
                0x00004ec8                . = ALIGN (0x8)
                0x00004ec8                _etext = .

.ramvectors     0x1fff8000      0x100
                0x1fff8000                __cy_region_start_ram = .
 *(.ramvectors)
 .ramvectors    0x1fff8000      0x100 .\CortexM3\ARM_GCC_484\Debug\Cm3Start.o
                0x1fff8000                CyRamVectors

.noinit         0x1fff8100        0x5
 *(.noinit)
 .noinit        0x1fff8100        0x4 .\CortexM3\ARM_GCC_484\Debug\Cm3Start.o
 .noinit        0x1fff8104        0x1 .\CortexM3\ARM_GCC_484\Debug\finalproject.a(CyLib.o)
                0x1fff8104                CyResetStatus

.data           0x1fff8108       0x30 load address 0x00004ec8
                0x1fff8108                __cy_region_start_data = .
 *(.jcr)
 .jcr           0x1fff8108        0x0 c:/program files/cypress/psoc creator/3.1/psoc creator/import/gnu_cs/arm/4.8.4/bin/../lib/gcc/arm-none-eabi/4.8.4/armv7-m/crtbegin.o
 .jcr           0x1fff8108        0x4 c:/program files/cypress/psoc creator/3.1/psoc creator/import/gnu_cs/arm/4.8.4/bin/../lib/gcc/arm-none-eabi/4.8.4/armv7-m/crtend.o
 *(.got.plt)
 *(.got)
 *(.shdata)
 *(.data .data.* .gnu.linkonce.d.*)
 .data          0x1fff810c        0x8 .\CortexM3\ARM_GCC_484\Debug\finalproject.a(CyDmac.o)
 .data          0x1fff8114       0x10 .\CortexM3\ARM_GCC_484\Debug\finalproject.a(CyLib.o)
                0x1fff8114                cydelay_freq_hz
                0x1fff8118                cydelay_freq_khz
                0x1fff811c                cydelay_freq_mhz
                0x1fff8120                cydelay_32k_ms
 .data          0x1fff8124        0x8 .\CortexM3\ARM_GCC_484\Debug\finalproject.a(USBUART_1_cdc.o)
                0x1fff8124                USBUART_1_lineCoding
 .data          0x1fff812c        0x1 .\CortexM3\ARM_GCC_484\Debug\finalproject.a(USBUART_1_ep3_dma.o)
                0x1fff812c                USBUART_1_ep3_DmaHandle
 .data          0x1fff812d        0x1 .\CortexM3\ARM_GCC_484\Debug\finalproject.a(USBUART_1_ep2_dma.o)
                0x1fff812d                USBUART_1_ep2_DmaHandle
 .data          0x1fff812e        0x1 .\CortexM3\ARM_GCC_484\Debug\finalproject.a(USBUART_1_ep1_dma.o)
                0x1fff812e                USBUART_1_ep1_DmaHandle
 *fill*         0x1fff812f        0x1 
 .data          0x1fff8130        0x4 .\emFile_V322c\LinkLibrary\PSoC5\GCC\libemf32nosnlfn.a(MMC_Drv.o)
                0x1fff8138                . = ALIGN (0x8)
 *fill*         0x1fff8134        0x4 
 *(.ram)
                0x1fff8138                _edata = .

.igot.plt       0x1fff8138        0x0 load address 0x00004ef8
 .igot.plt      0x00000000        0x0 c:/program files/cypress/psoc creator/3.1/psoc creator/import/gnu_cs/arm/4.8.4/bin/../lib/gcc/arm-none-eabi/4.8.4/armv7-m/crtbegin.o

.bss            0x1fff8138     0x1560 load address 0x00004ef8
                0x1fff8138                PROVIDE (__bss_start__, .)
 *(.shbss)
 *(.bss .bss.* .gnu.linkonce.b.*)
 .bss           0x1fff8138       0x1c c:/program files/cypress/psoc creator/3.1/psoc creator/import/gnu_cs/arm/4.8.4/bin/../lib/gcc/arm-none-eabi/4.8.4/armv7-m/crtbegin.o
 .bss           0x1fff8154       0xb0 .\CortexM3\ARM_GCC_484\Debug\main.o
                0x1fff8154                i
                0x1fff8158                j
                0x1fff815c                colnow
                0x1fff8160                rownow
                0x1fff8164                hri
                0x1fff8168                right
                0x1fff816c                left
                0x1fff8170                playerturn
                0x1fff8174                count
                0x1fff8176                count1
                0x1fff8178                bytesReceived
                0x1fff817c                wifiRxBuffer
                0x1fff81bc                tempstr
                0x1fff81fc                RxBuffer0
                0x1fff8200                RxBuffer1
                0x1fff8201                rxCount
 .bss           0x1fff8204        0x1 .\CortexM3\ARM_GCC_484\Debug\finalproject.a(Timer_1.o)
                0x1fff8204                Timer_1_initVar
 .bss           0x1fff8205        0x1 .\CortexM3\ARM_GCC_484\Debug\finalproject.a(USBUART_1.o)
                0x1fff8205                USBUART_1_initVar
 *fill*         0x1fff8206        0x2 
 .bss           0x1fff8208        0x4 .\CortexM3\ARM_GCC_484\Debug\finalproject.a(USBUART_1_std.o)
 .bss           0x1fff820c        0x2 .\CortexM3\ARM_GCC_484\Debug\finalproject.a(LCD_Char.o)
                0x1fff820c                LCD_Char_enableState
                0x1fff820d                LCD_Char_initVar
 .bss           0x1fff820e        0x2 .\CortexM3\ARM_GCC_484\Debug\finalproject.a(UART_1.o)
                0x1fff820e                UART_1_initVar
 .bss           0x1fff8210        0xc .\emFile_V322c\LinkLibrary\PSoC5\GCC\libemf32nosnlfn.a(FS_Core.o)
 .bss           0x1fff821c     0x1000 .\CortexM3\ARM_GCC_484\Debug\finalproject.a(emFile_1_ConfigMMC_SPI.o)
 .bss           0x1fff921c       0x14 .\emFile_V322c\LinkLibrary\PSoC5\GCC\libemf32nosnlfn.a(MMC_Drv.o)
 .bss           0x1fff9230        0x1 .\CortexM3\ARM_GCC_484\Debug\finalproject.a(emFile_1_MMC_HW_SPI.o)
 .bss           0x1fff9231        0x1 .\CortexM3\ARM_GCC_484\Debug\finalproject.a(emFile_1_SPI0.o)
                0x1fff9231                emFile_1_SPI0_initVar
 *(COMMON)
 *fill*         0x1fff9232        0x2 
 COMMON         0x1fff9234      0x300 .\CortexM3\ARM_GCC_484\Debug\main.o
                0x1fff9234                blue
                0x1fff9334                green
                0x1fff9434                red
 COMMON         0x1fff9534       0x15 .\CortexM3\ARM_GCC_484\Debug\finalproject.a(USBUART_1.o)
                0x1fff9534                USBUART_1_DmaChan
                0x1fff9540                USBUART_1_DmaTd
 *fill*         0x1fff9549        0x1 
 COMMON         0x1fff954a        0x5 .\CortexM3\ARM_GCC_484\Debug\finalproject.a(USBUART_1_cdc.o)
                0x1fff954a                USBUART_1_cdc_data_out_ep
                0x1fff954b                USBUART_1_cdc_data_in_ep
                0x1fff954c                USBUART_1_lineControlBitmap
                0x1fff954e                USBUART_1_lineChanged
 *fill*         0x1fff954f        0x1 
 COMMON         0x1fff9550       0x97 .\CortexM3\ARM_GCC_484\Debug\finalproject.a(USBUART_1_drv.o)
                0x1fff9550                USBUART_1_ep0Mode
                0x1fff9551                USBUART_1_lastPacketSize
                0x1fff9552                USBUART_1_configurationChanged
                0x1fff9553                USBUART_1_configuration
                0x1fff9554                USBUART_1_interfaceNumber
                0x1fff9555                USBUART_1_deviceStatus
                0x1fff9556                USBUART_1_ep0Toggle
                0x1fff9558                USBUART_1_interfaceClass
                0x1fff955c                USBUART_1_interfaceSetting
                0x1fff9560                USBUART_1_currentTD
                0x1fff956c                USBUART_1_ep0Count
                0x1fff9570                USBUART_1_EP
                0x1fff95dc                USBUART_1_interfaceSetting_last
                0x1fff95de                USBUART_1_transferByteCount
                0x1fff95e0                USBUART_1_transferState
                0x1fff95e1                USBUART_1_device
                0x1fff95e4                USBUART_1_interfaceStatus
                0x1fff95e6                USBUART_1_deviceAddress
 *fill*         0x1fff95e7        0x1 
 COMMON         0x1fff95e8       0x22 .\CortexM3\ARM_GCC_484\Debug\finalproject.a(USBUART_1_descr.o)
                0x1fff95e8                USBUART_1_idSerialNumberStringDescriptor
 *fill*         0x1fff960a        0x2 
 COMMON         0x1fff960c       0x88 .\emFile_V322c\LinkLibrary\PSoC5\GCC\libemf32nosnlfn.a(FS_Core.o)
                0x1fff960c                FS_Global
                0x1fff9690                FS_NumBytesAllocated
                0x1fff9698                . = ALIGN (0x8)
 *fill*         0x1fff9694        0x4 
 *(.ram.b)
                0x1fff9698                _end = .
                0x1fff9698                __end = .
                0x1fff9698                PROVIDE (end, .)
                0x1fff9698                PROVIDE (__bss_end__, .)
                0x00004ec8                __cy_region_init_ram = LOADADDR (.data)
                0x00000030                __cy_region_init_size_ram = (_edata - ADDR (.data))
                0x00001560                __cy_region_zero_size_ram = (_end - _edata)

.heap           0x1fff9698       0x80 load address 0x00004ef8
                0x1fff9698                . = _end
                0x1fff9718                . = (. + 0x80)
 *fill*         0x1fff9698       0x80 
                0x1fff9718                __cy_heap_limit = .

.stack          0x20007800      0x800
                0x20007800                __cy_stack_limit = .
                0x20008000                . = (. + 0x800)
 *fill*         0x20007800      0x800 
                0x00000001                ASSERT ((__cy_stack_limit >= __cy_heap_limit), region RAM overflowed with stack)

.cyloadermeta
 *(.cyloadermeta)

.cyloadablemeta
 *(.cyloadablemeta)

.cyconfigecc    0x80000000      0x97c
 *(.cyconfigecc)
 .cyconfigecc   0x80000000      0x97c .\CortexM3\ARM_GCC_484\Debug\cymetadata.o
                0x80000000                cy_meta_configecc

.cycustnvl      0x90000000        0x4
 *(.cycustnvl)
 .cycustnvl     0x90000000        0x4 .\CortexM3\ARM_GCC_484\Debug\cymetadata.o
                0x90000000                cy_meta_custnvl

.cywolatch      0x90100000        0x4
 *(.cywolatch)
 .cywolatch     0x90100000        0x4 .\CortexM3\ARM_GCC_484\Debug\cymetadata.o
                0x90100000                cy_meta_wonvl

.cyeeprom       0x90200000        0x0
 *(.cyeeprom)
                0x00000001                ASSERT ((. <= ((0x90200000 + ee_offset) + ee_size)), .cyeeprom data will not fit in EEPROM)

.cyflashprotect
                0x90400000      0x100
 *(.cyflashprotect)
 .cyflashprotect
                0x90400000      0x100 .\CortexM3\ARM_GCC_484\Debug\cymetadata.o
                0x90400000                cy_meta_flashprotect

.cymeta         0x90500000        0xc
 *(.cymeta)
 .cymeta        0x90500000        0xc .\CortexM3\ARM_GCC_484\Debug\cymetadata.o
                0x90500000                cy_metadata

.rel.dyn        0x00004ef8        0x0 load address 0x9050000c
 .rel.iplt      0x00000000        0x0 c:/program files/cypress/psoc creator/3.1/psoc creator/import/gnu_cs/arm/4.8.4/bin/../lib/gcc/arm-none-eabi/4.8.4/armv7-m/crtbegin.o

.stab
 *(.stab)

.stabstr
 *(.stabstr)

.debug
 *(.debug)

.line
 *(.line)

.debug_srcinfo
 *(.debug_srcinfo)

.debug_sfnames
 *(.debug_sfnames)

.debug_aranges  0x00000000     0x1160
 *(.debug_aranges)
 .debug_aranges
                0x00000000       0x50 .\CortexM3\ARM_GCC_484\Debug\main.o
 .debug_aranges
                0x00000050       0x18 .\CortexM3\ARM_GCC_484\Debug\cymetadata.o
 .debug_aranges
                0x00000068       0x48 .\CortexM3\ARM_GCC_484\Debug\Cm3Start.o
 .debug_aranges
                0x000000b0       0x60 .\CortexM3\ARM_GCC_484\Debug\finalproject.a(cyfitter_cfg.o)
 .debug_aranges
                0x00000110       0x28 .\CortexM3\ARM_GCC_484\Debug\finalproject.a(red.o)
 .debug_aranges
                0x00000138       0x28 .\CortexM3\ARM_GCC_484\Debug\finalproject.a(clk.o)
 .debug_aranges
                0x00000160       0x28 .\CortexM3\ARM_GCC_484\Debug\finalproject.a(CBA.o)
 .debug_aranges
                0x00000188       0x28 .\CortexM3\ARM_GCC_484\Debug\finalproject.a(Latch.o)
 .debug_aranges
                0x000001b0       0x28 .\CortexM3\ARM_GCC_484\Debug\finalproject.a(OE.o)
 .debug_aranges
                0x000001d8       0x28 .\CortexM3\ARM_GCC_484\Debug\finalproject.a(blue.o)
 .debug_aranges
                0x00000200       0x28 .\CortexM3\ARM_GCC_484\Debug\finalproject.a(green.o)
 .debug_aranges
                0x00000228       0x90 .\CortexM3\ARM_GCC_484\Debug\finalproject.a(Timer_1.o)
 .debug_aranges
                0x000002b8       0x80 .\CortexM3\ARM_GCC_484\Debug\finalproject.a(isr_1.o)
 .debug_aranges
                0x00000338       0x20 .\CortexM3\ARM_GCC_484\Debug\finalproject.a(CyBootAsmGnu.o)
 .debug_aranges
                0x00000358       0xd8 .\CortexM3\ARM_GCC_484\Debug\finalproject.a(CyDmac.o)
 .debug_aranges
                0x00000430      0x290 .\CortexM3\ARM_GCC_484\Debug\finalproject.a(CyLib.o)
 .debug_aranges
                0x000006c0       0x90 .\CortexM3\ARM_GCC_484\Debug\finalproject.a(cyPm.o)
 .debug_aranges
                0x00000750       0x28 .\CortexM3\ARM_GCC_484\Debug\finalproject.a(blue2.o)
 .debug_aranges
                0x00000778       0x28 .\CortexM3\ARM_GCC_484\Debug\finalproject.a(red2.o)
 .debug_aranges
                0x000007a0       0x28 .\CortexM3\ARM_GCC_484\Debug\finalproject.a(green2.o)
 .debug_aranges
                0x000007c8       0xc0 .\CortexM3\ARM_GCC_484\Debug\finalproject.a(USBUART_1.o)
 .debug_aranges
                0x00000888       0xb0 .\CortexM3\ARM_GCC_484\Debug\finalproject.a(USBUART_1_cdc.o)
 .debug_aranges
                0x00000938       0x98 .\CortexM3\ARM_GCC_484\Debug\finalproject.a(USBUART_1_drv.o)
 .debug_aranges
                0x000009d0       0x48 .\CortexM3\ARM_GCC_484\Debug\finalproject.a(USBUART_1_episr.o)
 .debug_aranges
                0x00000a18       0x78 .\CortexM3\ARM_GCC_484\Debug\finalproject.a(USBUART_1_std.o)
 .debug_aranges
                0x00000a90       0x20 .\CortexM3\ARM_GCC_484\Debug\finalproject.a(USBUART_1_vnd.o)
 .debug_aranges
                0x00000ab0       0x98 .\CortexM3\ARM_GCC_484\Debug\finalproject.a(LCD_Char.o)
 .debug_aranges
                0x00000b48       0x28 .\CortexM3\ARM_GCC_484\Debug\finalproject.a(USBUART_1_ep3_dma.o)
 .debug_aranges
                0x00000b70       0x28 .\CortexM3\ARM_GCC_484\Debug\finalproject.a(USBUART_1_ep2_dma.o)
 .debug_aranges
                0x00000b98       0x28 .\CortexM3\ARM_GCC_484\Debug\finalproject.a(USBUART_1_ep1_dma.o)
 .debug_aranges
                0x00000bc0       0xf0 .\CortexM3\ARM_GCC_484\Debug\finalproject.a(UART_1.o)
 .debug_aranges
                0x00000cb0       0x70 .\CortexM3\ARM_GCC_484\Debug\finalproject.a(UART_1_IntClock.o)
 .debug_aranges
                0x00000d20       0x80 .\CortexM3\ARM_GCC_484\Debug\finalproject.a(isr_Tx.o)
 .debug_aranges
                0x00000da0       0x80 .\CortexM3\ARM_GCC_484\Debug\finalproject.a(isr_Rx.o)
 .debug_aranges
                0x00000e20       0x80 .\CortexM3\ARM_GCC_484\Debug\finalproject.a(CyFlash.o)
 .debug_aranges
                0x00000ea0       0x78 .\CortexM3\ARM_GCC_484\Debug\finalproject.a(CySpc.o)
 .debug_aranges
                0x00000f18       0x20 .\CortexM3\ARM_GCC_484\Debug\finalproject.a(USBUART_1_cls.o)
 .debug_aranges
                0x00000f38       0x18 .\CortexM3\ARM_GCC_484\Debug\finalproject.a(USBUART_1_descr.o)
 .debug_aranges
                0x00000f50       0x28 .\CortexM3\ARM_GCC_484\Debug\finalproject.a(emFile_1_ConfigMMC_SPI.o)
 .debug_aranges
                0x00000f78       0x68 .\CortexM3\ARM_GCC_484\Debug\finalproject.a(emFile_1_MMC_HW_SPI.o)
 .debug_aranges
                0x00000fe0       0xd8 .\CortexM3\ARM_GCC_484\Debug\finalproject.a(emFile_1_SPI0.o)
 .debug_aranges
                0x000010b8       0x70 .\CortexM3\ARM_GCC_484\Debug\finalproject.a(emFile_1_Clock_1.o)
 .debug_aranges
                0x00001128       0x38 .\CortexM3\ARM_GCC_484\Debug\finalproject.a(emFile_1_SPI0_CS.o)

.debug_pubnames
 *(.debug_pubnames)

.debug_info     0x00000000     0x7dab
 *(.debug_info .gnu.linkonce.wi.*)
 .debug_info    0x00000000      0x41f .\CortexM3\ARM_GCC_484\Debug\main.o
 .debug_info    0x0000041f      0x13e .\CortexM3\ARM_GCC_484\Debug\cymetadata.o
 .debug_info    0x0000055d      0x323 .\CortexM3\ARM_GCC_484\Debug\Cm3Start.o
 .debug_info    0x00000880      0x448 .\CortexM3\ARM_GCC_484\Debug\finalproject.a(cyfitter_cfg.o)
 .debug_info    0x00000cc8       0xd6 .\CortexM3\ARM_GCC_484\Debug\finalproject.a(red.o)
 .debug_info    0x00000d9e       0xd6 .\CortexM3\ARM_GCC_484\Debug\finalproject.a(clk.o)
 .debug_info    0x00000e74       0xd6 .\CortexM3\ARM_GCC_484\Debug\finalproject.a(CBA.o)
 .debug_info    0x00000f4a       0xd6 .\CortexM3\ARM_GCC_484\Debug\finalproject.a(Latch.o)
 .debug_info    0x00001020       0xd6 .\CortexM3\ARM_GCC_484\Debug\finalproject.a(OE.o)
 .debug_info    0x000010f6       0xd6 .\CortexM3\ARM_GCC_484\Debug\finalproject.a(blue.o)
 .debug_info    0x000011cc       0xd6 .\CortexM3\ARM_GCC_484\Debug\finalproject.a(green.o)
 .debug_info    0x000012a2      0x252 .\CortexM3\ARM_GCC_484\Debug\finalproject.a(Timer_1.o)
 .debug_info    0x000014f4      0x236 .\CortexM3\ARM_GCC_484\Debug\finalproject.a(isr_1.o)
 .debug_info    0x0000172a       0x90 .\CortexM3\ARM_GCC_484\Debug\finalproject.a(CyBootAsmGnu.o)
 .debug_info    0x000017ba      0x8b1 .\CortexM3\ARM_GCC_484\Debug\finalproject.a(CyDmac.o)
 .debug_info    0x0000206b      0xd85 .\CortexM3\ARM_GCC_484\Debug\finalproject.a(CyLib.o)
 .debug_info    0x00002df0      0x536 .\CortexM3\ARM_GCC_484\Debug\finalproject.a(cyPm.o)
 .debug_info    0x00003326       0xd6 .\CortexM3\ARM_GCC_484\Debug\finalproject.a(blue2.o)
 .debug_info    0x000033fc       0xd6 .\CortexM3\ARM_GCC_484\Debug\finalproject.a(red2.o)
 .debug_info    0x000034d2       0xd6 .\CortexM3\ARM_GCC_484\Debug\finalproject.a(green2.o)
 .debug_info    0x000035a8      0x67b .\CortexM3\ARM_GCC_484\Debug\finalproject.a(USBUART_1.o)
 .debug_info    0x00003c23      0x56f .\CortexM3\ARM_GCC_484\Debug\finalproject.a(USBUART_1_cdc.o)
 .debug_info    0x00004192      0x4ed .\CortexM3\ARM_GCC_484\Debug\finalproject.a(USBUART_1_drv.o)
 .debug_info    0x0000467f      0x1f8 .\CortexM3\ARM_GCC_484\Debug\finalproject.a(USBUART_1_episr.o)
 .debug_info    0x00004877      0x7bb .\CortexM3\ARM_GCC_484\Debug\finalproject.a(USBUART_1_std.o)
 .debug_info    0x00005032      0x177 .\CortexM3\ARM_GCC_484\Debug\finalproject.a(USBUART_1_vnd.o)
 .debug_info    0x000051a9      0x3c4 .\CortexM3\ARM_GCC_484\Debug\finalproject.a(LCD_Char.o)
 .debug_info    0x0000556d      0x112 .\CortexM3\ARM_GCC_484\Debug\finalproject.a(USBUART_1_ep3_dma.o)
 .debug_info    0x0000567f      0x112 .\CortexM3\ARM_GCC_484\Debug\finalproject.a(USBUART_1_ep2_dma.o)
 .debug_info    0x00005791      0x112 .\CortexM3\ARM_GCC_484\Debug\finalproject.a(USBUART_1_ep1_dma.o)
 .debug_info    0x000058a3      0x500 .\CortexM3\ARM_GCC_484\Debug\finalproject.a(UART_1.o)
 .debug_info    0x00005da3      0x25b .\CortexM3\ARM_GCC_484\Debug\finalproject.a(UART_1_IntClock.o)
 .debug_info    0x00005ffe      0x236 .\CortexM3\ARM_GCC_484\Debug\finalproject.a(isr_Tx.o)
 .debug_info    0x00006234      0x236 .\CortexM3\ARM_GCC_484\Debug\finalproject.a(isr_Rx.o)
 .debug_info    0x0000646a      0x36a .\CortexM3\ARM_GCC_484\Debug\finalproject.a(CyFlash.o)
 .debug_info    0x000067d4      0x456 .\CortexM3\ARM_GCC_484\Debug\finalproject.a(CySpc.o)
 .debug_info    0x00006c2a      0x19b .\CortexM3\ARM_GCC_484\Debug\finalproject.a(USBUART_1_cls.o)
 .debug_info    0x00006dc5      0x2c9 .\CortexM3\ARM_GCC_484\Debug\finalproject.a(USBUART_1_descr.o)
 .debug_info    0x0000708e      0x281 .\CortexM3\ARM_GCC_484\Debug\finalproject.a(emFile_1_ConfigMMC_SPI.o)
 .debug_info    0x0000730f      0x338 .\CortexM3\ARM_GCC_484\Debug\finalproject.a(emFile_1_MMC_HW_SPI.o)
 .debug_info    0x00007647      0x3ec .\CortexM3\ARM_GCC_484\Debug\finalproject.a(emFile_1_SPI0.o)
 .debug_info    0x00007a33      0x25b .\CortexM3\ARM_GCC_484\Debug\finalproject.a(emFile_1_Clock_1.o)
 .debug_info    0x00007c8e      0x11d .\CortexM3\ARM_GCC_484\Debug\finalproject.a(emFile_1_SPI0_CS.o)

.debug_abbrev   0x00000000     0x2cc3
 *(.debug_abbrev)
 .debug_abbrev  0x00000000      0x174 .\CortexM3\ARM_GCC_484\Debug\main.o
 .debug_abbrev  0x00000174       0x77 .\CortexM3\ARM_GCC_484\Debug\cymetadata.o
 .debug_abbrev  0x000001eb      0x1c5 .\CortexM3\ARM_GCC_484\Debug\Cm3Start.o
 .debug_abbrev  0x000003b0      0x1b7 .\CortexM3\ARM_GCC_484\Debug\finalproject.a(cyfitter_cfg.o)
 .debug_abbrev  0x00000567       0x8e .\CortexM3\ARM_GCC_484\Debug\finalproject.a(red.o)
 .debug_abbrev  0x000005f5       0x8e .\CortexM3\ARM_GCC_484\Debug\finalproject.a(clk.o)
 .debug_abbrev  0x00000683       0x8e .\CortexM3\ARM_GCC_484\Debug\finalproject.a(CBA.o)
 .debug_abbrev  0x00000711       0x8e .\CortexM3\ARM_GCC_484\Debug\finalproject.a(Latch.o)
 .debug_abbrev  0x0000079f       0x8e .\CortexM3\ARM_GCC_484\Debug\finalproject.a(OE.o)
 .debug_abbrev  0x0000082d       0x8e .\CortexM3\ARM_GCC_484\Debug\finalproject.a(blue.o)
 .debug_abbrev  0x000008bb       0x8e .\CortexM3\ARM_GCC_484\Debug\finalproject.a(green.o)
 .debug_abbrev  0x00000949      0x128 .\CortexM3\ARM_GCC_484\Debug\finalproject.a(Timer_1.o)
 .debug_abbrev  0x00000a71      0x156 .\CortexM3\ARM_GCC_484\Debug\finalproject.a(isr_1.o)
 .debug_abbrev  0x00000bc7       0x14 .\CortexM3\ARM_GCC_484\Debug\finalproject.a(CyBootAsmGnu.o)
 .debug_abbrev  0x00000bdb      0x194 .\CortexM3\ARM_GCC_484\Debug\finalproject.a(CyDmac.o)
 .debug_abbrev  0x00000d6f      0x217 .\CortexM3\ARM_GCC_484\Debug\finalproject.a(CyLib.o)
 .debug_abbrev  0x00000f86      0x16e .\CortexM3\ARM_GCC_484\Debug\finalproject.a(cyPm.o)
 .debug_abbrev  0x000010f4       0x8e .\CortexM3\ARM_GCC_484\Debug\finalproject.a(blue2.o)
 .debug_abbrev  0x00001182       0x8e .\CortexM3\ARM_GCC_484\Debug\finalproject.a(red2.o)
 .debug_abbrev  0x00001210       0x8e .\CortexM3\ARM_GCC_484\Debug\finalproject.a(green2.o)
 .debug_abbrev  0x0000129e      0x1e6 .\CortexM3\ARM_GCC_484\Debug\finalproject.a(USBUART_1.o)
 .debug_abbrev  0x00001484      0x1db .\CortexM3\ARM_GCC_484\Debug\finalproject.a(USBUART_1_cdc.o)
 .debug_abbrev  0x0000165f      0x179 .\CortexM3\ARM_GCC_484\Debug\finalproject.a(USBUART_1_drv.o)
 .debug_abbrev  0x000017d8      0x10a .\CortexM3\ARM_GCC_484\Debug\finalproject.a(USBUART_1_episr.o)
 .debug_abbrev  0x000018e2      0x1ac .\CortexM3\ARM_GCC_484\Debug\finalproject.a(USBUART_1_std.o)
 .debug_abbrev  0x00001a8e       0xc5 .\CortexM3\ARM_GCC_484\Debug\finalproject.a(USBUART_1_vnd.o)
 .debug_abbrev  0x00001b53      0x12d .\CortexM3\ARM_GCC_484\Debug\finalproject.a(LCD_Char.o)
 .debug_abbrev  0x00001c80       0x8b .\CortexM3\ARM_GCC_484\Debug\finalproject.a(USBUART_1_ep3_dma.o)
 .debug_abbrev  0x00001d0b       0x8b .\CortexM3\ARM_GCC_484\Debug\finalproject.a(USBUART_1_ep2_dma.o)
 .debug_abbrev  0x00001d96       0x8b .\CortexM3\ARM_GCC_484\Debug\finalproject.a(USBUART_1_ep1_dma.o)
 .debug_abbrev  0x00001e21      0x170 .\CortexM3\ARM_GCC_484\Debug\finalproject.a(UART_1.o)
 .debug_abbrev  0x00001f91      0x12a .\CortexM3\ARM_GCC_484\Debug\finalproject.a(UART_1_IntClock.o)
 .debug_abbrev  0x000020bb      0x156 .\CortexM3\ARM_GCC_484\Debug\finalproject.a(isr_Tx.o)
 .debug_abbrev  0x00002211      0x156 .\CortexM3\ARM_GCC_484\Debug\finalproject.a(isr_Rx.o)
 .debug_abbrev  0x00002367      0x12d .\CortexM3\ARM_GCC_484\Debug\finalproject.a(CyFlash.o)
 .debug_abbrev  0x00002494      0x179 .\CortexM3\ARM_GCC_484\Debug\finalproject.a(CySpc.o)
 .debug_abbrev  0x0000260d       0xc5 .\CortexM3\ARM_GCC_484\Debug\finalproject.a(USBUART_1_cls.o)
 .debug_abbrev  0x000026d2       0xa7 .\CortexM3\ARM_GCC_484\Debug\finalproject.a(USBUART_1_descr.o)
 .debug_abbrev  0x00002779      0x101 .\CortexM3\ARM_GCC_484\Debug\finalproject.a(emFile_1_ConfigMMC_SPI.o)
 .debug_abbrev  0x0000287a      0x11f .\CortexM3\ARM_GCC_484\Debug\finalproject.a(emFile_1_MMC_HW_SPI.o)
 .debug_abbrev  0x00002999      0x163 .\CortexM3\ARM_GCC_484\Debug\finalproject.a(emFile_1_SPI0.o)
 .debug_abbrev  0x00002afc      0x12a .\CortexM3\ARM_GCC_484\Debug\finalproject.a(emFile_1_Clock_1.o)
 .debug_abbrev  0x00002c26       0x9d .\CortexM3\ARM_GCC_484\Debug\finalproject.a(emFile_1_SPI0_CS.o)

.debug_line     0x00000000     0x429e
 *(.debug_line)
 .debug_line    0x00000000      0x376 .\CortexM3\ARM_GCC_484\Debug\main.o
 .debug_line    0x00000376       0x53 .\CortexM3\ARM_GCC_484\Debug\cymetadata.o
 .debug_line    0x000003c9      0x1c9 .\CortexM3\ARM_GCC_484\Debug\Cm3Start.o
 .debug_line    0x00000592      0x218 .\CortexM3\ARM_GCC_484\Debug\finalproject.a(cyfitter_cfg.o)
 .debug_line    0x000007aa       0x6e .\CortexM3\ARM_GCC_484\Debug\finalproject.a(red.o)
 .debug_line    0x00000818       0x6e .\CortexM3\ARM_GCC_484\Debug\finalproject.a(clk.o)
 .debug_line    0x00000886       0x6e .\CortexM3\ARM_GCC_484\Debug\finalproject.a(CBA.o)
 .debug_line    0x000008f4       0x70 .\CortexM3\ARM_GCC_484\Debug\finalproject.a(Latch.o)
 .debug_line    0x00000964       0x6d .\CortexM3\ARM_GCC_484\Debug\finalproject.a(OE.o)
 .debug_line    0x000009d1       0x6f .\CortexM3\ARM_GCC_484\Debug\finalproject.a(blue.o)
 .debug_line    0x00000a40       0x70 .\CortexM3\ARM_GCC_484\Debug\finalproject.a(green.o)
 .debug_line    0x00000ab0      0x176 .\CortexM3\ARM_GCC_484\Debug\finalproject.a(Timer_1.o)
 .debug_line    0x00000c26      0x150 .\CortexM3\ARM_GCC_484\Debug\finalproject.a(isr_1.o)
 .debug_line    0x00000d76       0x68 .\CortexM3\ARM_GCC_484\Debug\finalproject.a(CyBootAsmGnu.o)
 .debug_line    0x00000dde      0x2af .\CortexM3\ARM_GCC_484\Debug\finalproject.a(CyDmac.o)
 .debug_line    0x0000108d      0x839 .\CortexM3\ARM_GCC_484\Debug\finalproject.a(CyLib.o)
 .debug_line    0x000018c6      0x366 .\CortexM3\ARM_GCC_484\Debug\finalproject.a(cyPm.o)
 .debug_line    0x00001c2c       0x70 .\CortexM3\ARM_GCC_484\Debug\finalproject.a(blue2.o)
 .debug_line    0x00001c9c       0x6f .\CortexM3\ARM_GCC_484\Debug\finalproject.a(red2.o)
 .debug_line    0x00001d0b       0x71 .\CortexM3\ARM_GCC_484\Debug\finalproject.a(green2.o)
 .debug_line    0x00001d7c      0x318 .\CortexM3\ARM_GCC_484\Debug\finalproject.a(USBUART_1.o)
 .debug_line    0x00002094      0x23e .\CortexM3\ARM_GCC_484\Debug\finalproject.a(USBUART_1_cdc.o)
 .debug_line    0x000022d2      0x221 .\CortexM3\ARM_GCC_484\Debug\finalproject.a(USBUART_1_drv.o)
 .debug_line    0x000024f3      0x11e .\CortexM3\ARM_GCC_484\Debug\finalproject.a(USBUART_1_episr.o)
 .debug_line    0x00002611      0x40b .\CortexM3\ARM_GCC_484\Debug\finalproject.a(USBUART_1_std.o)
 .debug_line    0x00002a1c       0x97 .\CortexM3\ARM_GCC_484\Debug\finalproject.a(USBUART_1_vnd.o)
 .debug_line    0x00002ab3      0x1f4 .\CortexM3\ARM_GCC_484\Debug\finalproject.a(LCD_Char.o)
 .debug_line    0x00002ca7       0x82 .\CortexM3\ARM_GCC_484\Debug\finalproject.a(USBUART_1_ep3_dma.o)
 .debug_line    0x00002d29       0x82 .\CortexM3\ARM_GCC_484\Debug\finalproject.a(USBUART_1_ep2_dma.o)
 .debug_line    0x00002dab       0x82 .\CortexM3\ARM_GCC_484\Debug\finalproject.a(USBUART_1_ep1_dma.o)
 .debug_line    0x00002e2d      0x2ee .\CortexM3\ARM_GCC_484\Debug\finalproject.a(UART_1.o)
 .debug_line    0x0000311b      0x1a7 .\CortexM3\ARM_GCC_484\Debug\finalproject.a(UART_1_IntClock.o)
 .debug_line    0x000032c2      0x151 .\CortexM3\ARM_GCC_484\Debug\finalproject.a(isr_Tx.o)
 .debug_line    0x00003413      0x151 .\CortexM3\ARM_GCC_484\Debug\finalproject.a(isr_Rx.o)
 .debug_line    0x00003564      0x217 .\CortexM3\ARM_GCC_484\Debug\finalproject.a(CyFlash.o)
 .debug_line    0x0000377b      0x20c .\CortexM3\ARM_GCC_484\Debug\finalproject.a(CySpc.o)
 .debug_line    0x00003987       0xa1 .\CortexM3\ARM_GCC_484\Debug\finalproject.a(USBUART_1_cls.o)
 .debug_line    0x00003a28       0x67 .\CortexM3\ARM_GCC_484\Debug\finalproject.a(USBUART_1_descr.o)
 .debug_line    0x00003a8f       0xb9 .\CortexM3\ARM_GCC_484\Debug\finalproject.a(emFile_1_ConfigMMC_SPI.o)
 .debug_line    0x00003b48      0x296 .\CortexM3\ARM_GCC_484\Debug\finalproject.a(emFile_1_MMC_HW_SPI.o)
 .debug_line    0x00003dde      0x277 .\CortexM3\ARM_GCC_484\Debug\finalproject.a(emFile_1_SPI0.o)
 .debug_line    0x00004055      0x1a8 .\CortexM3\ARM_GCC_484\Debug\finalproject.a(emFile_1_Clock_1.o)
 .debug_line    0x000041fd       0xa1 .\CortexM3\ARM_GCC_484\Debug\finalproject.a(emFile_1_SPI0_CS.o)

.debug_frame    0x00000000     0x39ec
 *(.debug_frame)
 .debug_frame   0x00000000       0xe4 .\CortexM3\ARM_GCC_484\Debug\main.o
 .debug_frame   0x000000e4       0xc4 .\CortexM3\ARM_GCC_484\Debug\Cm3Start.o
 .debug_frame   0x000001a8      0x120 .\CortexM3\ARM_GCC_484\Debug\finalproject.a(cyfitter_cfg.o)
 .debug_frame   0x000002c8       0x48 .\CortexM3\ARM_GCC_484\Debug\finalproject.a(red.o)
 .debug_frame   0x00000310       0x48 .\CortexM3\ARM_GCC_484\Debug\finalproject.a(clk.o)
 .debug_frame   0x00000358       0x48 .\CortexM3\ARM_GCC_484\Debug\finalproject.a(CBA.o)
 .debug_frame   0x000003a0       0x48 .\CortexM3\ARM_GCC_484\Debug\finalproject.a(Latch.o)
 .debug_frame   0x000003e8       0x48 .\CortexM3\ARM_GCC_484\Debug\finalproject.a(OE.o)
 .debug_frame   0x00000430       0x48 .\CortexM3\ARM_GCC_484\Debug\finalproject.a(blue.o)
 .debug_frame   0x00000478       0x48 .\CortexM3\ARM_GCC_484\Debug\finalproject.a(green.o)
 .debug_frame   0x000004c0      0x1b8 .\CortexM3\ARM_GCC_484\Debug\finalproject.a(Timer_1.o)
 .debug_frame   0x00000678      0x180 .\CortexM3\ARM_GCC_484\Debug\finalproject.a(isr_1.o)
 .debug_frame   0x000007f8      0x2c0 .\CortexM3\ARM_GCC_484\Debug\finalproject.a(CyDmac.o)
 .debug_frame   0x00000ab8      0x924 .\CortexM3\ARM_GCC_484\Debug\finalproject.a(CyLib.o)
 .debug_frame   0x000013dc      0x1d0 .\CortexM3\ARM_GCC_484\Debug\finalproject.a(cyPm.o)
 .debug_frame   0x000015ac       0x48 .\CortexM3\ARM_GCC_484\Debug\finalproject.a(blue2.o)
 .debug_frame   0x000015f4       0x48 .\CortexM3\ARM_GCC_484\Debug\finalproject.a(red2.o)
 .debug_frame   0x0000163c       0x48 .\CortexM3\ARM_GCC_484\Debug\finalproject.a(green2.o)
 .debug_frame   0x00001684      0x280 .\CortexM3\ARM_GCC_484\Debug\finalproject.a(USBUART_1.o)
 .debug_frame   0x00001904      0x248 .\CortexM3\ARM_GCC_484\Debug\finalproject.a(USBUART_1_cdc.o)
 .debug_frame   0x00001b4c      0x1e0 .\CortexM3\ARM_GCC_484\Debug\finalproject.a(USBUART_1_drv.o)
 .debug_frame   0x00001d2c       0xb8 .\CortexM3\ARM_GCC_484\Debug\finalproject.a(USBUART_1_episr.o)
 .debug_frame   0x00001de4      0x180 .\CortexM3\ARM_GCC_484\Debug\finalproject.a(USBUART_1_std.o)
 .debug_frame   0x00001f64       0x30 .\CortexM3\ARM_GCC_484\Debug\finalproject.a(USBUART_1_vnd.o)
 .debug_frame   0x00001f94      0x200 .\CortexM3\ARM_GCC_484\Debug\finalproject.a(LCD_Char.o)
 .debug_frame   0x00002194       0x4c .\CortexM3\ARM_GCC_484\Debug\finalproject.a(USBUART_1_ep3_dma.o)
 .debug_frame   0x000021e0       0x4c .\CortexM3\ARM_GCC_484\Debug\finalproject.a(USBUART_1_ep2_dma.o)
 .debug_frame   0x0000222c       0x4c .\CortexM3\ARM_GCC_484\Debug\finalproject.a(USBUART_1_ep1_dma.o)
 .debug_frame   0x00002278      0x328 .\CortexM3\ARM_GCC_484\Debug\finalproject.a(UART_1.o)
 .debug_frame   0x000025a0      0x14c .\CortexM3\ARM_GCC_484\Debug\finalproject.a(UART_1_IntClock.o)
 .debug_frame   0x000026ec      0x180 .\CortexM3\ARM_GCC_484\Debug\finalproject.a(isr_Tx.o)
 .debug_frame   0x0000286c      0x180 .\CortexM3\ARM_GCC_484\Debug\finalproject.a(isr_Rx.o)
 .debug_frame   0x000029ec      0x1a8 .\CortexM3\ARM_GCC_484\Debug\finalproject.a(CyFlash.o)
 .debug_frame   0x00002b94      0x174 .\CortexM3\ARM_GCC_484\Debug\finalproject.a(CySpc.o)
 .debug_frame   0x00002d08       0x30 .\CortexM3\ARM_GCC_484\Debug\finalproject.a(USBUART_1_cls.o)
 .debug_frame   0x00002d38       0x48 .\CortexM3\ARM_GCC_484\Debug\finalproject.a(emFile_1_ConfigMMC_SPI.o)
 .debug_frame   0x00002d80      0x14c .\CortexM3\ARM_GCC_484\Debug\finalproject.a(emFile_1_MMC_HW_SPI.o)
 .debug_frame   0x00002ecc      0x2c4 .\CortexM3\ARM_GCC_484\Debug\finalproject.a(emFile_1_SPI0.o)
 .debug_frame   0x00003190      0x14c .\CortexM3\ARM_GCC_484\Debug\finalproject.a(emFile_1_Clock_1.o)
 .debug_frame   0x000032dc       0x80 .\CortexM3\ARM_GCC_484\Debug\finalproject.a(emFile_1_SPI0_CS.o)
 .debug_frame   0x0000335c       0x20 c:/program files/cypress/psoc creator/3.1/psoc creator/import/gnu_cs/arm/4.8.4/bin/../lib/gcc/arm-none-eabi/4.8.4/../../../../arm-none-eabi/lib/armv7-m\libg_s.a(lib_a-errno.o)
 .debug_frame   0x0000337c       0x28 c:/program files/cypress/psoc creator/3.1/psoc creator/import/gnu_cs/arm/4.8.4/bin/../lib/gcc/arm-none-eabi/4.8.4/../../../../arm-none-eabi/lib/armv7-m\libg_s.a(lib_a-exit.o)
 .debug_frame   0x000033a4       0x2c c:/program files/cypress/psoc creator/3.1/psoc creator/import/gnu_cs/arm/4.8.4/bin/../lib/gcc/arm-none-eabi/4.8.4/../../../../arm-none-eabi/lib/armv7-m\libg_s.a(lib_a-init.o)
 .debug_frame   0x000033d0       0x2c c:/program files/cypress/psoc creator/3.1/psoc creator/import/gnu_cs/arm/4.8.4/bin/../lib/gcc/arm-none-eabi/4.8.4/../../../../arm-none-eabi/lib/armv7-m\libg_s.a(lib_a-memcmp.o)
 .debug_frame   0x000033fc       0x28 c:/program files/cypress/psoc creator/3.1/psoc creator/import/gnu_cs/arm/4.8.4/bin/../lib/gcc/arm-none-eabi/4.8.4/../../../../arm-none-eabi/lib/armv7-m\libg_s.a(lib_a-memcpy-stub.o)
 .debug_frame   0x00003424       0x20 c:/program files/cypress/psoc creator/3.1/psoc creator/import/gnu_cs/arm/4.8.4/bin/../lib/gcc/arm-none-eabi/4.8.4/../../../../arm-none-eabi/lib/armv7-m\libg_s.a(lib_a-memset.o)
 .debug_frame   0x00003444       0x20 c:/program files/cypress/psoc creator/3.1/psoc creator/import/gnu_cs/arm/4.8.4/bin/../lib/gcc/arm-none-eabi/4.8.4/../../../../arm-none-eabi/lib/armv7-m\libg_s.a(lib_a-strlen.o)
 .debug_frame   0x00003464       0x28 c:/program files/cypress/psoc creator/3.1/psoc creator/import/gnu_cs/arm/4.8.4/bin/../lib/gcc/arm-none-eabi/4.8.4/../../../../arm-none-eabi/lib/armv7-m\libg_s.a(lib_a-strncpy.o)
 .debug_frame   0x0000348c       0x80 c:/program files/cypress/psoc creator/3.1/psoc creator/import/gnu_cs/arm/4.8.4/bin/../lib/gcc/arm-none-eabi/4.8.4/../../../../arm-none-eabi/lib/armv7-m\libg_s.a(lib_a-vfprintf_float.o)
 .debug_frame   0x0000350c       0x60 c:/program files/cypress/psoc creator/3.1/psoc creator/import/gnu_cs/arm/4.8.4/bin/../lib/gcc/arm-none-eabi/4.8.4/../../../../arm-none-eabi/lib/armv7-m\libg_s.a(lib_a-vfprintf_i.o)
 .debug_frame   0x0000356c       0x68 c:/program files/cypress/psoc creator/3.1/psoc creator/import/gnu_cs/arm/4.8.4/bin/../lib/gcc/arm-none-eabi/4.8.4/../../../../arm-none-eabi/lib/armv7-m\libg_s.a(lib_a-dtoa.o)
 .debug_frame   0x000035d4       0x98 c:/program files/cypress/psoc creator/3.1/psoc creator/import/gnu_cs/arm/4.8.4/bin/../lib/gcc/arm-none-eabi/4.8.4/../../../../arm-none-eabi/lib/armv7-m\libg_s.a(lib_a-locale.o)
 .debug_frame   0x0000366c       0x30 c:/program files/cypress/psoc creator/3.1/psoc creator/import/gnu_cs/arm/4.8.4/bin/../lib/gcc/arm-none-eabi/4.8.4/../../../../arm-none-eabi/lib/armv7-m\libg_s.a(lib_a-malloc.o)
 .debug_frame   0x0000369c      0x230 c:/program files/cypress/psoc creator/3.1/psoc creator/import/gnu_cs/arm/4.8.4/bin/../lib/gcc/arm-none-eabi/4.8.4/../../../../arm-none-eabi/lib/armv7-m\libg_s.a(lib_a-mprec.o)
 .debug_frame   0x000038cc       0x2c c:/program files/cypress/psoc creator/3.1/psoc creator/import/gnu_cs/arm/4.8.4/bin/../lib/gcc/arm-none-eabi/4.8.4/../../../../arm-none-eabi/lib/armv7-m\libg_s.a(lib_a-nano-callocr.o)
 .debug_frame   0x000038f8       0x2c c:/program files/cypress/psoc creator/3.1/psoc creator/import/gnu_cs/arm/4.8.4/bin/../lib/gcc/arm-none-eabi/4.8.4/../../../../arm-none-eabi/lib/armv7-m\libg_s.a(lib_a-nano-freer.o)
 .debug_frame   0x00003924       0x2c c:/program files/cypress/psoc creator/3.1/psoc creator/import/gnu_cs/arm/4.8.4/bin/../lib/gcc/arm-none-eabi/4.8.4/../../../../arm-none-eabi/lib/armv7-m\libg_s.a(lib_a-nano-mallocr.o)
 .debug_frame   0x00003950       0x28 c:/program files/cypress/psoc creator/3.1/psoc creator/import/gnu_cs/arm/4.8.4/bin/../lib/gcc/arm-none-eabi/4.8.4/../../../../arm-none-eabi/lib/armv7-m\libg_s.a(lib_a-s_fpclassify.o)
 .debug_frame   0x00003978       0x2c c:/program files/cypress/psoc creator/3.1/psoc creator/import/gnu_cs/arm/4.8.4/bin/../lib/gcc/arm-none-eabi/4.8.4/../../../../arm-none-eabi/lib/armv7-m\libg_s.a(lib_a-sbrkr.o)
 .debug_frame   0x000039a4       0x48 c:/program files/cypress/psoc creator/3.1/psoc creator/import/gnu_cs/arm/4.8.4/bin/../lib/gcc/arm-none-eabi/4.8.4/../../../../arm-none-eabi/lib/armv7-m\libg_s.a(lib_a-reent.o)

.debug_str      0x00000000     0x39fc
 *(.debug_str)
 .debug_str     0x00000000      0x25d .\CortexM3\ARM_GCC_484\Debug\main.o
                                0x2a3 (size before relaxing)
 .debug_str     0x0000025d       0x77 .\CortexM3\ARM_GCC_484\Debug\cymetadata.o
                                0x1d8 (size before relaxing)
 .debug_str     0x000002d4      0x133 .\CortexM3\ARM_GCC_484\Debug\Cm3Start.o
                                0x2b9 (size before relaxing)
 .debug_str     0x00000407      0x186 .\CortexM3\ARM_GCC_484\Debug\finalproject.a(cyfitter_cfg.o)
                                0x31a (size before relaxing)
 .debug_str     0x0000058d       0x3a .\CortexM3\ARM_GCC_484\Debug\finalproject.a(red.o)
                                0x197 (size before relaxing)
 .debug_str     0x000005c7       0x32 .\CortexM3\ARM_GCC_484\Debug\finalproject.a(clk.o)
                                0x197 (size before relaxing)
 .debug_str     0x000005f9       0x32 .\CortexM3\ARM_GCC_484\Debug\finalproject.a(CBA.o)
                                0x197 (size before relaxing)
 .debug_str     0x0000062b       0x38 .\CortexM3\ARM_GCC_484\Debug\finalproject.a(Latch.o)
                                0x19d (size before relaxing)
 .debug_str     0x00000663       0x2f .\CortexM3\ARM_GCC_484\Debug\finalproject.a(OE.o)
                                0x194 (size before relaxing)
 .debug_str     0x00000692       0x35 .\CortexM3\ARM_GCC_484\Debug\finalproject.a(blue.o)
                                0x19a (size before relaxing)
 .debug_str     0x000006c7       0x38 .\CortexM3\ARM_GCC_484\Debug\finalproject.a(green.o)
                                0x19d (size before relaxing)
 .debug_str     0x000006ff      0x199 .\CortexM3\ARM_GCC_484\Debug\finalproject.a(Timer_1.o)
                                0x314 (size before relaxing)
 .debug_str     0x00000898      0x100 .\CortexM3\ARM_GCC_484\Debug\finalproject.a(isr_1.o)
                                0x288 (size before relaxing)
 .debug_str     0x00000998      0x351 .\CortexM3\ARM_GCC_484\Debug\finalproject.a(CyDmac.o)
                                0x4ff (size before relaxing)
 .debug_str     0x00000ce9      0x77e .\CortexM3\ARM_GCC_484\Debug\finalproject.a(CyLib.o)
                                0x979 (size before relaxing)
 .debug_str     0x00001467      0x371 .\CortexM3\ARM_GCC_484\Debug\finalproject.a(cyPm.o)
                                0x509 (size before relaxing)
 .debug_str     0x000017d8       0x38 .\CortexM3\ARM_GCC_484\Debug\finalproject.a(blue2.o)
                                0x19d (size before relaxing)
 .debug_str     0x00001810       0x35 .\CortexM3\ARM_GCC_484\Debug\finalproject.a(red2.o)
                                0x19a (size before relaxing)
 .debug_str     0x00001845       0x3b .\CortexM3\ARM_GCC_484\Debug\finalproject.a(green2.o)
                                0x1a0 (size before relaxing)
 .debug_str     0x00001880      0x3bf .\CortexM3\ARM_GCC_484\Debug\finalproject.a(USBUART_1.o)
                                0x55c (size before relaxing)
 .debug_str     0x00001c3f      0x2e3 .\CortexM3\ARM_GCC_484\Debug\finalproject.a(USBUART_1_cdc.o)
                                0x50c (size before relaxing)
 .debug_str     0x00001f22      0x2c0 .\CortexM3\ARM_GCC_484\Debug\finalproject.a(USBUART_1_drv.o)
                                0x60b (size before relaxing)
 .debug_str     0x000021e2       0xb5 .\CortexM3\ARM_GCC_484\Debug\finalproject.a(USBUART_1_episr.o)
                                0x299 (size before relaxing)
 .debug_str     0x00002297      0x2eb .\CortexM3\ARM_GCC_484\Debug\finalproject.a(USBUART_1_std.o)
                                0x694 (size before relaxing)
 .debug_str     0x00002582       0x67 .\CortexM3\ARM_GCC_484\Debug\finalproject.a(USBUART_1_vnd.o)
                                0x24b (size before relaxing)
 .debug_str     0x000025e9      0x1c1 .\CortexM3\ARM_GCC_484\Debug\finalproject.a(LCD_Char.o)
                                0x35f (size before relaxing)
 .debug_str     0x000027aa       0xb5 .\CortexM3\ARM_GCC_484\Debug\finalproject.a(USBUART_1_ep3_dma.o)
                                0x21d (size before relaxing)
 .debug_str     0x0000285f       0x7a .\CortexM3\ARM_GCC_484\Debug\finalproject.a(USBUART_1_ep2_dma.o)
                                0x21d (size before relaxing)
 .debug_str     0x000028d9       0x7a .\CortexM3\ARM_GCC_484\Debug\finalproject.a(USBUART_1_ep1_dma.o)
                                0x21d (size before relaxing)
 .debug_str     0x00002953      0x200 .\CortexM3\ARM_GCC_484\Debug\finalproject.a(UART_1.o)
                                0x43d (size before relaxing)
 .debug_str     0x00002b53      0x1c4 .\CortexM3\ARM_GCC_484\Debug\finalproject.a(UART_1_IntClock.o)
                                0x33c (size before relaxing)
 .debug_str     0x00002d17       0xf6 .\CortexM3\ARM_GCC_484\Debug\finalproject.a(isr_Tx.o)
                                0x296 (size before relaxing)
 .debug_str     0x00002e0d       0xf6 .\CortexM3\ARM_GCC_484\Debug\finalproject.a(isr_Rx.o)
                                0x296 (size before relaxing)
 .debug_str     0x00002f03      0x147 .\CortexM3\ARM_GCC_484\Debug\finalproject.a(CyFlash.o)
                                0x2d8 (size before relaxing)
 .debug_str     0x0000304a      0x121 .\CortexM3\ARM_GCC_484\Debug\finalproject.a(CySpc.o)
                                0x2d5 (size before relaxing)
 .debug_str     0x0000316b       0x45 .\CortexM3\ARM_GCC_484\Debug\finalproject.a(USBUART_1_cls.o)
                                0x261 (size before relaxing)
 .debug_str     0x000031b0      0x114 .\CortexM3\ARM_GCC_484\Debug\finalproject.a(USBUART_1_descr.o)
                                0x392 (size before relaxing)
 .debug_str     0x000032c4       0xe3 .\CortexM3\ARM_GCC_484\Debug\finalproject.a(emFile_1_ConfigMMC_SPI.o)
                                0x23e (size before relaxing)
 .debug_str     0x000033a7      0x150 .\CortexM3\ARM_GCC_484\Debug\finalproject.a(emFile_1_MMC_HW_SPI.o)
                                0x2e7 (size before relaxing)
 .debug_str     0x000034f7      0x2e1 .\CortexM3\ARM_GCC_484\Debug\finalproject.a(emFile_1_SPI0.o)
                                0x496 (size before relaxing)
 .debug_str     0x000037d8      0x185 .\CortexM3\ARM_GCC_484\Debug\finalproject.a(emFile_1_Clock_1.o)
                                0x348 (size before relaxing)
 .debug_str     0x0000395d       0x9f .\CortexM3\ARM_GCC_484\Debug\finalproject.a(emFile_1_SPI0_CS.o)
                                0x207 (size before relaxing)

.debug_loc
 *(.debug_loc)

.debug_macinfo
 *(.debug_macinfo)

.debug_ranges   0x00000000      0xe90
 *(.debug_ranges)
 .debug_ranges  0x00000000       0x40 .\CortexM3\ARM_GCC_484\Debug\main.o
 .debug_ranges  0x00000040       0x38 .\CortexM3\ARM_GCC_484\Debug\Cm3Start.o
 .debug_ranges  0x00000078       0x50 .\CortexM3\ARM_GCC_484\Debug\finalproject.a(cyfitter_cfg.o)
 .debug_ranges  0x000000c8       0x18 .\CortexM3\ARM_GCC_484\Debug\finalproject.a(red.o)
 .debug_ranges  0x000000e0       0x18 .\CortexM3\ARM_GCC_484\Debug\finalproject.a(clk.o)
 .debug_ranges  0x000000f8       0x18 .\CortexM3\ARM_GCC_484\Debug\finalproject.a(CBA.o)
 .debug_ranges  0x00000110       0x18 .\CortexM3\ARM_GCC_484\Debug\finalproject.a(Latch.o)
 .debug_ranges  0x00000128       0x18 .\CortexM3\ARM_GCC_484\Debug\finalproject.a(OE.o)
 .debug_ranges  0x00000140       0x18 .\CortexM3\ARM_GCC_484\Debug\finalproject.a(blue.o)
 .debug_ranges  0x00000158       0x18 .\CortexM3\ARM_GCC_484\Debug\finalproject.a(green.o)
 .debug_ranges  0x00000170       0x80 .\CortexM3\ARM_GCC_484\Debug\finalproject.a(Timer_1.o)
 .debug_ranges  0x000001f0       0x70 .\CortexM3\ARM_GCC_484\Debug\finalproject.a(isr_1.o)
 .debug_ranges  0x00000260       0xc8 .\CortexM3\ARM_GCC_484\Debug\finalproject.a(CyDmac.o)
 .debug_ranges  0x00000328      0x280 .\CortexM3\ARM_GCC_484\Debug\finalproject.a(CyLib.o)
 .debug_ranges  0x000005a8       0x80 .\CortexM3\ARM_GCC_484\Debug\finalproject.a(cyPm.o)
 .debug_ranges  0x00000628       0x18 .\CortexM3\ARM_GCC_484\Debug\finalproject.a(blue2.o)
 .debug_ranges  0x00000640       0x18 .\CortexM3\ARM_GCC_484\Debug\finalproject.a(red2.o)
 .debug_ranges  0x00000658       0x18 .\CortexM3\ARM_GCC_484\Debug\finalproject.a(green2.o)
 .debug_ranges  0x00000670       0xb0 .\CortexM3\ARM_GCC_484\Debug\finalproject.a(USBUART_1.o)
 .debug_ranges  0x00000720       0xa0 .\CortexM3\ARM_GCC_484\Debug\finalproject.a(USBUART_1_cdc.o)
 .debug_ranges  0x000007c0       0x88 .\CortexM3\ARM_GCC_484\Debug\finalproject.a(USBUART_1_drv.o)
 .debug_ranges  0x00000848       0x38 .\CortexM3\ARM_GCC_484\Debug\finalproject.a(USBUART_1_episr.o)
 .debug_ranges  0x00000880       0x68 .\CortexM3\ARM_GCC_484\Debug\finalproject.a(USBUART_1_std.o)
 .debug_ranges  0x000008e8       0x10 .\CortexM3\ARM_GCC_484\Debug\finalproject.a(USBUART_1_vnd.o)
 .debug_ranges  0x000008f8       0x88 .\CortexM3\ARM_GCC_484\Debug\finalproject.a(LCD_Char.o)
 .debug_ranges  0x00000980       0x18 .\CortexM3\ARM_GCC_484\Debug\finalproject.a(USBUART_1_ep3_dma.o)
 .debug_ranges  0x00000998       0x18 .\CortexM3\ARM_GCC_484\Debug\finalproject.a(USBUART_1_ep2_dma.o)
 .debug_ranges  0x000009b0       0x18 .\CortexM3\ARM_GCC_484\Debug\finalproject.a(USBUART_1_ep1_dma.o)
 .debug_ranges  0x000009c8       0xe0 .\CortexM3\ARM_GCC_484\Debug\finalproject.a(UART_1.o)
 .debug_ranges  0x00000aa8       0x60 .\CortexM3\ARM_GCC_484\Debug\finalproject.a(UART_1_IntClock.o)
 .debug_ranges  0x00000b08       0x70 .\CortexM3\ARM_GCC_484\Debug\finalproject.a(isr_Tx.o)
 .debug_ranges  0x00000b78       0x70 .\CortexM3\ARM_GCC_484\Debug\finalproject.a(isr_Rx.o)
 .debug_ranges  0x00000be8       0x70 .\CortexM3\ARM_GCC_484\Debug\finalproject.a(CyFlash.o)
 .debug_ranges  0x00000c58       0x68 .\CortexM3\ARM_GCC_484\Debug\finalproject.a(CySpc.o)
 .debug_ranges  0x00000cc0       0x10 .\CortexM3\ARM_GCC_484\Debug\finalproject.a(USBUART_1_cls.o)
 .debug_ranges  0x00000cd0       0x18 .\CortexM3\ARM_GCC_484\Debug\finalproject.a(emFile_1_ConfigMMC_SPI.o)
 .debug_ranges  0x00000ce8       0x58 .\CortexM3\ARM_GCC_484\Debug\finalproject.a(emFile_1_MMC_HW_SPI.o)
 .debug_ranges  0x00000d40       0xc8 .\CortexM3\ARM_GCC_484\Debug\finalproject.a(emFile_1_SPI0.o)
 .debug_ranges  0x00000e08       0x60 .\CortexM3\ARM_GCC_484\Debug\finalproject.a(emFile_1_Clock_1.o)
 .debug_ranges  0x00000e68       0x28 .\CortexM3\ARM_GCC_484\Debug\finalproject.a(emFile_1_SPI0_CS.o)

.comment        0x00000000      0x3a1
 .comment       0x00000000       0x70 .\CortexM3\ARM_GCC_484\Debug\main.o
                                 0x71 (size before relaxing)
 .comment       0x00000000       0x71 .\CortexM3\ARM_GCC_484\Debug\cymetadata.o
 .comment       0x00000000       0x71 .\CortexM3\ARM_GCC_484\Debug\Cm3Start.o
 .comment       0x00000000       0x71 .\CortexM3\ARM_GCC_484\Debug\finalproject.a(cyfitter_cfg.o)
 .comment       0x00000000       0x71 .\CortexM3\ARM_GCC_484\Debug\finalproject.a(red.o)
 .comment       0x00000000       0x71 .\CortexM3\ARM_GCC_484\Debug\finalproject.a(clk.o)
 .comment       0x00000000       0x71 .\CortexM3\ARM_GCC_484\Debug\finalproject.a(CBA.o)
 .comment       0x00000000       0x71 .\CortexM3\ARM_GCC_484\Debug\finalproject.a(Latch.o)
 .comment       0x00000000       0x71 .\CortexM3\ARM_GCC_484\Debug\finalproject.a(OE.o)
 .comment       0x00000000       0x71 .\CortexM3\ARM_GCC_484\Debug\finalproject.a(blue.o)
 .comment       0x00000000       0x71 .\CortexM3\ARM_GCC_484\Debug\finalproject.a(green.o)
 .comment       0x00000000       0x71 .\CortexM3\ARM_GCC_484\Debug\finalproject.a(Timer_1.o)
 .comment       0x00000000       0x71 .\CortexM3\ARM_GCC_484\Debug\finalproject.a(isr_1.o)
 .comment       0x00000000       0x71 .\CortexM3\ARM_GCC_484\Debug\finalproject.a(CyDmac.o)
 .comment       0x00000000       0x71 .\CortexM3\ARM_GCC_484\Debug\finalproject.a(CyLib.o)
 .comment       0x00000000       0x71 .\CortexM3\ARM_GCC_484\Debug\finalproject.a(cyPm.o)
 .comment       0x00000000       0x71 .\CortexM3\ARM_GCC_484\Debug\finalproject.a(blue2.o)
 .comment       0x00000000       0x71 .\CortexM3\ARM_GCC_484\Debug\finalproject.a(red2.o)
 .comment       0x00000000       0x71 .\CortexM3\ARM_GCC_484\Debug\finalproject.a(green2.o)
 .comment       0x00000000       0x71 .\CortexM3\ARM_GCC_484\Debug\finalproject.a(USBUART_1.o)
 .comment       0x00000000       0x71 .\CortexM3\ARM_GCC_484\Debug\finalproject.a(USBUART_1_cdc.o)
 .comment       0x00000000       0x71 .\CortexM3\ARM_GCC_484\Debug\finalproject.a(USBUART_1_drv.o)
 .comment       0x00000000       0x71 .\CortexM3\ARM_GCC_484\Debug\finalproject.a(USBUART_1_episr.o)
 .comment       0x00000000       0x71 .\CortexM3\ARM_GCC_484\Debug\finalproject.a(USBUART_1_std.o)
 .comment       0x00000000       0x71 .\CortexM3\ARM_GCC_484\Debug\finalproject.a(USBUART_1_vnd.o)
 .comment       0x00000000       0x71 .\CortexM3\ARM_GCC_484\Debug\finalproject.a(LCD_Char.o)
 .comment       0x00000000       0x71 .\CortexM3\ARM_GCC_484\Debug\finalproject.a(USBUART_1_ep3_dma.o)
 .comment       0x00000000       0x71 .\CortexM3\ARM_GCC_484\Debug\finalproject.a(USBUART_1_ep2_dma.o)
 .comment       0x00000000       0x71 .\CortexM3\ARM_GCC_484\Debug\finalproject.a(USBUART_1_ep1_dma.o)
 .comment       0x00000000       0x71 .\CortexM3\ARM_GCC_484\Debug\finalproject.a(UART_1.o)
 .comment       0x00000000       0x71 .\CortexM3\ARM_GCC_484\Debug\finalproject.a(UART_1_IntClock.o)
 .comment       0x00000000       0x71 .\CortexM3\ARM_GCC_484\Debug\finalproject.a(isr_Tx.o)
 .comment       0x00000000       0x71 .\CortexM3\ARM_GCC_484\Debug\finalproject.a(isr_Rx.o)
 .comment       0x00000000       0x71 .\CortexM3\ARM_GCC_484\Debug\finalproject.a(CyFlash.o)
 .comment       0x00000000       0x71 .\CortexM3\ARM_GCC_484\Debug\finalproject.a(CySpc.o)
 .comment       0x00000000       0x71 .\CortexM3\ARM_GCC_484\Debug\finalproject.a(USBUART_1_cls.o)
 .comment       0x00000000       0x71 .\CortexM3\ARM_GCC_484\Debug\finalproject.a(USBUART_1_descr.o)
 .comment       0x00000070       0x2b .\emFile_V322c\LinkLibrary\PSoC5\GCC\libemf32nosnlfn.a(FS_Misc.o)